10:29:17 **** Incremental Build of configuration Debug for project xmc48_ecatslave ****
"\"C:\\DAVEv4-64Bit\\DAVE-4.3.2\\eclipse\\ARM-GCC-49\\bin\\make\"" --output-sync -j4 pre-build main-build 
copy "..\xmc4800_slave.bin" sii_eeprom.bin & "C:\DAVEv4-64Bit\DAVE-4.3.2\eclipse\ARM-GCC-49/bin/arm-none-eabi-objcopy.exe" -I binary -O elf32-littlearm -B arm sii_eeprom.bin sii_eeprom.o
        1 file(s) copied.

'Building target: xmc48_ecatslave.elf'
'Invoking: ARM-GCC C Linker'
"C:/DAVEv4-64Bit/DAVE-4.3.2/eclipse/ARM-GCC-49/bin/arm-none-eabi-gcc" -T"../linker_script.ld" -nostartfiles -Xlinker --gc-sections -specs=nosys.specs -L"C:\Workspaces\SOES-SAMPLE\soes\Debug" -Wl,-Map,"xmc48_ecatslave.map" -mfloat-abi=softfp -mfpu=fpv4-sp-d16 -mcpu=cortex-m4 -mthumb -g -gdwarf-2 -o "xmc48_ecatslave.elf" "@objects.rsp" sii_eeprom.o -lm -lsoes
'Finished building target: xmc48_ecatslave.elf'

'Invoking: ARM-GCC Create Flash Image'
"C:/DAVEv4-64Bit/DAVE-4.3.2/eclipse/ARM-GCC-49/bin/arm-none-eabi-objcopy" -O ihex "xmc48_ecatslave.elf" "xmc48_ecatslave.hex"
'Finished building: xmc48_ecatslave.hex'

'Invoking: ARM-GCC Print Size'
"C:/DAVEv4-64Bit/DAVE-4.3.2/eclipse/ARM-GCC-49/bin/arm-none-eabi-size" --format=berkeley "xmc48_ecatslave.elf"
   text	   data	    bss	    dec	    hex	filename
  22028	    372	  10832	  33232	   81d0	xmc48_ecatslave.elf
'Finished building: xmc48_ecatslave.siz'

'Invoking: ARM-GCC Create Listing'
"C:/DAVEv4-64Bit/DAVE-4.3.2/eclipse/ARM-GCC-49/bin/arm-none-eabi-objdump" -h -S "xmc48_ecatslave.elf" > "xmc48_ecatslave.lst"
'Finished building: xmc48_ecatslave.lst'


10:29:18 Build Finished (took 1s.572ms)

