Archive member included because of file (symbol)

c:/program files/dave-ide-4.4.2-64bit/eclipse/arm-gcc-49/bin/../lib/gcc/arm-none-eabi/4.9.3/armv7e-m/softfp\libgcc.a(_aeabi_uldivmod.o)
                              ./Dave/Generated/TIMER/timer.o (__aeabi_uldivmod)
c:/program files/dave-ide-4.4.2-64bit/eclipse/arm-gcc-49/bin/../lib/gcc/arm-none-eabi/4.9.3/armv7e-m/softfp\libgcc.a(bpabi.o)
                              c:/program files/dave-ide-4.4.2-64bit/eclipse/arm-gcc-49/bin/../lib/gcc/arm-none-eabi/4.9.3/armv7e-m/softfp\libgcc.a(_aeabi_uldivmod.o) (__gnu_uldivmod_helper)
c:/program files/dave-ide-4.4.2-64bit/eclipse/arm-gcc-49/bin/../lib/gcc/arm-none-eabi/4.9.3/armv7e-m/softfp\libgcc.a(_dvmd_tls.o)
                              c:/program files/dave-ide-4.4.2-64bit/eclipse/arm-gcc-49/bin/../lib/gcc/arm-none-eabi/4.9.3/armv7e-m/softfp\libgcc.a(_aeabi_uldivmod.o) (__aeabi_ldiv0)
c:/program files/dave-ide-4.4.2-64bit/eclipse/arm-gcc-49/bin/../lib/gcc/arm-none-eabi/4.9.3/armv7e-m/softfp\libgcc.a(_divdi3.o)
                              c:/program files/dave-ide-4.4.2-64bit/eclipse/arm-gcc-49/bin/../lib/gcc/arm-none-eabi/4.9.3/armv7e-m/softfp\libgcc.a(bpabi.o) (__divdi3)
c:/program files/dave-ide-4.4.2-64bit/eclipse/arm-gcc-49/bin/../lib/gcc/arm-none-eabi/4.9.3/armv7e-m/softfp\libgcc.a(_udivdi3.o)
                              c:/program files/dave-ide-4.4.2-64bit/eclipse/arm-gcc-49/bin/../lib/gcc/arm-none-eabi/4.9.3/armv7e-m/softfp\libgcc.a(bpabi.o) (__udivdi3)
c:/program files/dave-ide-4.4.2-64bit/eclipse/arm-gcc-49/bin/../lib/gcc/arm-none-eabi/4.9.3/../../../../arm-none-eabi/lib/armv7e-m/softfp\libg_nano.a(lib_a-errno.o)
                              ./Libraries/Newlib/syscalls.o (__errno)
c:/program files/dave-ide-4.4.2-64bit/eclipse/arm-gcc-49/bin/../lib/gcc/arm-none-eabi/4.9.3/../../../../arm-none-eabi/lib/armv7e-m/softfp\libg_nano.a(lib_a-impure.o)
                              c:/program files/dave-ide-4.4.2-64bit/eclipse/arm-gcc-49/bin/../lib/gcc/arm-none-eabi/4.9.3/../../../../arm-none-eabi/lib/armv7e-m/softfp\libg_nano.a(lib_a-errno.o) (_impure_ptr)
c:/program files/dave-ide-4.4.2-64bit/eclipse/arm-gcc-49/bin/../lib/gcc/arm-none-eabi/4.9.3/../../../../arm-none-eabi/lib/armv7e-m/softfp\libg_nano.a(lib_a-init.o)
                              ./Startup/startup_XMC4800.o (__libc_init_array)
c:/program files/dave-ide-4.4.2-64bit/eclipse/arm-gcc-49/bin/../lib/gcc/arm-none-eabi/4.9.3/../../../../arm-none-eabi/lib/armv7e-m/softfp\libg_nano.a(lib_a-malloc.o)
                              ./SSC/Src/ecatcoe.o (malloc)
c:/program files/dave-ide-4.4.2-64bit/eclipse/arm-gcc-49/bin/../lib/gcc/arm-none-eabi/4.9.3/../../../../arm-none-eabi/lib/armv7e-m/softfp\libg_nano.a(lib_a-memcmp.o)
                              ./Dave/Generated/E_EEPROM_XMC4/e_eeprom_xmc4.o (memcmp)
c:/program files/dave-ide-4.4.2-64bit/eclipse/arm-gcc-49/bin/../lib/gcc/arm-none-eabi/4.9.3/../../../../arm-none-eabi/lib/armv7e-m/softfp\libg_nano.a(lib_a-memcpy.o)
                              ./SSC/Src/XMC_ESC.o (memcpy)
c:/program files/dave-ide-4.4.2-64bit/eclipse/arm-gcc-49/bin/../lib/gcc/arm-none-eabi/4.9.3/../../../../arm-none-eabi/lib/armv7e-m/softfp\libg_nano.a(lib_a-memset.o)
                              ./SSC/Src/mailbox.o (memset)
c:/program files/dave-ide-4.4.2-64bit/eclipse/arm-gcc-49/bin/../lib/gcc/arm-none-eabi/4.9.3/../../../../arm-none-eabi/lib/armv7e-m/softfp\libg_nano.a(lib_a-nano-freer.o)
                              c:/program files/dave-ide-4.4.2-64bit/eclipse/arm-gcc-49/bin/../lib/gcc/arm-none-eabi/4.9.3/../../../../arm-none-eabi/lib/armv7e-m/softfp\libg_nano.a(lib_a-malloc.o) (_free_r)
c:/program files/dave-ide-4.4.2-64bit/eclipse/arm-gcc-49/bin/../lib/gcc/arm-none-eabi/4.9.3/../../../../arm-none-eabi/lib/armv7e-m/softfp\libg_nano.a(lib_a-nano-mallocr.o)
                              c:/program files/dave-ide-4.4.2-64bit/eclipse/arm-gcc-49/bin/../lib/gcc/arm-none-eabi/4.9.3/../../../../arm-none-eabi/lib/armv7e-m/softfp\libg_nano.a(lib_a-malloc.o) (_malloc_r)
c:/program files/dave-ide-4.4.2-64bit/eclipse/arm-gcc-49/bin/../lib/gcc/arm-none-eabi/4.9.3/../../../../arm-none-eabi/lib/armv7e-m/softfp\libg_nano.a(lib_a-sbrkr.o)
                              c:/program files/dave-ide-4.4.2-64bit/eclipse/arm-gcc-49/bin/../lib/gcc/arm-none-eabi/4.9.3/../../../../arm-none-eabi/lib/armv7e-m/softfp\libg_nano.a(lib_a-nano-mallocr.o) (_sbrk_r)
c:/program files/dave-ide-4.4.2-64bit/eclipse/arm-gcc-49/bin/../lib/gcc/arm-none-eabi/4.9.3/../../../../arm-none-eabi/lib/armv7e-m/softfp\libg_nano.a(lib_a-strlen.o)
                              ./SSC/Src/objdef.o (strlen)
c:/program files/dave-ide-4.4.2-64bit/eclipse/arm-gcc-49/bin/../lib/gcc/arm-none-eabi/4.9.3/../../../../arm-none-eabi/lib/armv7e-m/softfp\libg_nano.a(lib_a-reent.o)
                              c:/program files/dave-ide-4.4.2-64bit/eclipse/arm-gcc-49/bin/../lib/gcc/arm-none-eabi/4.9.3/../../../../arm-none-eabi/lib/armv7e-m/softfp\libg_nano.a(lib_a-sbrkr.o) (errno)

[...]
Memory Configuration

Name             Origin             Length             Attributes
FLASH_0_cached   0x08000000         0x00010000         xr
FLASH_0_uncached 0x0c000000         0x00010000         xr
FLASH_1_cached   0x08020000         0x001e0000         xr
FLASH_1_uncached 0x0c020000         0x001e0000         xr
PSRAM_1          0x1ffe8000         0x00018000         !xr
DSRAM_1_system   0x20000000         0x00020000         !xr
DSRAM_2_comm     0x20020000         0x00020000         !xr
SRAM_combined    0x1ffe8000         0x00058000         !xr
*default*        0x00000000         0xffffffff

Linker script and memory map

LOAD ./Startup/startup_XMC4800.o
LOAD ./Startup/system_XMC4800.o
LOAD ./SSC/Src/XMC_ESC.o
LOAD ./SSC/Src/bootmode.o
LOAD ./SSC/Src/coeappl.o
LOAD ./SSC/Src/ecatappl.o
LOAD ./SSC/Src/ecatcoe.o
LOAD ./SSC/Src/ecatfoe.o
LOAD ./SSC/Src/ecatslv.o
LOAD ./SSC/Src/foeappl.o
LOAD ./SSC/Src/mailbox.o
LOAD ./SSC/Src/objdef.o
LOAD ./SSC/Src/sdoserv.o
LOAD ./Libraries/XMCLib/src/xmc4_eru.o
LOAD ./Libraries/XMCLib/src/xmc4_flash.o
LOAD ./Libraries/XMCLib/src/xmc4_gpio.o
LOAD ./Libraries/XMCLib/src/xmc4_rtc.o
LOAD ./Libraries/XMCLib/src/xmc4_scu.o
LOAD ./Libraries/XMCLib/src/xmc_can.o
LOAD ./Libraries/XMCLib/src/xmc_ccu4.o
LOAD ./Libraries/XMCLib/src/xmc_ccu8.o
LOAD ./Libraries/XMCLib/src/xmc_common.o
LOAD ./Libraries/XMCLib/src/xmc_dac.o
LOAD ./Libraries/XMCLib/src/xmc_dma.o
LOAD ./Libraries/XMCLib/src/xmc_dsd.o
LOAD ./Libraries/XMCLib/src/xmc_ebu.o
LOAD ./Libraries/XMCLib/src/xmc_ecat.o
LOAD ./Libraries/XMCLib/src/xmc_eru.o
LOAD ./Libraries/XMCLib/src/xmc_eth_mac.o
LOAD ./Libraries/XMCLib/src/xmc_eth_phy_dp83848.o
LOAD ./Libraries/XMCLib/src/xmc_eth_phy_ksz8031rnl.o
LOAD ./Libraries/XMCLib/src/xmc_eth_phy_ksz8081rnb.o
LOAD ./Libraries/XMCLib/src/xmc_fce.o
LOAD ./Libraries/XMCLib/src/xmc_gpio.o
LOAD ./Libraries/XMCLib/src/xmc_hrpwm.o
LOAD ./Libraries/XMCLib/src/xmc_i2c.o
LOAD ./Libraries/XMCLib/src/xmc_i2s.o
LOAD ./Libraries/XMCLib/src/xmc_ledts.o
LOAD ./Libraries/XMCLib/src/xmc_posif.o
LOAD ./Libraries/XMCLib/src/xmc_rtc.o
LOAD ./Libraries/XMCLib/src/xmc_sdmmc.o
LOAD ./Libraries/XMCLib/src/xmc_spi.o
LOAD ./Libraries/XMCLib/src/xmc_uart.o
LOAD ./Libraries/XMCLib/src/xmc_usbd.o
LOAD ./Libraries/XMCLib/src/xmc_usbh.o
LOAD ./Libraries/XMCLib/src/xmc_usic.o
LOAD ./Libraries/XMCLib/src/xmc_vadc.o
LOAD ./Libraries/XMCLib/src/xmc_wdt.o
LOAD ./Libraries/Newlib/syscalls.o
LOAD ./Dave/Generated/TIMER/timer.o
LOAD ./Dave/Generated/TIMER/timer_conf.o
LOAD ./Dave/Generated/PWM_CCU8/pwm_ccu8.o
LOAD ./Dave/Generated/PWM_CCU8/pwm_ccu8_conf.o
LOAD ./Dave/Generated/INTERRUPT/interrupt.o
LOAD ./Dave/Generated/INTERRUPT/interrupt_conf.o
LOAD ./Dave/Generated/GLOBAL_CCU8/global_ccu8.o
LOAD ./Dave/Generated/GLOBAL_CCU8/global_ccu8_conf.o
LOAD ./Dave/Generated/GLOBAL_CCU4/global_ccu4.o
LOAD ./Dave/Generated/GLOBAL_CCU4/global_ccu4_conf.o
LOAD ./Dave/Generated/E_EEPROM_XMC4/e_eeprom_xmc4.o
LOAD ./Dave/Generated/E_EEPROM_XMC4/e_eeprom_xmc4_conf.o
LOAD ./Dave/Generated/EVENT_GENERATOR/event_generator.o
LOAD ./Dave/Generated/EVENT_GENERATOR/event_generator_conf.o
LOAD ./Dave/Generated/EVENT_DETECTOR/event_detector.o
LOAD ./Dave/Generated/EVENT_DETECTOR/event_detector_conf.o
LOAD ./Dave/Generated/ECAT_SSC/ecat_ssc.o
LOAD ./Dave/Generated/ECAT_SSC/ecat_ssc_conf.o
LOAD ./Dave/Generated/ECAT_SSC/xmc_eschw.o
LOAD ./Dave/Generated/CPU_CTRL_XMC4/cpu_ctrl_xmc4.o
LOAD ./Dave/Generated/CPU_CTRL_XMC4/cpu_ctrl_xmc4_conf.o
LOAD ./Dave/Generated/CLOCK_XMC4/clock_xmc4.o
LOAD ./Dave/Generated/CLOCK_XMC4/clock_xmc4_conf.o
LOAD ./Dave/Generated/DAVE.o
LOAD ./firmwareupdate_SSC.o
LOAD ./flashprog.o
LOAD ./main.o
LOAD c:/program files/dave-ide-4.4.2-64bit/eclipse/arm-gcc-49/bin/../lib/gcc/arm-none-eabi/4.9.3/../../../../arm-none-eabi/lib/armv7e-m/softfp\libm.a
START GROUP
LOAD c:/program files/dave-ide-4.4.2-64bit/eclipse/arm-gcc-49/bin/../lib/gcc/arm-none-eabi/4.9.3/armv7e-m/softfp\libgcc.a
LOAD c:/program files/dave-ide-4.4.2-64bit/eclipse/arm-gcc-49/bin/../lib/gcc/arm-none-eabi/4.9.3/../../../../arm-none-eabi/lib/armv7e-m/softfp\libg_nano.a
LOAD c:/program files/dave-ide-4.4.2-64bit/eclipse/arm-gcc-49/bin/../lib/gcc/arm-none-eabi/4.9.3/../../../../arm-none-eabi/lib/armv7e-m/softfp\libc_nano.a
END GROUP
START GROUP
LOAD c:/program files/dave-ide-4.4.2-64bit/eclipse/arm-gcc-49/bin/../lib/gcc/arm-none-eabi/4.9.3/armv7e-m/softfp\libgcc.a
LOAD c:/program files/dave-ide-4.4.2-64bit/eclipse/arm-gcc-49/bin/../lib/gcc/arm-none-eabi/4.9.3/../../../../arm-none-eabi/lib/armv7e-m/softfp\libc_nano.a
LOAD c:/program files/dave-ide-4.4.2-64bit/eclipse/arm-gcc-49/bin/../lib/gcc/arm-none-eabi/4.9.3/../../../../arm-none-eabi/lib/armv7e-m/softfp\libnosys.a
END GROUP
START GROUP
LOAD c:/program files/dave-ide-4.4.2-64bit/eclipse/arm-gcc-49/bin/../lib/gcc/arm-none-eabi/4.9.3/armv7e-m/softfp\libgcc.a
LOAD c:/program files/dave-ide-4.4.2-64bit/eclipse/arm-gcc-49/bin/../lib/gcc/arm-none-eabi/4.9.3/../../../../arm-none-eabi/lib/armv7e-m/softfp\libc_nano.a
LOAD c:/program files/dave-ide-4.4.2-64bit/eclipse/arm-gcc-49/bin/../lib/gcc/arm-none-eabi/4.9.3/../../../../arm-none-eabi/lib/armv7e-m/softfp\libnosys.a
END GROUP
                0x00000800                stack_size = DEFINED (stack_size)?stack_size:0x800
                0x00000040                no_init_size = 0x40

.text           0x08020000     0xb832 load address 0x0c020000
                0x08020000                sText = .
 *(.reset)
 .reset         0x08020000      0x29c ./Startup/startup_XMC4800.o
                0x08020000                __Vectors
                0x08020200                Reset_Handler
                0x08020298                DSD0_7_IRQHandler
                0x08020298                DebugMon_Handler
                0x08020298                VADC0_C0_0_IRQHandler
                0x08020298                CAN0_4_IRQHandler
                0x08020298                VADC0_G2_0_IRQHandler
                0x08020298                USIC0_5_IRQHandler
                0x08020298                POSIF0_0_IRQHandler
                0x08020298                POSIF1_0_IRQHandler
                0x08020298                HardFault_Handler
                0x08020298                VADC0_G1_1_IRQHandler
                0x08020298                SysTick_Handler
                0x08020298                PendSV_Handler
                0x08020298                NMI_Handler
                0x08020298                USIC1_3_IRQHandler
                0x08020298                CCU40_2_IRQHandler
                0x08020298                SCU_0_IRQHandler
                0x08020298                ERU0_0_IRQHandler
                0x08020298                CCU41_0_IRQHandler
                0x08020298                USIC1_5_IRQHandler
                0x08020298                DSD0_4_IRQHandler
                0x08020298                CCU80_1_IRQHandler
                0x08020298                CCU81_0_IRQHandler
                0x08020298                UsageFault_Handler
                0x08020298                USIC0_0_IRQHandler
                0x08020298                POSIF1_1_IRQHandler
                0x08020298                ERU0_2_IRQHandler
                0x08020298                CCU81_1_IRQHandler
                0x08020298                ERU1_1_IRQHandler
                0x08020298                VADC0_G2_3_IRQHandler
                0x08020298                VADC0_G2_2_IRQHandler
                0x08020298                CCU42_3_IRQHandler
                0x08020298                ERU0_3_IRQHandler
                0x08020298                DSD0_5_IRQHandler
                0x08020298                VADC0_C0_3_IRQHandler
                0x08020298                CAN0_6_IRQHandler
                0x08020298                CCU43_0_IRQHandler
                0x08020298                VADC0_G0_1_IRQHandler
                0x08020298                CCU81_2_IRQHandler
                0x08020298                USIC2_4_IRQHandler
                0x08020298                CCU81_3_IRQHandler
                0x08020298                CCU42_1_IRQHandler
                0x08020298                USIC1_1_IRQHandler
                0x08020298                USIC2_5_IRQHandler
                0x08020298                CCU40_0_IRQHandler
                0x08020298                CAN0_0_IRQHandler
                0x08020298                CCU42_2_IRQHandler
                0x08020298                Default_Handler
                0x08020298                USIC1_4_IRQHandler
                0x08020298                USIC1_0_IRQHandler
                0x08020298                POSIF0_1_IRQHandler
                0x08020298                VADC0_G0_0_IRQHandler
                0x08020298                DSD0_2_IRQHandler
                0x08020298                CCU80_3_IRQHandler
                0x08020298                CCU41_3_IRQHandler
                0x08020298                CCU80_2_IRQHandler
                0x08020298                VADC0_G1_3_IRQHandler
                0x08020298                VADC0_G0_3_IRQHandler
                0x08020298                GPDMA0_0_IRQHandler
                0x08020298                PMU0_0_IRQHandler
                0x08020298                CAN0_7_IRQHandler
                0x08020298                DSD0_1_IRQHandler
                0x08020298                CCU41_2_IRQHandler
                0x08020298                VADC0_C0_1_IRQHandler
                0x08020298                CCU43_2_IRQHandler
                0x08020298                USIC2_2_IRQHandler
                0x08020298                MemManage_Handler
                0x08020298                VADC0_G3_1_IRQHandler
                0x08020298                DAC0_0_IRQHandler
                0x08020298                SVC_Handler
                0x08020298                VADC0_G3_3_IRQHandler
                0x08020298                ERU1_2_IRQHandler
                0x08020298                CCU41_1_IRQHandler
                0x08020298                DSD0_6_IRQHandler
                0x08020298                VADC0_G1_2_IRQHandler
                0x08020298                USIC2_3_IRQHandler
                0x08020298                CAN0_2_IRQHandler
                0x08020298                USIC2_0_IRQHandler
                0x08020298                VADC0_G0_2_IRQHandler
                0x08020298                VADC0_G2_1_IRQHandler
                0x08020298                CAN0_3_IRQHandler
                0x08020298                ETH0_0_IRQHandler
                0x08020298                USIC0_3_IRQHandler
                0x08020298                DSD0_0_IRQHandler
                0x08020298                VADC0_C0_2_IRQHandler
                0x08020298                CCU42_0_IRQHandler
                0x08020298                FCE0_0_IRQHandler
                0x08020298                VADC0_G1_0_IRQHandler
                0x08020298                USB0_0_IRQHandler
                0x08020298                CAN0_5_IRQHandler
                0x08020298                CCU80_0_IRQHandler
                0x08020298                CCU40_1_IRQHandler
                0x08020298                USIC2_1_IRQHandler
                0x08020298                USIC0_1_IRQHandler
                0x08020298                VADC0_G3_2_IRQHandler
                0x08020298                CCU40_3_IRQHandler
                0x08020298                BusFault_Handler
                0x08020298                LEDTS0_0_IRQHandler
                0x08020298                USIC0_4_IRQHandler
                0x08020298                CCU43_3_IRQHandler
                0x08020298                ERU0_1_IRQHandler
                0x08020298                VADC0_G3_0_IRQHandler
                0x08020298                USIC1_2_IRQHandler
                0x08020298                DSD0_3_IRQHandler
                0x08020298                SDMMC0_0_IRQHandler
                0x08020298                CAN0_1_IRQHandler
                0x08020298                USIC0_2_IRQHandler
                0x08020298                DAC0_1_IRQHandler
                0x08020298                GPDMA1_0_IRQHandler
 *(.text .text.* .gnu.linkonce.t.*)
 .text.SystemInit
                0x0802029c       0x20 ./Startup/system_XMC4800.o
                0x0802029c                SystemInit
 .text.SystemCoreClockUpdate
                0x080202bc       0xd4 ./Startup/system_XMC4800.o
                0x080202bc                SystemCoreClockUpdate
 .text.APPL_AckErrorInd
                0x08020390       0x14 ./SSC/Src/XMC_ESC.o
                0x08020390                APPL_AckErrorInd
 .text.APPL_StartMailboxHandler
                0x080203a4       0x10 ./SSC/Src/XMC_ESC.o
                0x080203a4                APPL_StartMailboxHandler
 .text.APPL_StopMailboxHandler
                0x080203b4       0x10 ./SSC/Src/XMC_ESC.o
                0x080203b4                APPL_StopMailboxHandler
 .text.APPL_StartInputHandler
                0x080203c4       0x18 ./SSC/Src/XMC_ESC.o
                0x080203c4                APPL_StartInputHandler
 .text.APPL_StopInputHandler
                0x080203dc       0x10 ./SSC/Src/XMC_ESC.o
                0x080203dc                APPL_StopInputHandler
 .text.APPL_StartOutputHandler
                0x080203ec       0x10 ./SSC/Src/XMC_ESC.o
                0x080203ec                APPL_StartOutputHandler
 .text.APPL_StopOutputHandler
                0x080203fc       0x10 ./SSC/Src/XMC_ESC.o
                0x080203fc                APPL_StopOutputHandler
 .text.APPL_GenerateMapping
                0x0802040c      0x174 ./SSC/Src/XMC_ESC.o
                0x0802040c                APPL_GenerateMapping
 .text.APPL_InputMapping
                0x08020580       0x1c ./SSC/Src/XMC_ESC.o
                0x08020580                APPL_InputMapping
 .text.APPL_OutputMapping
                0x0802059c       0x1c ./SSC/Src/XMC_ESC.o
                0x0802059c                APPL_OutputMapping
 .text.APPL_Application
                0x080205b8       0x18 ./SSC/Src/XMC_ESC.o
                0x080205b8                APPL_Application
 .text.BL_Start
                0x080205d0       0x14 ./SSC/Src/bootmode.o
                0x080205d0                BL_Start
 .text.BL_Stop  0x080205e4        0xc ./SSC/Src/bootmode.o
                0x080205e4                BL_Stop
 .text.HW_EscRead
                0x080205f0       0x2c ./SSC/Src/coeappl.o
 .text.Read0x10F8
                0x0802061c       0x5c ./SSC/Src/coeappl.o
                0x0802061c                Read0x10F8
 .text.COE_SyncTimeStamp
                0x08020678       0x9c ./SSC/Src/coeappl.o
                0x08020678                COE_SyncTimeStamp
 .text.COE_GetObjectDictionary
                0x08020714       0x18 ./SSC/Src/coeappl.o
                0x08020714                COE_GetObjectDictionary
 .text.COE_UpdateSyncErrorStatus
                0x0802072c       0x64 ./SSC/Src/coeappl.o
                0x0802072c                COE_UpdateSyncErrorStatus
 .text.COE_ObjInit
                0x08020790      0x158 ./SSC/Src/coeappl.o
                0x08020790                COE_ObjInit
 .text.COE_AddObjectToDic
                0x080208e8       0xe8 ./SSC/Src/coeappl.o
                0x080208e8                COE_AddObjectToDic
 .text.COE_RemoveDicEntry
                0x080209d0       0x80 ./SSC/Src/coeappl.o
                0x080209d0                COE_RemoveDicEntry
 .text.COE_ClearObjDictionary
                0x08020a50       0x3c ./SSC/Src/coeappl.o
                0x08020a50                COE_ClearObjDictionary
 .text.AddObjectsToObjDictionary
                0x08020a8c       0x44 ./SSC/Src/coeappl.o
                0x08020a8c                AddObjectsToObjDictionary
 .text.COE_ObjDictionaryInit
                0x08020ad0       0x44 ./SSC/Src/coeappl.o
                0x08020ad0                COE_ObjDictionaryInit
 .text.COE_Main
                0x08020b14       0xe8 ./SSC/Src/coeappl.o
                0x08020b14                COE_Main
 .text.XMC_ECAT_GetALEventRegister
                0x08020bfc       0x1c ./SSC/Src/ecatappl.o
 .text.HW_EscRead
                0x08020c18       0x2c ./SSC/Src/ecatappl.o
 .text.HW_EscReadIsr
                0x08020c44       0x24 ./SSC/Src/ecatappl.o
 .text.HW_EscWrite
                0x08020c68       0x2c ./SSC/Src/ecatappl.o
 .text.HW_EscWriteIsr
                0x08020c94       0x24 ./SSC/Src/ecatappl.o
 .text.HW_GetALEventRegister
                0x08020cb8       0x10 ./SSC/Src/ecatappl.o
 .text.HW_GetALEventRegister_Isr
                0x08020cc8       0x10 ./SSC/Src/ecatappl.o
 .text.PDO_InputMapping
                0x08020cd8       0x94 ./SSC/Src/ecatappl.o
                0x08020cd8                PDO_InputMapping
 .text.PDO_OutputMapping
                0x08020d6c       0xb0 ./SSC/Src/ecatappl.o
                0x08020d6c                PDO_OutputMapping
 .text.ECAT_CheckTimer
                0x08020e1c       0xf8 ./SSC/Src/ecatappl.o
                0x08020e1c                ECAT_CheckTimer
 .text.HandleCycleTimeMeasurement
                0x08020f14       0x80 ./SSC/Src/ecatappl.o
                0x08020f14                HandleCycleTimeMeasurement
 .text.GetSystemTimeDelay
                0x08020f94       0x70 ./SSC/Src/ecatappl.o
                0x08020f94                GetSystemTimeDelay
 .text.PDI_Isr  0x08021004      0x150 ./SSC/Src/ecatappl.o
                0x08021004                PDI_Isr
 .text.Sync0_Isr
                0x08021154      0x158 ./SSC/Src/ecatappl.o
                0x08021154                Sync0_Isr
 .text.Sync1_Isr
                0x080212ac       0x44 ./SSC/Src/ecatappl.o
                0x080212ac                Sync1_Isr
 .text.MainInit
                0x080212f0      0x154 ./SSC/Src/ecatappl.o
                0x080212f0                MainInit
 .text.MainLoop
                0x08021444       0xf8 ./SSC/Src/ecatappl.o
                0x08021444                MainLoop
 .text.ECAT_Application
                0x0802153c       0x3c ./SSC/Src/ecatappl.o
                0x0802153c                ECAT_Application
 .text.EEPROM_CommandHandler
                0x08021578      0x270 ./SSC/Src/ecatappl.o
                0x08021578                EEPROM_CommandHandler
 .text.COE_Init
                0x080217e8       0x20 ./SSC/Src/ecatcoe.o
                0x080217e8                COE_Init
 .text.COE_ServiceInd
                0x08021808       0x70 ./SSC/Src/ecatcoe.o
                0x08021808                COE_ServiceInd
 .text.COE_ContinueInd
                0x08021878       0x5c ./SSC/Src/ecatcoe.o
                0x08021878                COE_ContinueInd
 .text.FOE_Init
                0x080218d4       0x2c ./SSC/Src/ecatfoe.o
                0x080218d4                FOE_Init
 .text.FOE_ServiceInd
                0x08021900      0x488 ./SSC/Src/ecatfoe.o
                0x08021900                FOE_ServiceInd
 .text.FOE_ContinueInd
                0x08021d88       0x2c ./SSC/Src/ecatfoe.o
                0x08021d88                FOE_ContinueInd
 .text.XMC_ECAT_GetALEventRegister
                0x08021db4       0x1c ./SSC/Src/ecatslv.o
 .text.HW_EscRead
                0x08021dd0       0x2c ./SSC/Src/ecatslv.o
 .text.HW_GetALEventRegister
                0x08021dfc       0x10 ./SSC/Src/ecatslv.o
 .text.ResetALEventMask
                0x08021e0c       0x30 ./SSC/Src/ecatslv.o
                0x08021e0c                ResetALEventMask
 .text.SetALEventMask
                0x08021e3c       0x30 ./SSC/Src/ecatslv.o
                0x08021e3c                SetALEventMask
 .text.UpdateEEPROMLoadedState
                0x08021e6c       0x44 ./SSC/Src/ecatslv.o
                0x08021e6c                UpdateEEPROMLoadedState
 .text.GetSyncMan
                0x08021eb0       0x30 ./SSC/Src/ecatslv.o
                0x08021eb0                GetSyncMan
 .text.DisableSyncManChannel
                0x08021ee0       0x54 ./SSC/Src/ecatslv.o
                0x08021ee0                DisableSyncManChannel
 .text.EnableSyncManChannel
                0x08021f34       0x54 ./SSC/Src/ecatslv.o
                0x08021f34                EnableSyncManChannel
 .text.CheckSmSettings
                0x08021f88      0x3bc ./SSC/Src/ecatslv.o
                0x08021f88                CheckSmSettings
 .text.StartInputHandler
                0x08022344      0x798 ./SSC/Src/ecatslv.o
                0x08022344                StartInputHandler
 .text.StartOutputHandler
                0x08022adc       0x74 ./SSC/Src/ecatslv.o
                0x08022adc                StartOutputHandler
 .text.StopOutputHandler
                0x08022b50       0x20 ./SSC/Src/ecatslv.o
                0x08022b50                StopOutputHandler
 .text.StopInputHandler
                0x08022b70      0x12c ./SSC/Src/ecatslv.o
                0x08022b70                StopInputHandler
 .text.BackToInitTransition
                0x08022c9c       0x18 ./SSC/Src/ecatslv.o
                0x08022c9c                BackToInitTransition
 .text.SetALStatus
                0x08022cb4       0xc8 ./SSC/Src/ecatslv.o
                0x08022cb4                SetALStatus
 .text.AL_ControlInd
                0x08022d7c      0x778 ./SSC/Src/ecatslv.o
                0x08022d7c                AL_ControlInd
 .text.AL_ControlRes
                0x080234f4      0x2cc ./SSC/Src/ecatslv.o
                0x080234f4                AL_ControlRes
 .text.DC_CheckWatchdog
                0x080237c0      0x11c ./SSC/Src/ecatslv.o
                0x080237c0                DC_CheckWatchdog
 .text.CheckIfEcatError
                0x080238dc       0xa8 ./SSC/Src/ecatslv.o
                0x080238dc                CheckIfEcatError
 .text.ECAT_Init
                0x08023984      0x15c ./SSC/Src/ecatslv.o
                0x08023984                ECAT_Init
 .text.ECAT_Main
                0x08023ae0      0x198 ./SSC/Src/ecatslv.o
                0x08023ae0                ECAT_Main
 .text.FOE_Read
                0x08023c78       0x48 ./SSC/Src/foeappl.o
                0x08023c78                FOE_Read
 .text.FOE_Write
                0x08023cc0       0x40 ./SSC/Src/foeappl.o
                0x08023cc0                FOE_Write
 .text.FOE_Data
                0x08023d00       0x30 ./SSC/Src/foeappl.o
                0x08023d00                FOE_Data
 .text.FOE_Ack  0x08023d30       0x3c ./SSC/Src/foeappl.o
                0x08023d30                FOE_Ack
 .text.FOE_Busy
                0x08023d6c       0x20 ./SSC/Src/foeappl.o
                0x08023d6c                FOE_Busy
 .text.FOE_Error
                0x08023d8c       0x24 ./SSC/Src/foeappl.o
                0x08023d8c                FOE_Error
 .text.HW_EscRead
                0x08023db0       0x2c ./SSC/Src/mailbox.o
 .text.HW_EscReadMbxMem
                0x08023ddc       0x24 ./SSC/Src/mailbox.o
 .text.HW_EscWrite
                0x08023e00       0x2c ./SSC/Src/mailbox.o
 .text.HW_EscWriteMbxMem
                0x08023e2c       0x24 ./SSC/Src/mailbox.o
 .text.PutInMbxQueue
                0x08023e50       0x54 ./SSC/Src/mailbox.o
                0x08023e50                PutInMbxQueue
 .text.GetOutOfMbxQueue
                0x08023ea4       0x5c ./SSC/Src/mailbox.o
                0x08023ea4                GetOutOfMbxQueue
 .text.MBX_Init
                0x08023f00       0xf4 ./SSC/Src/mailbox.o
                0x08023f00                MBX_Init
 .text.MBX_StartMailboxHandler
                0x08023ff4      0x110 ./SSC/Src/mailbox.o
                0x08023ff4                MBX_StartMailboxHandler
 .text.MBX_StopMailboxHandler
                0x08024104      0x140 ./SSC/Src/mailbox.o
                0x08024104                MBX_StopMailboxHandler
 .text.MailboxServiceInd
                0x08024244       0x60 ./SSC/Src/mailbox.o
                0x08024244                MailboxServiceInd
 .text.MBX_MailboxWriteInd
                0x080242a4       0xb8 ./SSC/Src/mailbox.o
                0x080242a4                MBX_MailboxWriteInd
 .text.MBX_MailboxReadInd
                0x0802435c       0xf4 ./SSC/Src/mailbox.o
                0x0802435c                MBX_MailboxReadInd
 .text.MBX_MailboxRepeatReq
                0x08024450       0x84 ./SSC/Src/mailbox.o
                0x08024450                MBX_MailboxRepeatReq
 .text.MBX_MailboxSendReq
                0x080244d4       0xd4 ./SSC/Src/mailbox.o
                0x080244d4                MBX_MailboxSendReq
 .text.MBX_CheckAndCopyMailbox
                0x080245a8      0x148 ./SSC/Src/mailbox.o
                0x080245a8                MBX_CheckAndCopyMailbox
 .text.MBX_CopyToSendMailbox
                0x080246f0       0xd4 ./SSC/Src/mailbox.o
                0x080246f0                MBX_CopyToSendMailbox
 .text.MBX_Main
                0x080247c4       0x78 ./SSC/Src/mailbox.o
                0x080247c4                MBX_Main
 .text.OBJ_GetObjectHandle
                0x0802483c       0x38 ./SSC/Src/objdef.o
                0x0802483c                OBJ_GetObjectHandle
 .text.OBJ_GetObjectLength
                0x08024874      0x118 ./SSC/Src/objdef.o
                0x08024874                OBJ_GetObjectLength
 .text.OBJ_CopyNumberToString
                0x0802498c       0x94 ./SSC/Src/objdef.o
                0x0802498c                OBJ_CopyNumberToString
 .text.OBJ_GetNoOfObjects
                0x08024a20       0x98 ./SSC/Src/objdef.o
                0x08024a20                OBJ_GetNoOfObjects
 .text.OBJ_GetObjectList
                0x08024ab8       0xf8 ./SSC/Src/objdef.o
                0x08024ab8                OBJ_GetObjectList
 .text.OBJ_GetDesc
                0x08024bb0      0x120 ./SSC/Src/objdef.o
                0x08024bb0                OBJ_GetDesc
 .text.OBJ_GetEntryDesc
                0x08024cd0       0x58 ./SSC/Src/objdef.o
                0x08024cd0                OBJ_GetEntryDesc
 .text.OBJ_GetObjDesc
                0x08024d28       0x18 ./SSC/Src/objdef.o
                0x08024d28                OBJ_GetObjDesc
 .text.OBJ_GetEntryOffset
                0x08024d40      0x164 ./SSC/Src/objdef.o
                0x08024d40                OBJ_GetEntryOffset
 .text.CheckSyncTypeValue
                0x08024ea4      0x1ac ./SSC/Src/objdef.o
                0x08024ea4                CheckSyncTypeValue
 .text.OBJ_Read
                0x08025050      0x5b0 ./SSC/Src/objdef.o
                0x08025050                OBJ_Read
 .text.OBJ_Write
                0x08025600      0x6d0 ./SSC/Src/objdef.o
                0x08025600                OBJ_Write
 .text.SdoDownloadSegmentInd
                0x08025cd0      0x284 ./SSC/Src/sdoserv.o
 .text.SdoUploadSegmentInd
                0x08025f54      0x168 ./SSC/Src/sdoserv.o
 .text.SdoRes   0x080260bc      0x170 ./SSC/Src/sdoserv.o
                0x080260bc                SdoRes
 .text.SDOS_SdoInd
                0x0802622c      0x5d0 ./SSC/Src/sdoserv.o
                0x0802622c                SDOS_SdoInd
 .text.SDOS_SdoRes
                0x080267fc      0x124 ./SSC/Src/sdoserv.o
                0x080267fc                SDOS_SdoRes
 .text.SODS_ClearPendingResponse
                0x08026920       0xcc ./SSC/Src/sdoserv.o
                0x08026920                SODS_ClearPendingResponse
 .text.SDOS_SdoInfoInd
                0x080269ec      0x3fc ./SSC/Src/sdoserv.o
                0x080269ec                SDOS_SdoInfoInd
 .text.XMC_ERU_Enable
                0x08026de8       0x2c ./Libraries/XMCLib/src/xmc4_eru.o
                0x08026de8                XMC_ERU_Enable
 .text.XMC_FLASH_lEnterPageModeCommand
                0x08026e14       0x20 ./Libraries/XMCLib/src/xmc4_flash.o
                0x08026e14                XMC_FLASH_lEnterPageModeCommand
 .text.XMC_FLASH_lLoadPageCommand
                0x08026e34       0x30 ./Libraries/XMCLib/src/xmc4_flash.o
                0x08026e34                XMC_FLASH_lLoadPageCommand
 .text.XMC_FLASH_lWritePageCommand
                0x08026e64       0x44 ./Libraries/XMCLib/src/xmc4_flash.o
                0x08026e64                XMC_FLASH_lWritePageCommand
 .text.XMC_FLASH_lEraseSectorCommand
                0x08026ea8       0x58 ./Libraries/XMCLib/src/xmc4_flash.o
                0x08026ea8                XMC_FLASH_lEraseSectorCommand
 .text.XMC_FLASH_lClearStatusCommand
                0x08026f00       0x20 ./Libraries/XMCLib/src/xmc4_flash.o
                0x08026f00                XMC_FLASH_lClearStatusCommand
 .text.XMC_FLASH_ClearStatus
                0x08026f20        0xc ./Libraries/XMCLib/src/xmc4_flash.o
                0x08026f20                XMC_FLASH_ClearStatus
 .text.XMC_FLASH_GetStatus
                0x08026f2c       0x1c ./Libraries/XMCLib/src/xmc4_flash.o
                0x08026f2c                XMC_FLASH_GetStatus
 .text.XMC_FLASH_ProgramPage
                0x08026f48       0x68 ./Libraries/XMCLib/src/xmc4_flash.o
                0x08026f48                XMC_FLASH_ProgramPage
 .text.XMC_FLASH_EraseSector
                0x08026fb0       0x30 ./Libraries/XMCLib/src/xmc4_flash.o
                0x08026fb0                XMC_FLASH_EraseSector
 .text.XMC_FLASH_lErasePhysicalSectorCommand
                0x08026fe0       0x58 ./Libraries/XMCLib/src/xmc4_flash.o
                0x08026fe0                XMC_FLASH_lErasePhysicalSectorCommand
 .text.XMC_FLASH_ErasePhysicalSector
                0x08027038       0x30 ./Libraries/XMCLib/src/xmc4_flash.o
                0x08027038                XMC_FLASH_ErasePhysicalSector
 .text.XMC_GPIO_Init
                0x08027068      0x14c ./Libraries/XMCLib/src/xmc4_gpio.o
                0x08027068                XMC_GPIO_Init
 .text.XMC_SCU_GetMirrorStatus
                0x080271b4       0x18 ./Libraries/XMCLib/src/xmc4_scu.o
 .text.XMC_SCU_lDelay
                0x080271cc       0x44 ./Libraries/XMCLib/src/xmc4_scu.o
 .text.XMC_SCU_SetBootMode
                0x08027210       0x20 ./Libraries/XMCLib/src/xmc4_scu.o
                0x08027210                XMC_SCU_SetBootMode
 .text.XMC_SCU_CLOCK_Init
                0x08027230       0xec ./Libraries/XMCLib/src/xmc4_scu.o
                0x08027230                XMC_SCU_CLOCK_Init
 .text.XMC_SCU_INTERRUPT_EnableNmiRequest
                0x0802731c       0x24 ./Libraries/XMCLib/src/xmc4_scu.o
                0x0802731c                XMC_SCU_INTERRUPT_EnableNmiRequest
 .text.XMC_SCU_RESET_DeassertPeripheralReset
                0x08027340       0x38 ./Libraries/XMCLib/src/xmc4_scu.o
                0x08027340                XMC_SCU_RESET_DeassertPeripheralReset
 .text.XMC_SCU_RESET_IsPeripheralResetAsserted
                0x08027378       0x48 ./Libraries/XMCLib/src/xmc4_scu.o
                0x08027378                XMC_SCU_RESET_IsPeripheralResetAsserted
 .text.XMC_SCU_CLOCK_SetSystemClockSource
                0x080273c0       0x28 ./Libraries/XMCLib/src/xmc4_scu.o
                0x080273c0                XMC_SCU_CLOCK_SetSystemClockSource
 .text.XMC_SCU_CLOCK_SetUsbClockSource
                0x080273e8       0x28 ./Libraries/XMCLib/src/xmc4_scu.o
                0x080273e8                XMC_SCU_CLOCK_SetUsbClockSource
 .text.XMC_SCU_CLOCK_SetWdtClockSource
                0x08027410       0x28 ./Libraries/XMCLib/src/xmc4_scu.o
                0x08027410                XMC_SCU_CLOCK_SetWdtClockSource
 .text.XMC_SCU_CLOCK_SetSystemPllClockSource
                0x08027438       0x40 ./Libraries/XMCLib/src/xmc4_scu.o
                0x08027438                XMC_SCU_CLOCK_SetSystemPllClockSource
 .text.XMC_SCU_HIB_SetRtcClockSource
                0x08027478       0x3c ./Libraries/XMCLib/src/xmc4_scu.o
                0x08027478                XMC_SCU_HIB_SetRtcClockSource
 .text.XMC_SCU_HIB_SetStandbyClockSource
                0x080274b4       0x3c ./Libraries/XMCLib/src/xmc4_scu.o
                0x080274b4                XMC_SCU_HIB_SetStandbyClockSource
 .text.XMC_SCU_CLOCK_SetSystemClockDivider
                0x080274f0       0x28 ./Libraries/XMCLib/src/xmc4_scu.o
                0x080274f0                XMC_SCU_CLOCK_SetSystemClockDivider
 .text.XMC_SCU_CLOCK_SetCcuClockDivider
                0x08027518       0x28 ./Libraries/XMCLib/src/xmc4_scu.o
                0x08027518                XMC_SCU_CLOCK_SetCcuClockDivider
 .text.XMC_SCU_CLOCK_SetCpuClockDivider
                0x08027540       0x28 ./Libraries/XMCLib/src/xmc4_scu.o
                0x08027540                XMC_SCU_CLOCK_SetCpuClockDivider
 .text.XMC_SCU_CLOCK_SetPeripheralClockDivider
                0x08027568       0x28 ./Libraries/XMCLib/src/xmc4_scu.o
                0x08027568                XMC_SCU_CLOCK_SetPeripheralClockDivider
 .text.XMC_SCU_CLOCK_SetUsbClockDivider
                0x08027590       0x28 ./Libraries/XMCLib/src/xmc4_scu.o
                0x08027590                XMC_SCU_CLOCK_SetUsbClockDivider
 .text.XMC_SCU_CLOCK_SetEbuClockDivider
                0x080275b8       0x28 ./Libraries/XMCLib/src/xmc4_scu.o
                0x080275b8                XMC_SCU_CLOCK_SetEbuClockDivider
 .text.XMC_SCU_CLOCK_SetWdtClockDivider
                0x080275e0       0x28 ./Libraries/XMCLib/src/xmc4_scu.o
                0x080275e0                XMC_SCU_CLOCK_SetWdtClockDivider
 .text.XMC_SCU_CLOCK_SetECATClockDivider
                0x08027608       0x28 ./Libraries/XMCLib/src/xmc4_scu.o
                0x08027608                XMC_SCU_CLOCK_SetECATClockDivider
 .text.XMC_SCU_CLOCK_EnableClock
                0x08027630       0x20 ./Libraries/XMCLib/src/xmc4_scu.o
                0x08027630                XMC_SCU_CLOCK_EnableClock
 .text.XMC_SCU_CLOCK_UngatePeripheralClock
                0x08027650       0x38 ./Libraries/XMCLib/src/xmc4_scu.o
                0x08027650                XMC_SCU_CLOCK_UngatePeripheralClock
 .text.XMC_SCU_CLOCK_StartUsbPll
                0x08027688       0x74 ./Libraries/XMCLib/src/xmc4_scu.o
                0x08027688                XMC_SCU_CLOCK_StartUsbPll
 .text.XMC_SCU_CLOCK_SetBackupClockCalibrationMode
                0x080276fc       0x4c ./Libraries/XMCLib/src/xmc4_scu.o
                0x080276fc                XMC_SCU_CLOCK_SetBackupClockCalibrationMode
 .text.XMC_SCU_HIB_EnableHibernateDomain
                0x08027748       0x58 ./Libraries/XMCLib/src/xmc4_scu.o
                0x08027748                XMC_SCU_HIB_EnableHibernateDomain
 .text.XMC_SCU_CLOCK_IsLowPowerOscillatorStable
                0x080277a0       0x24 ./Libraries/XMCLib/src/xmc4_scu.o
                0x080277a0                XMC_SCU_CLOCK_IsLowPowerOscillatorStable
 .text.XMC_SCU_CLOCK_EnableLowPowerOscillator
                0x080277c4       0x68 ./Libraries/XMCLib/src/xmc4_scu.o
                0x080277c4                XMC_SCU_CLOCK_EnableLowPowerOscillator
 .text.XMC_SCU_CLOCK_EnableHighPerformanceOscillator
                0x0802782c       0x50 ./Libraries/XMCLib/src/xmc4_scu.o
                0x0802782c                XMC_SCU_CLOCK_EnableHighPerformanceOscillator
 .text.XMC_SCU_CLOCK_IsHighPerformanceOscillatorStable
                0x0802787c       0x28 ./Libraries/XMCLib/src/xmc4_scu.o
                0x0802787c                XMC_SCU_CLOCK_IsHighPerformanceOscillatorStable
 .text.XMC_SCU_CLOCK_EnableSystemPll
                0x080278a4       0x20 ./Libraries/XMCLib/src/xmc4_scu.o
                0x080278a4                XMC_SCU_CLOCK_EnableSystemPll
 .text.XMC_SCU_CLOCK_DisableSystemPll
                0x080278c4       0x20 ./Libraries/XMCLib/src/xmc4_scu.o
                0x080278c4                XMC_SCU_CLOCK_DisableSystemPll
 .text.XMC_SCU_CLOCK_StartSystemPll
                0x080278e4      0x174 ./Libraries/XMCLib/src/xmc4_scu.o
                0x080278e4                XMC_SCU_CLOCK_StartSystemPll
 .text.XMC_SCU_CLOCK_StepSystemPllFrequency
                0x08027a58       0x2c ./Libraries/XMCLib/src/xmc4_scu.o
                0x08027a58                XMC_SCU_CLOCK_StepSystemPllFrequency
 .text.XMC_CCU4_StartPrescaler
                0x08027a84       0x20 ./Libraries/XMCLib/src/xmc_ccu4.o
 .text.XMC_CCU4_lDeassertReset
                0x08027aa4       0x60 ./Libraries/XMCLib/src/xmc_ccu4.o
 .text.XMC_CCU4_lUngateClock
                0x08027b04       0x60 ./Libraries/XMCLib/src/xmc_ccu4.o
 .text.XMC_CCU4_EnableModule
                0x08027b64       0x20 ./Libraries/XMCLib/src/xmc_ccu4.o
                0x08027b64                XMC_CCU4_EnableModule
 .text.XMC_CCU4_Init
                0x08027b84       0x3c ./Libraries/XMCLib/src/xmc_ccu4.o
                0x08027b84                XMC_CCU4_Init
 .text.XMC_CCU4_SLICE_CompareInit
                0x08027bc0       0x6c ./Libraries/XMCLib/src/xmc_ccu4.o
                0x08027bc0                XMC_CCU4_SLICE_CompareInit
 .text.XMC_CCU4_SLICE_SetInterruptNode
                0x08027c2c       0xb0 ./Libraries/XMCLib/src/xmc_ccu4.o
                0x08027c2c                XMC_CCU4_SLICE_SetInterruptNode
 .text.XMC_CCU8_StartPrescaler
                0x08027cdc       0x20 ./Libraries/XMCLib/src/xmc_ccu8.o
 .text.XMC_CCU8_SLICE_StopTimer
                0x08027cfc       0x18 ./Libraries/XMCLib/src/xmc_ccu8.o
 .text.XMC_CCU8_lDeassertReset
                0x08027d14       0x38 ./Libraries/XMCLib/src/xmc_ccu8.o
 .text.XMC_CCU8_lUngateClock
                0x08027d4c       0x38 ./Libraries/XMCLib/src/xmc_ccu8.o
 .text.XMC_CCU8_EnableModule
                0x08027d84       0x20 ./Libraries/XMCLib/src/xmc_ccu8.o
                0x08027d84                XMC_CCU8_EnableModule
 .text.XMC_CCU8_Init
                0x08027da4       0x3c ./Libraries/XMCLib/src/xmc_ccu8.o
                0x08027da4                XMC_CCU8_Init
 .text.XMC_CCU8_SLICE_CompareInit
                0x08027de0       0x74 ./Libraries/XMCLib/src/xmc_ccu8.o
                0x08027de0                XMC_CCU8_SLICE_CompareInit
 .text.XMC_CCU8_SetMultiChannelShadowTransferMode
                0x08027e54       0x38 ./Libraries/XMCLib/src/xmc_ccu8.o
                0x08027e54                XMC_CCU8_SetMultiChannelShadowTransferMode
 .text.XMC_CCU8_SLICE_StartConfig
                0x08027e8c       0x5c ./Libraries/XMCLib/src/xmc_ccu8.o
                0x08027e8c                XMC_CCU8_SLICE_StartConfig
 .text.XMC_CCU8_SLICE_StopConfig
                0x08027ee8       0x58 ./Libraries/XMCLib/src/xmc_ccu8.o
                0x08027ee8                XMC_CCU8_SLICE_StopConfig
 .text.XMC_CCU8_SLICE_LoadConfig
                0x08027f40       0x34 ./Libraries/XMCLib/src/xmc_ccu8.o
                0x08027f40                XMC_CCU8_SLICE_LoadConfig
 .text.XMC_CCU8_SLICE_LoadSelector
                0x08027f74       0x34 ./Libraries/XMCLib/src/xmc_ccu8.o
                0x08027f74                XMC_CCU8_SLICE_LoadSelector
 .text.XMC_CCU8_SLICE_ModulationConfig
                0x08027fa8       0x90 ./Libraries/XMCLib/src/xmc_ccu8.o
                0x08027fa8                XMC_CCU8_SLICE_ModulationConfig
 .text.XMC_CCU8_SLICE_CountConfig
                0x08028038       0x34 ./Libraries/XMCLib/src/xmc_ccu8.o
                0x08028038                XMC_CCU8_SLICE_CountConfig
 .text.XMC_CCU8_SLICE_GateConfig
                0x0802806c       0x34 ./Libraries/XMCLib/src/xmc_ccu8.o
                0x0802806c                XMC_CCU8_SLICE_GateConfig
 .text.XMC_CCU8_SLICE_DirectionConfig
                0x080280a0       0x34 ./Libraries/XMCLib/src/xmc_ccu8.o
                0x080280a0                XMC_CCU8_SLICE_DirectionConfig
 .text.XMC_CCU8_SLICE_StatusBitOverrideConfig
                0x080280d4       0x30 ./Libraries/XMCLib/src/xmc_ccu8.o
                0x080280d4                XMC_CCU8_SLICE_StatusBitOverrideConfig
 .text.XMC_CCU8_SLICE_TrapConfig
                0x08028104       0x74 ./Libraries/XMCLib/src/xmc_ccu8.o
                0x08028104                XMC_CCU8_SLICE_TrapConfig
 .text.XMC_CCU8_SLICE_ConfigureStatusBitOverrideEvent
                0x08028178       0xc4 ./Libraries/XMCLib/src/xmc_ccu8.o
                0x08028178                XMC_CCU8_SLICE_ConfigureStatusBitOverrideEvent
 .text.XMC_CCU8_SLICE_ConfigureEvent
                0x0802823c       0xd4 ./Libraries/XMCLib/src/xmc_ccu8.o
                0x0802823c                XMC_CCU8_SLICE_ConfigureEvent
 .text.XMC_CCU8_SLICE_SetTimerPeriodMatch
                0x08028310       0x1c ./Libraries/XMCLib/src/xmc_ccu8.o
                0x08028310                XMC_CCU8_SLICE_SetTimerPeriodMatch
 .text.XMC_CCU8_SLICE_SetTimerCompareMatch
                0x0802832c       0x30 ./Libraries/XMCLib/src/xmc_ccu8.o
                0x0802832c                XMC_CCU8_SLICE_SetTimerCompareMatch
 .text.XMC_CCU8_SLICE_SetInterruptNode
                0x0802835c       0xb8 ./Libraries/XMCLib/src/xmc_ccu8.o
                0x0802835c                XMC_CCU8_SLICE_SetInterruptNode
 .text.XMC_CCU8_SLICE_DeadTimeInit
                0x08028414       0x2c ./Libraries/XMCLib/src/xmc_ccu8.o
                0x08028414                XMC_CCU8_SLICE_DeadTimeInit
 .text.XMC_ECAT_Enable
                0x08028440       0x24 ./Libraries/XMCLib/src/xmc_ecat.o
                0x08028440                XMC_ECAT_Enable
 .text.XMC_ECAT_Init
                0x08028464       0x78 ./Libraries/XMCLib/src/xmc_ecat.o
                0x08028464                XMC_ECAT_Init
 .text.XMC_ECAT_DisableEvent
                0x080284dc       0x28 ./Libraries/XMCLib/src/xmc_ecat.o
                0x080284dc                XMC_ECAT_DisableEvent
 .text.XMC_ECAT_DisableSyncManChannel
                0x08028504       0x38 ./Libraries/XMCLib/src/xmc_ecat.o
                0x08028504                XMC_ECAT_DisableSyncManChannel
 .text.XMC_ERU_ETL_Init
                0x0802853c       0x4c ./Libraries/XMCLib/src/xmc_eru.o
                0x0802853c                XMC_ERU_ETL_Init
 .text.XMC_ERU_OGU_Init
                0x08028588       0x28 ./Libraries/XMCLib/src/xmc_eru.o
                0x08028588                XMC_ERU_OGU_Init
 .text.XMC_FCE_Init
                0x080285b0       0x2c ./Libraries/XMCLib/src/xmc_fce.o
                0x080285b0                XMC_FCE_Init
 .text.XMC_FCE_Enable
                0x080285dc       0x28 ./Libraries/XMCLib/src/xmc_fce.o
                0x080285dc                XMC_FCE_Enable
 .text.XMC_FCE_CalculateCRC32
                0x08028604       0x60 ./Libraries/XMCLib/src/xmc_fce.o
                0x08028604                XMC_FCE_CalculateCRC32
 .text.XMC_GPIO_SetMode
                0x08028664       0x80 ./Libraries/XMCLib/src/xmc_gpio.o
                0x08028664                XMC_GPIO_SetMode
 .text.XMC_GPIO_SetHardwareControl
                0x080286e4       0x44 ./Libraries/XMCLib/src/xmc_gpio.o
                0x080286e4                XMC_GPIO_SetHardwareControl
 .text._sbrk    0x08028728       0x68 ./Libraries/Newlib/syscalls.o
                0x08028728                _sbrk
 .text._init    0x08028790        0xc ./Libraries/Newlib/syscalls.o
                0x08028790                _init
 .text.XMC_CCU4_EnableClock
                0x0802879c       0x28 ./Dave/Generated/TIMER/timer.o
 .text.XMC_CCU4_SLICE_StartTimer
                0x080287c4       0x18 ./Dave/Generated/TIMER/timer.o
 .text.XMC_CCU4_SLICE_ClearTimer
                0x080287dc       0x18 ./Dave/Generated/TIMER/timer.o
 .text.XMC_CCU4_SLICE_SetTimerPeriodMatch
                0x080287f4       0x1c ./Dave/Generated/TIMER/timer.o
 .text.XMC_CCU4_SLICE_SetTimerCompareMatch
                0x08028810       0x1c ./Dave/Generated/TIMER/timer.o
 .text.XMC_CCU4_EnableShadowTransfer
                0x0802882c       0x1c ./Dave/Generated/TIMER/timer.o
 .text.XMC_CCU4_SLICE_EnableEvent
                0x08028848       0x2c ./Dave/Generated/TIMER/timer.o
 .text.TIMER_Init
                0x08028874       0x3c ./Dave/Generated/TIMER/timer.o
                0x08028874                TIMER_Init
 .text.TIMER_Start
                0x080288b0       0x3c ./Dave/Generated/TIMER/timer.o
                0x080288b0                TIMER_Start
 .text.TIMER_CCU4_lInit
                0x080288ec       0x98 ./Dave/Generated/TIMER/timer.o
                0x080288ec                TIMER_CCU4_lInit
 .text.TIMER_CCU4_lShadowTransfer
                0x08028984       0x3c ./Dave/Generated/TIMER/timer.o
                0x08028984                TIMER_CCU4_lShadowTransfer
 .text.XMC_CCU8_EnableClock
                0x080289c0       0x28 ./Dave/Generated/PWM_CCU8/pwm_ccu8.o
 .text.XMC_CCU8_SLICE_EnableTrap
                0x080289e8       0x24 ./Dave/Generated/PWM_CCU8/pwm_ccu8.o
 .text.XMC_CCU8_SLICE_StartTimer
                0x08028a0c       0x18 ./Dave/Generated/PWM_CCU8/pwm_ccu8.o
 .text.XMC_CCU8_EnableShadowTransfer
                0x08028a24       0x1c ./Dave/Generated/PWM_CCU8/pwm_ccu8.o
 .text.XMC_CCU8_SLICE_EnableEvent
                0x08028a40       0x2c ./Dave/Generated/PWM_CCU8/pwm_ccu8.o
 .text.XMC_CCU8_SLICE_SetShadowTransferMode
                0x08028a6c       0x30 ./Dave/Generated/PWM_CCU8/pwm_ccu8.o
 .text.PWM_CCU8_Init
                0x08028a9c      0x170 ./Dave/Generated/PWM_CCU8/pwm_ccu8.o
                0x08028a9c                PWM_CCU8_Init
 .text.PWM_CCU8_lInit_Interrupt
                0x08028c0c      0x188 ./Dave/Generated/PWM_CCU8/pwm_ccu8.o
 .text.PWM_CCU8_lInit_GPIO
                0x08028d94       0xbc ./Dave/Generated/PWM_CCU8/pwm_ccu8.o
 .text.PWM_CCU8_lConfigure_Events
                0x08028e50      0x1e0 ./Dave/Generated/PWM_CCU8/pwm_ccu8.o
 .text.PWM_CCU8_Start
                0x08029030       0x58 ./Dave/Generated/PWM_CCU8/pwm_ccu8.o
                0x08029030                PWM_CCU8_Start
 .text.__NVIC_GetPriorityGrouping
                0x08029088       0x1c ./Dave/Generated/INTERRUPT/interrupt.o
 .text.__NVIC_EnableIRQ
                0x080290a4       0x38 ./Dave/Generated/INTERRUPT/interrupt.o
 .text.__NVIC_SetPriority
                0x080290dc       0x54 ./Dave/Generated/INTERRUPT/interrupt.o
 .text.NVIC_EncodePriority
                0x08029130       0x64 ./Dave/Generated/INTERRUPT/interrupt.o
 .text.INTERRUPT_Enable
                0x08029194       0x1c ./Dave/Generated/INTERRUPT/interrupt.o
 .text.INTERRUPT_Init
                0x080291b0       0x4c ./Dave/Generated/INTERRUPT/interrupt.o
                0x080291b0                INTERRUPT_Init
 .text.XMC_CCU8_StartPrescaler
                0x080291fc       0x20 ./Dave/Generated/GLOBAL_CCU8/global_ccu8.o
 .text.GLOBAL_CCU8_Init
                0x0802921c       0x40 ./Dave/Generated/GLOBAL_CCU8/global_ccu8.o
                0x0802921c                GLOBAL_CCU8_Init
 .text.XMC_CCU4_StartPrescaler
                0x0802925c       0x20 ./Dave/Generated/GLOBAL_CCU4/global_ccu4.o
 .text.GLOBAL_CCU4_Init
                0x0802927c       0x40 ./Dave/Generated/GLOBAL_CCU4/global_ccu4.o
                0x0802927c                GLOBAL_CCU4_Init
 .text.XMC_FLASH_SetMargin
                0x080292bc       0x34 ./Dave/Generated/E_EEPROM_XMC4/e_eeprom_xmc4.o
 .text.XMC_FLASH_EnableDoubleBitErrorTrap
                0x080292f0       0x28 ./Dave/Generated/E_EEPROM_XMC4/e_eeprom_xmc4.o
 .text.XMC_FLASH_DisableDoubleBitErrorTrap
                0x08029318       0x28 ./Dave/Generated/E_EEPROM_XMC4/e_eeprom_xmc4.o
 .text.XMC_FCE_InitializeSeedValue
                0x08029340       0x1c ./Dave/Generated/E_EEPROM_XMC4/e_eeprom_xmc4.o
 .text.E_EEPROM_XMC4_Init
                0x0802935c       0xd4 ./Dave/Generated/E_EEPROM_XMC4/e_eeprom_xmc4.o
                0x0802935c                E_EEPROM_XMC4_Init
 .text.E_EEPROM_XMC4_WriteArray
                0x08029430       0x64 ./Dave/Generated/E_EEPROM_XMC4/e_eeprom_xmc4.o
                0x08029430                E_EEPROM_XMC4_WriteArray
 .text.E_EEPROM_XMC4_ReadArray
                0x08029494       0x4c ./Dave/Generated/E_EEPROM_XMC4/e_eeprom_xmc4.o
                0x08029494                E_EEPROM_XMC4_ReadArray
 .text.E_EEPROM_XMC4_UpdateFlashContents
                0x080294e0       0xa4 ./Dave/Generated/E_EEPROM_XMC4/e_eeprom_xmc4.o
                0x080294e0                E_EEPROM_XMC4_UpdateFlashContents
 .text.E_EEPROM_XMC4_IsFlashEmpty
                0x08029584       0x28 ./Dave/Generated/E_EEPROM_XMC4/e_eeprom_xmc4.o
                0x08029584                E_EEPROM_XMC4_IsFlashEmpty
 .text.E_EEPROM_XMC4_lWriteToFlash
                0x080295ac       0x78 ./Dave/Generated/E_EEPROM_XMC4/e_eeprom_xmc4.o
 .text.E_EEPROM_XMC4_lInitReadSectorInfo
                0x08029624       0xac ./Dave/Generated/E_EEPROM_XMC4/e_eeprom_xmc4.o
 .text.E_EEPROM_XMC4_lInitEraseStateMachine
                0x080296d0       0x80 ./Dave/Generated/E_EEPROM_XMC4/e_eeprom_xmc4.o
 .text.E_EEPROM_XMC4_lCalculateCRC
                0x08029750       0x30 ./Dave/Generated/E_EEPROM_XMC4/e_eeprom_xmc4.o
 .text.E_EEPROM_XMC4_lCopyFlashToRam
                0x08029780       0x4c ./Dave/Generated/E_EEPROM_XMC4/e_eeprom_xmc4.o
 .text.EVENT_GENERATOR_Init
                0x080297cc       0x48 ./Dave/Generated/EVENT_GENERATOR/event_generator.o
                0x080297cc                EVENT_GENERATOR_Init
 .text.EVENT_DETECTOR_Init
                0x08029814       0x3c ./Dave/Generated/EVENT_DETECTOR/event_detector.o
                0x08029814                EVENT_DETECTOR_Init
 .text.ECAT_SSC_Init
                0x08029850       0xb4 ./Dave/Generated/ECAT_SSC/ecat_ssc.o
                0x08029850                ECAT_SSC_Init
 .text.__NVIC_GetPriorityGrouping
                0x08029904       0x1c ./Dave/Generated/ECAT_SSC/xmc_eschw.o
 .text.__NVIC_EnableIRQ
                0x08029920       0x38 ./Dave/Generated/ECAT_SSC/xmc_eschw.o
 .text.__NVIC_DisableIRQ
                0x08029958       0x44 ./Dave/Generated/ECAT_SSC/xmc_eschw.o
 .text.__NVIC_SetPriority
                0x0802999c       0x54 ./Dave/Generated/ECAT_SSC/xmc_eschw.o
 .text.NVIC_EncodePriority
                0x080299f0       0x64 ./Dave/Generated/ECAT_SSC/xmc_eschw.o
 .text.XMC_ECAT_SetPortControl
                0x08029a54       0x2c ./Dave/Generated/ECAT_SSC/xmc_eschw.o
 .text.HW_EscRead
                0x08029a80       0x2c ./Dave/Generated/ECAT_SSC/xmc_eschw.o
 .text.HW_EscWrite
                0x08029aac       0x2c ./Dave/Generated/ECAT_SSC/xmc_eschw.o
 .text.INTERRUPT_Enable
                0x08029ad8       0x1c ./Dave/Generated/ECAT_SSC/xmc_eschw.o
 .text.INTERRUPT_Disable
                0x08029af4       0x1c ./Dave/Generated/ECAT_SSC/xmc_eschw.o
 .text.HW_Init  0x08029b10      0x3a4 ./Dave/Generated/ECAT_SSC/xmc_eschw.o
                0x08029b10                HW_Init
 .text.HW_EepromWrite
                0x08029eb4       0x94 ./Dave/Generated/ECAT_SSC/xmc_eschw.o
                0x08029eb4                HW_EepromWrite
 .text.HW_EepromReload
                0x08029f48       0x8c ./Dave/Generated/ECAT_SSC/xmc_eschw.o
                0x08029f48                HW_EepromReload
 .text.ECAT0_0_IRQHandler
                0x08029fd4        0xc ./Dave/Generated/ECAT_SSC/xmc_eschw.o
                0x08029fd4                ECAT0_0_IRQHandler
 .text.CCU43_1_IRQHandler
                0x08029fe0       0x18 ./Dave/Generated/ECAT_SSC/xmc_eschw.o
                0x08029fe0                CCU43_1_IRQHandler
 .text.ENABLE_ESC_INT
                0x08029ff8       0x1c ./Dave/Generated/ECAT_SSC/xmc_eschw.o
                0x08029ff8                ENABLE_ESC_INT
 .text.DISABLE_ESC_INT
                0x0802a014       0x40 ./Dave/Generated/ECAT_SSC/xmc_eschw.o
                0x0802a014                DISABLE_ESC_INT
 .text.__NVIC_SetPriorityGrouping
                0x0802a054       0x48 ./Dave/Generated/CPU_CTRL_XMC4/cpu_ctrl_xmc4_conf.o
 .text.SystemCoreSetup
                0x0802a09c       0xa0 ./Dave/Generated/CPU_CTRL_XMC4/cpu_ctrl_xmc4_conf.o
                0x0802a09c                SystemCoreSetup
 .text.CLOCK_XMC4_Init
                0x0802a13c       0x20 ./Dave/Generated/CLOCK_XMC4/clock_xmc4.o
                0x0802a13c                CLOCK_XMC4_Init
 .text.OSCHP_GetFrequency
                0x0802a15c       0x14 ./Dave/Generated/CLOCK_XMC4/clock_xmc4.o
                0x0802a15c                OSCHP_GetFrequency
 .text.XMC_SCU_CLOCK_SetECATClockSource
                0x0802a170       0x28 ./Dave/Generated/CLOCK_XMC4/clock_xmc4_conf.o
 .text.SystemCoreClockSetup
                0x0802a198       0x60 ./Dave/Generated/CLOCK_XMC4/clock_xmc4_conf.o
                0x0802a198                SystemCoreClockSetup
 .text.DAVE_Init
                0x0802a1f8       0xc4 ./Dave/Generated/DAVE.o
                0x0802a1f8                DAVE_Init
 .text.FWUPDATE_StartDownload
                0x0802a2bc       0x2c ./firmwareupdate_SSC.o
                0x0802a2bc                FWUPDATE_StartDownload
 .text.FWUPDATE_StateTransitionInit
                0x0802a2e8       0x24 ./firmwareupdate_SSC.o
                0x0802a2e8                FWUPDATE_StateTransitionInit
 .text.FWUPDATE_GetDownloadFinished
                0x0802a30c       0x18 ./firmwareupdate_SSC.o
                0x0802a30c                FWUPDATE_GetDownloadFinished
 .text.FWUPDATE_Data
                0x0802a324       0xd4 ./firmwareupdate_SSC.o
                0x0802a324                FWUPDATE_Data
 .text.XMC_FCE_GetCRCResult
                0x0802a3f8       0x20 ./flashprog.o
 .text.Flash_lGetPhysicalSector
                0x0802a418       0x54 ./flashprog.o
                0x0802a418                Flash_lGetPhysicalSector
 .text.Flash_lGetPhysicalSectorNumber
                0x0802a46c       0x40 ./flashprog.o
                0x0802a46c                Flash_lGetPhysicalSectorNumber
 .text.FLASHPROG_Init
                0x0802a4ac       0x78 ./flashprog.o
                0x0802a4ac                FLASHPROG_Init
 .text.FLASHPROG_Data
                0x0802a524      0x148 ./flashprog.o
                0x0802a524                FLASHPROG_Data
 .text.FLASHPROG_Close
                0x0802a66c       0x58 ./flashprog.o
                0x0802a66c                FLASHPROG_Close
 .text.FLASHPROG_Bytes_written
                0x0802a6c4       0x18 ./flashprog.o
                0x0802a6c4                FLASHPROG_Bytes_written
 .text.FLASHPROG_CRC32_check
                0x0802a6dc       0x68 ./flashprog.o
                0x0802a6dc                FLASHPROG_CRC32_check
 .text.__NVIC_EnableIRQ
                0x0802a744       0x38 ./main.o
 .text.__NVIC_DisableIRQ
                0x0802a77c       0x44 ./main.o
 .text.XMC_SCU_RESET_ClearDeviceResetReason
                0x0802a7c0       0x18 ./main.o
 .text.XMC_GPIO_SetOutputLevel
                0x0802a7d8       0x24 ./main.o
 .text.XMC_GPIO_SetOutputHigh
                0x0802a7fc       0x20 ./main.o
 .text.XMC_GPIO_GetInput
                0x0802a81c       0x28 ./main.o
 .text.XMC_GPIO_EnableDigitalInput
                0x0802a844       0x2c ./main.o
 .text.INTERRUPT_Enable
                0x0802a870       0x1c ./main.o
 .text.INTERRUPT_Disable
                0x0802a88c       0x1c ./main.o
 .text.Init_ECAT_Adapt_LED
                0x0802a8a8       0xa8 ./main.o
                0x0802a8a8                Init_ECAT_Adapt_LED
 .text.Init_Relax_Button
                0x0802a950       0x30 ./main.o
                0x0802a950                Init_Relax_Button
 .text.process_app
                0x0802a980      0x190 ./main.o
                0x0802a980                process_app
 .text.main     0x0802ab10       0x20 ./main.o
                0x0802ab10                main
 .text.ERU1_0_IRQHandler
                0x0802ab30        0xc ./main.o
                0x0802ab30                ERU1_0_IRQHandler
 .text.ERU1_3_IRQHandler
                0x0802ab3c        0xc ./main.o
                0x0802ab3c                ERU1_3_IRQHandler
 .text.ENABLE_ESC_INT_USER
                0x0802ab48       0x1c ./main.o
                0x0802ab48                ENABLE_ESC_INT_USER
 .text.DISABLE_ESC_INT_USER
                0x0802ab64       0x1c ./main.o
                0x0802ab64                DISABLE_ESC_INT_USER
 .text.__errno  0x0802ab80        0xc c:/program files/dave-ide-4.4.2-64bit/eclipse/arm-gcc-49/bin/../lib/gcc/arm-none-eabi/4.9.3/../../../../arm-none-eabi/lib/armv7e-m/softfp\libg_nano.a(lib_a-errno.o)
                0x0802ab80                __errno
 .text.__libc_init_array
                0x0802ab8c       0x4c c:/program files/dave-ide-4.4.2-64bit/eclipse/arm-gcc-49/bin/../lib/gcc/arm-none-eabi/4.9.3/../../../../arm-none-eabi/lib/armv7e-m/softfp\libg_nano.a(lib_a-init.o)
                0x0802ab8c                __libc_init_array
 .text.malloc   0x0802abd8       0x10 c:/program files/dave-ide-4.4.2-64bit/eclipse/arm-gcc-49/bin/../lib/gcc/arm-none-eabi/4.9.3/../../../../arm-none-eabi/lib/armv7e-m/softfp\libg_nano.a(lib_a-malloc.o)
                0x0802abd8                malloc
 .text.free     0x0802abe8       0x10 c:/program files/dave-ide-4.4.2-64bit/eclipse/arm-gcc-49/bin/../lib/gcc/arm-none-eabi/4.9.3/../../../../arm-none-eabi/lib/armv7e-m/softfp\libg_nano.a(lib_a-malloc.o)
                0x0802abe8                free
 .text.memcmp   0x0802abf8       0x20 c:/program files/dave-ide-4.4.2-64bit/eclipse/arm-gcc-49/bin/../lib/gcc/arm-none-eabi/4.9.3/../../../../arm-none-eabi/lib/armv7e-m/softfp\libg_nano.a(lib_a-memcmp.o)
                0x0802abf8                memcmp
 .text.memcpy   0x0802ac18       0x16 c:/program files/dave-ide-4.4.2-64bit/eclipse/arm-gcc-49/bin/../lib/gcc/arm-none-eabi/4.9.3/../../../../arm-none-eabi/lib/armv7e-m/softfp\libg_nano.a(lib_a-memcpy.o)
                0x0802ac18                memcpy
 .text.memset   0x0802ac2e       0x10 c:/program files/dave-ide-4.4.2-64bit/eclipse/arm-gcc-49/bin/../lib/gcc/arm-none-eabi/4.9.3/../../../../arm-none-eabi/lib/armv7e-m/softfp\libg_nano.a(lib_a-memset.o)
                0x0802ac2e                memset
 *fill*         0x0802ac3e        0x2 
 .text._free_r  0x0802ac40       0x88 c:/program files/dave-ide-4.4.2-64bit/eclipse/arm-gcc-49/bin/../lib/gcc/arm-none-eabi/4.9.3/../../../../arm-none-eabi/lib/armv7e-m/softfp\libg_nano.a(lib_a-nano-freer.o)
                0x0802ac40                _free_r
 .text._malloc_r
                0x0802acc8       0xac c:/program files/dave-ide-4.4.2-64bit/eclipse/arm-gcc-49/bin/../lib/gcc/arm-none-eabi/4.9.3/../../../../arm-none-eabi/lib/armv7e-m/softfp\libg_nano.a(lib_a-nano-mallocr.o)
                0x0802acc8                _malloc_r
 .text._sbrk_r  0x0802ad74       0x20 c:/program files/dave-ide-4.4.2-64bit/eclipse/arm-gcc-49/bin/../lib/gcc/arm-none-eabi/4.9.3/../../../../arm-none-eabi/lib/armv7e-m/softfp\libg_nano.a(lib_a-sbrkr.o)
                0x0802ad74                _sbrk_r
 .text.strlen   0x0802ad94       0x10 c:/program files/dave-ide-4.4.2-64bit/eclipse/arm-gcc-49/bin/../lib/gcc/arm-none-eabi/4.9.3/../../../../arm-none-eabi/lib/armv7e-m/softfp\libg_nano.a(lib_a-strlen.o)
                0x0802ad94                strlen
 *(.init)
 *(.fini)
 *crtbegin.o(.ctors)
 *crtbegin?.o(.ctors)
 *(EXCLUDE_FILE(*crtend.o *crtend?.o) .ctors)
 *(SORT(.ctors.*))
 *(.ctors)
 *crtbegin.o(.dtors)
 *crtbegin?.o(.dtors)
 *(EXCLUDE_FILE(*crtend.o *crtend?.o) .dtors)
 *(SORT(.dtors.*))
 *(.dtors)
 *(.rodata .rodata.*)
 .rodata.asEntryDesc0x1600
                0x0802ada4       0x50 ./SSC/Src/coeappl.o
                0x0802ada4                asEntryDesc0x1600
 .rodata.aName0x1600
                0x0802adf4       0xc0 ./SSC/Src/coeappl.o
                0x0802adf4                aName0x1600
 .rodata.asEntryDesc0x1A00
                0x0802aeb4       0x50 ./SSC/Src/coeappl.o
                0x0802aeb4                asEntryDesc0x1A00
 .rodata.aName0x1A00
                0x0802af04       0xc0 ./SSC/Src/coeappl.o
                0x0802af04                aName0x1A00
 .rodata.asEntryDesc0x1C12
                0x0802afc4        0xc ./SSC/Src/coeappl.o
                0x0802afc4                asEntryDesc0x1C12
 .rodata.aName0x1C12
                0x0802afd0       0x1c ./SSC/Src/coeappl.o
                0x0802afd0                aName0x1C12
 .rodata.asEntryDesc0x1C13
                0x0802afec        0xc ./SSC/Src/coeappl.o
                0x0802afec                asEntryDesc0x1C13
 .rodata.aName0x1C13
                0x0802aff8       0x1c ./SSC/Src/coeappl.o
                0x0802aff8                aName0x1C13
 .rodata.asEntryDesc0x6000
                0x0802b014       0x50 ./SSC/Src/coeappl.o
                0x0802b014                asEntryDesc0x6000
 .rodata.aName0x6000
                0x0802b064       0xa0 ./SSC/Src/coeappl.o
                0x0802b064                aName0x6000
 .rodata.asEntryDesc0x7000
                0x0802b104       0x50 ./SSC/Src/coeappl.o
                0x0802b104                asEntryDesc0x7000
 .rodata.aName0x7000
                0x0802b154       0xac ./SSC/Src/coeappl.o
                0x0802b154                aName0x7000
 .rodata.asEntryDesc0xF000
                0x0802b200       0x14 ./SSC/Src/coeappl.o
                0x0802b200                asEntryDesc0xF000
 .rodata.aName0xF000
                0x0802b214       0x44 ./SSC/Src/coeappl.o
                0x0802b214                aName0xF000
 .rodata.sEntryDesc0x1000
                0x0802b258        0x8 ./SSC/Src/coeappl.o
                0x0802b258                sEntryDesc0x1000
 .rodata.aName0x1000
                0x0802b260        0xc ./SSC/Src/coeappl.o
                0x0802b260                aName0x1000
 .rodata.sEntryDesc0x1001
                0x0802b26c        0x8 ./SSC/Src/coeappl.o
                0x0802b26c                sEntryDesc0x1001
 .rodata.aName0x1001
                0x0802b274       0x10 ./SSC/Src/coeappl.o
                0x0802b274                aName0x1001
 .rodata.sEntryDesc0x1008
                0x0802b284        0x8 ./SSC/Src/coeappl.o
                0x0802b284                sEntryDesc0x1008
 .rodata.aName0x1008
                0x0802b28c        0xc ./SSC/Src/coeappl.o
                0x0802b28c                aName0x1008
 .rodata.sEntryDesc0x1009
                0x0802b298        0x8 ./SSC/Src/coeappl.o
                0x0802b298                sEntryDesc0x1009
 .rodata.aName0x1009
                0x0802b2a0       0x14 ./SSC/Src/coeappl.o
                0x0802b2a0                aName0x1009
 .rodata.sEntryDesc0x100A
                0x0802b2b4        0x8 ./SSC/Src/coeappl.o
                0x0802b2b4                sEntryDesc0x100A
 .rodata.aName0x100A
                0x0802b2bc       0x14 ./SSC/Src/coeappl.o
                0x0802b2bc                aName0x100A
 .rodata.asEntryDesc0x1018
                0x0802b2d0       0x20 ./SSC/Src/coeappl.o
                0x0802b2d0                asEntryDesc0x1018
 .rodata.aName0x1018
                0x0802b2f0       0x3c ./SSC/Src/coeappl.o
                0x0802b2f0                aName0x1018
 .rodata.asEntryDesc0x10F1
                0x0802b32c       0x14 ./SSC/Src/coeappl.o
                0x0802b32c                asEntryDesc0x10F1
 .rodata.aName0x10F1
                0x0802b340       0x40 ./SSC/Src/coeappl.o
                0x0802b340                aName0x10F1
 .rodata.sEntryDesc0x10F8
                0x0802b380        0x8 ./SSC/Src/coeappl.o
                0x0802b380                sEntryDesc0x10F8
 .rodata.aName0x10F8
                0x0802b388       0x14 ./SSC/Src/coeappl.o
                0x0802b388                aName0x10F8
 .rodata.asEntryDesc0x1C00
                0x0802b39c        0xc ./SSC/Src/coeappl.o
                0x0802b39c                asEntryDesc0x1C00
 .rodata.aName0x1C00
                0x0802b3a8       0x14 ./SSC/Src/coeappl.o
                0x0802b3a8                aName0x1C00
 .rodata.asEntryDesc0x1C3x
                0x0802b3bc       0xc8 ./SSC/Src/coeappl.o
                0x0802b3bc                asEntryDesc0x1C3x
 .rodata.aName0x1C32
                0x0802b484      0x100 ./SSC/Src/coeappl.o
                0x0802b484                aName0x1C32
 .rodata.aName0x1C33
                0x0802b584      0x100 ./SSC/Src/coeappl.o
                0x0802b584                aName0x1C33
 .rodata.cBitMask
                0x0802b684       0x20 ./SSC/Src/objdef.o
                0x0802b684                cBitMask
 .rodata.cAbortCode
                0x0802b6a4       0x78 ./SSC/Src/sdoserv.o
                0x0802b6a4                cAbortCode
 .rodata.PWM_CCU8_0_timer_handle
                0x0802b71c       0x10 ./Dave/Generated/PWM_CCU8/pwm_ccu8_conf.o
                0x0802b71c                PWM_CCU8_0_timer_handle
 .rodata.PWM_CCU8_0_event0_config
                0x0802b72c        0x4 ./Dave/Generated/PWM_CCU8/pwm_ccu8_conf.o
                0x0802b72c                PWM_CCU8_0_event0_config
 .rodata.PWM_CCU8_0_event1_config
                0x0802b730        0x4 ./Dave/Generated/PWM_CCU8/pwm_ccu8_conf.o
                0x0802b730                PWM_CCU8_0_event1_config
 .rodata.PWM_CCU8_0_event2_config
                0x0802b734        0x4 ./Dave/Generated/PWM_CCU8/pwm_ccu8_conf.o
                0x0802b734                PWM_CCU8_0_event2_config
 .rodata.PWM_CCU8_0_dt_config
                0x0802b738        0xc ./Dave/Generated/PWM_CCU8/pwm_ccu8_conf.o
                0x0802b738                PWM_CCU8_0_dt_config
 .rodata.PWM_CCU8_0_ch1_out1_config
                0x0802b744        0xc ./Dave/Generated/PWM_CCU8/pwm_ccu8_conf.o
                0x0802b744                PWM_CCU8_0_ch1_out1_config
 .rodata.PWM_CCU8_0_config_handle
                0x0802b750       0x90 ./Dave/Generated/PWM_CCU8/pwm_ccu8_conf.o
                0x0802b750                PWM_CCU8_0_config_handle
 .rodata.INTERRUPT_0
                0x0802b7e0        0x4 ./Dave/Generated/INTERRUPT/interrupt_conf.o
                0x0802b7e0                INTERRUPT_0
 .rodata.INT_SYNC1
                0x0802b7e4        0x4 ./Dave/Generated/INTERRUPT/interrupt_conf.o
                0x0802b7e4                INT_SYNC1
 .rodata.INT_SYNC0
                0x0802b7e8        0x4 ./Dave/Generated/INTERRUPT/interrupt_conf.o
                0x0802b7e8                INT_SYNC0
 .rodata.e_eeprom_xmc4_fce
                0x0802b7ec        0xc ./Dave/Generated/E_EEPROM_XMC4/e_eeprom_xmc4.o
 .rodata.EG_SYNC1_OGU_Config
                0x0802b7f8        0x4 ./Dave/Generated/EVENT_GENERATOR/event_generator_conf.o
                0x0802b7f8                EG_SYNC1_OGU_Config
 .rodata.EG_SYNC0_OGU_Config
                0x0802b7fc        0x4 ./Dave/Generated/EVENT_GENERATOR/event_generator_conf.o
                0x0802b7fc                EG_SYNC0_OGU_Config
 .rodata.ED_SYNC1_ETL_Config
                0x0802b800        0x8 ./Dave/Generated/EVENT_DETECTOR/event_detector_conf.o
                0x0802b800                ED_SYNC1_ETL_Config
 .rodata.ED_SYNC0_ETL_Config
                0x0802b808        0x8 ./Dave/Generated/EVENT_DETECTOR/event_detector_conf.o
                0x0802b808                ED_SYNC0_ETL_Config
 .rodata.ECAT_SSC_0
                0x0802b810        0xc ./Dave/Generated/ECAT_SSC/ecat_ssc_conf.o
                0x0802b810                ECAT_SSC_0
 .rodata        0x0802b81c       0x14 ./Dave/Generated/CLOCK_XMC4/clock_xmc4_conf.o
 .rodata.str1.1
                0x0802b830        0x2 c:/program files/dave-ide-4.4.2-64bit/eclipse/arm-gcc-49/bin/../lib/gcc/arm-none-eabi/4.9.3/../../../../arm-none-eabi/lib/armv7e-m/softfp\libg_nano.a(lib_a-impure.o)
 *(.gnu.linkonce.r*)

.glue_7         0x0802b834        0x0 load address 0x0c02b832
 .glue_7        0x00000000        0x0 linker stubs

.glue_7t        0x0802b834        0x0 load address 0x0c02b832
 .glue_7t       0x00000000        0x0 linker stubs

.vfp11_veneer   0x0802b834        0x0 load address 0x0c02b832
 .vfp11_veneer  0x00000000        0x0 linker stubs

.v4_bx          0x0802b834        0x0 load address 0x0c02b832
 .v4_bx         0x00000000        0x0 linker stubs

.iplt           0x0802b834        0x0 load address 0x0c02b832
 .iplt          0x00000000        0x0 ./Startup/startup_XMC4800.o

.rel.dyn        0x0802b834        0x0 load address 0x0c02b832
 .rel.iplt      0x00000000        0x0 ./Startup/startup_XMC4800.o

.eh_frame_hdr
 *(.eh_frame_hdr)

.eh_frame
 *(.eh_frame)

.ARM.extab
 *(.ARM.extab* .gnu.linkonce.armextab.*)
                0x0802b834                . = ALIGN (0x4)
                0x0802b834                __exidx_start = .

.ARM.exidx
 *(.ARM.exidx* .gnu.linkonce.armexidx.*)
                0x0802b834                __exidx_end = .
                0x0802b834                . = ALIGN (0x4)

Stack           0x1ffe8000      0x800
                0x1ffe8000                __stack_start = .
                0x1ffe8800                . = (. + stack_size)
 *fill*         0x1ffe8000      0x800 
                0x1ffe8800                __stack_end = .
                0x1ffe8800                __initial_sp = .

.ram_code       0x1ffe8800        0x0 load address 0x0c02b832
                0x1ffe8800                . = ALIGN (0x4)
                0x1ffe8800                __ram_code_start = .
 *(.ram_code)
                0x1ffe8800                . = ALIGN (0x4)
                0x1ffe8800                __ram_code_end = .
                0x0c02b832                __ram_code_load = LOADADDR (.ram_code)
                0x00000000                __ram_code_size = (__ram_code_end - __ram_code_start)

.data           0x1ffe8800      0xd70 load address 0x0c02b832
                0x1ffe8800                . = ALIGN (0x4)
                0x1ffe8800                __data_start = .
 *(vtable)
 *(.data)
 *(.data*)
 .data.OUT_GENERICProcessDataMapping0x1600
                0x1ffe8800       0x34 ./SSC/Src/XMC_ESC.o
                0x1ffe8800                OUT_GENERICProcessDataMapping0x1600
 .data.IN_GENERICProcessDataMapping0x1A00
                0x1ffe8834       0x34 ./SSC/Src/XMC_ESC.o
                0x1ffe8834                IN_GENERICProcessDataMapping0x1A00
 .data.sRxPDOassign
                0x1ffe8868        0x4 ./SSC/Src/XMC_ESC.o
                0x1ffe8868                sRxPDOassign
 .data.sTxPDOassign
                0x1ffe886c        0x4 ./SSC/Src/XMC_ESC.o
                0x1ffe886c                sTxPDOassign
 .data.IN_GENERIC0x6000
                0x1ffe8870        0xc ./SSC/Src/XMC_ESC.o
                0x1ffe8870                IN_GENERIC0x6000
 .data.OUT_GENERIC0x7000
                0x1ffe887c        0xc ./SSC/Src/XMC_ESC.o
                0x1ffe887c                OUT_GENERIC0x7000
 .data.ModularDeviceProfile0xF000
                0x1ffe8888        0x8 ./SSC/Src/XMC_ESC.o
                0x1ffe8888                ModularDeviceProfile0xF000
 .data.ApplicationObjDic
                0x1ffe8890      0x140 ./SSC/Src/coeappl.o
                0x1ffe8890                ApplicationObjDic
 .data.u32Devicetype
                0x1ffe89d0        0x4 ./SSC/Src/coeappl.o
                0x1ffe89d0                u32Devicetype
 .data.acDevicename
                0x1ffe89d4        0x8 ./SSC/Src/coeappl.o
                0x1ffe89d4                acDevicename
 .data.acHardwareversion
                0x1ffe89dc        0x4 ./SSC/Src/coeappl.o
                0x1ffe89dc                acHardwareversion
 .data.acSoftwareversion
                0x1ffe89e0        0x8 ./SSC/Src/coeappl.o
                0x1ffe89e0                acSoftwareversion
 .data.sIdentity
                0x1ffe89e8       0x14 ./SSC/Src/coeappl.o
                0x1ffe89e8                sIdentity
 .data.sSyncmanagertype
                0x1ffe89fc        0x8 ./SSC/Src/coeappl.o
                0x1ffe89fc                sSyncmanagertype
 .data.GenObjDic
                0x1ffe8a04      0x1e0 ./SSC/Src/coeappl.o
                0x1ffe8a04                GenObjDic
 .data.aEepromData
                0x1ffe8be4      0x800 ./SSC/Src/ecatappl.o
                0x1ffe8be4                aEepromData
 .data.sErrorSettings
                0x1ffe93e4        0xc ./SSC/Src/objdef.o
                0x1ffe93e4                sErrorSettings
 .data.aSubindexDesc
                0x1ffe93f0       0x10 ./SSC/Src/objdef.o
                0x1ffe93f0                aSubindexDesc
 .data.TIMER_0_config
                0x1ffe9400        0x8 ./Dave/Generated/TIMER/timer_conf.o
                0x1ffe9400                TIMER_0_config
 .data.TIMER_0  0x1ffe9408       0x28 ./Dave/Generated/TIMER/timer_conf.o
                0x1ffe9408                TIMER_0
 .data.PWM_CCU8_0
                0x1ffe9430       0x34 ./Dave/Generated/PWM_CCU8/pwm_ccu8_conf.o
                0x1ffe9430                PWM_CCU8_0
 .data.GLOBAL_CCU8_0
                0x1ffe9464       0x10 ./Dave/Generated/GLOBAL_CCU8/global_ccu8_conf.o
                0x1ffe9464                GLOBAL_CCU8_0
 .data.GLOBAL_CCU4_0
                0x1ffe9474       0x10 ./Dave/Generated/GLOBAL_CCU4/global_ccu4_conf.o
                0x1ffe9474                GLOBAL_CCU4_0
 .data.e_eeprom_xmc4_sector_info
                0x1ffe9484       0x10 ./Dave/Generated/E_EEPROM_XMC4/e_eeprom_xmc4.o
 .data.EG_SYNC1
                0x1ffe9494       0x10 ./Dave/Generated/EVENT_GENERATOR/event_generator_conf.o
                0x1ffe9494                EG_SYNC1
 .data.EG_SYNC0
                0x1ffe94a4       0x10 ./Dave/Generated/EVENT_GENERATOR/event_generator_conf.o
                0x1ffe94a4                EG_SYNC0
 .data.ED_SYNC1
                0x1ffe94b4       0x10 ./Dave/Generated/EVENT_DETECTOR/event_detector_conf.o
                0x1ffe94b4                ED_SYNC1
 .data.ED_SYNC0
                0x1ffe94c4       0x10 ./Dave/Generated/EVENT_DETECTOR/event_detector_conf.o
                0x1ffe94c4                ED_SYNC0
 .data.physical_sector_addresses
                0x1ffe94d4       0x2c ./flashprog.o
                0x1ffe94d4                physical_sector_addresses
 .data.FCE_config0
                0x1ffe9500        0xc ./flashprog.o
 .data.impure_data
                0x1ffe950c       0x60 c:/program files/dave-ide-4.4.2-64bit/eclipse/arm-gcc-49/bin/../lib/gcc/arm-none-eabi/4.9.3/../../../../arm-none-eabi/lib/armv7e-m/softfp\libg_nano.a(lib_a-impure.o)
 .data._impure_ptr
                0x1ffe956c        0x4 c:/program files/dave-ide-4.4.2-64bit/eclipse/arm-gcc-49/bin/../lib/gcc/arm-none-eabi/4.9.3/../../../../arm-none-eabi/lib/armv7e-m/softfp\libg_nano.a(lib_a-impure.o)
                0x1ffe956c                _impure_ptr
 *(*.data)
 *(.gnu.linkonce.d*)
                0x1ffe9570                . = ALIGN (0x4)
                0x1ffe9570                PROVIDE (__preinit_array_start, .)
 *(.preinit_array)
                0x1ffe9570                PROVIDE (__preinit_array_end, .)
                0x1ffe9570                . = ALIGN (0x4)
                0x1ffe9570                PROVIDE (__init_array_start, .)
 *(SORT(.init_array.*))
 *(.init_array)
                0x1ffe9570                PROVIDE (__init_array_end, .)
                0x1ffe9570                . = ALIGN (0x4)
                0x1ffe9570                PROVIDE (__fini_array_start, .)
 *(SORT(.fini_array.*))
 *(.fini_array)
                0x1ffe9570                PROVIDE (__fini_array_end, .)
                0x1ffe9570                . = ALIGN (0x4)
                0x1ffe9570                __data_end = .
                0x0c02b832                __data_load = LOADADDR (.data)
                0x00000d70                __data_size = (__data_end - __data_start)

.igot.plt       0x1ffe9570        0x0 load address 0x0c02c5a2
 .igot.plt      0x00000000        0x0 ./Startup/startup_XMC4800.o

.bss            0x1ffe9570     0x14a4 load address 0x0c02c5a2
                0x1ffe9570                . = ALIGN (0x4)
                0x1ffe9570                __bss_start = .
 *(.bss)
 *(.bss*)
 .bss.u64Timestamp
                0x1ffe9570        0x8 ./SSC/Src/coeappl.o
                0x1ffe9570                u64Timestamp
 .bss.u16ErrorRegister
                0x1ffe9578        0x2 ./SSC/Src/coeappl.o
                0x1ffe9578                u16ErrorRegister
 *fill*         0x1ffe957a        0x2 
 .bss.ObjDicList
                0x1ffe957c        0x4 ./SSC/Src/coeappl.o
                0x1ffe957c                ObjDicList
 .bss.bInitFinished
                0x1ffe9580        0x1 ./SSC/Src/ecatappl.o
                0x1ffe9580                bInitFinished
 .bss.SMActivate
                0x1ffe9581        0x1 ./SSC/Src/ecatslv.o
                0x1ffe9581                SMActivate
 .bss.EepromLoaded
                0x1ffe9582        0x1 ./SSC/Src/ecatslv.o
                0x1ffe9582                EepromLoaded
 .bss.bSdoInWork
                0x1ffe9583        0x1 ./SSC/Src/sdoserv.o
                0x1ffe9583                bSdoInWork
 .bss.heap_ptr.4331
                0x1ffe9584        0x4 ./Libraries/Newlib/syscalls.o
 .bss.e_eeprom_xmc4_data_buffer
                0x1ffe9588     0x1000 ./Dave/Generated/E_EEPROM_XMC4/e_eeprom_xmc4.o
 .bss.E_EEPROM_XMC4_0
                0x1ffea588        0x4 ./Dave/Generated/E_EEPROM_XMC4/e_eeprom_xmc4_conf.o
                0x1ffea588                E_EEPROM_XMC4_0
 .bss.ticks     0x1ffea58c        0x4 ./Dave/Generated/ECAT_SSC/xmc_eschw.o
 .bss.CLOCK_XMC4_0
                0x1ffea590        0x4 ./Dave/Generated/CLOCK_XMC4/clock_xmc4_conf.o
                0x1ffea590                CLOCK_XMC4_0
 .bss.meta_page
                0x1ffea594      0x100 ./firmwareupdate_SSC.o
 .bss.g_firmware_download_started
                0x1ffea694        0x1 ./firmwareupdate_SSC.o
 .bss.g_firmware_download_finished
                0x1ffea695        0x1 ./firmwareupdate_SSC.o
 *fill*         0x1ffea696        0x2 
 .bss.gl_flash_write_address
                0x1ffea698        0x4 ./flashprog.o
 .bss.gl_flash_write_start_address
                0x1ffea69c        0x4 ./flashprog.o
 .bss.gl_flash_bytes_written
                0x1ffea6a0        0x4 ./flashprog.o
 .bss.gl_flash_check_prog
                0x1ffea6a4        0x1 ./flashprog.o
 *fill*         0x1ffea6a5        0x1 
 .bss.gl_flash_erased
                0x1ffea6a6        0x2 ./flashprog.o
 .bss.gl_flash_max_size
                0x1ffea6a8        0x4 ./flashprog.o
 .bss.gl_flash_page_prep
                0x1ffea6ac      0x100 ./flashprog.o
 .bss.gl_flash_page_prep_index
                0x1ffea7ac        0x4 ./flashprog.o
 .bss.__malloc_sbrk_start
                0x1ffea7b0        0x4 c:/program files/dave-ide-4.4.2-64bit/eclipse/arm-gcc-49/bin/../lib/gcc/arm-none-eabi/4.9.3/../../../../arm-none-eabi/lib/armv7e-m/softfp\libg_nano.a(lib_a-nano-mallocr.o)
                0x1ffea7b0                __malloc_sbrk_start
 .bss.__malloc_free_list
                0x1ffea7b4        0x4 c:/program files/dave-ide-4.4.2-64bit/eclipse/arm-gcc-49/bin/../lib/gcc/arm-none-eabi/4.9.3/../../../../arm-none-eabi/lib/armv7e-m/softfp\libg_nano.a(lib_a-nano-mallocr.o)
                0x1ffea7b4                __malloc_free_list
 *(COMMON)
 COMMON         0x1ffea7b8        0x8 ./SSC/Src/coeappl.o
                0x1ffea7b8                u32LastDc32Value
                0x1ffea7bc                u32CheckForDcOverrunCnt
 COMMON         0x1ffea7c0       0x70 ./SSC/Src/ecatappl.o
                0x1ffea7c0                pAPPL_EEPROM_Store
                0x1ffea7c4                bMinCycleTimeMeasurementStarted
                0x1ffea7c8                u32CycleTimeStartValue
                0x1ffea7cc                pAPPL_EEPROM_Read
                0x1ffea7d0                pAPPL_EEPROM_Write
                0x1ffea7d4                bRunApplication
                0x1ffea7d8                u32SystemTimeReadFailure
                0x1ffea7dc                bEcatWaitForInputUpdate
                0x1ffea7e0                u32MinCycleTimeValue
                0x1ffea7e4                aPdOutputData
                0x1ffea7f0                pAPPL_FoeError
                0x1ffea7f4                u16EepromStoreTimeoutCounter
                0x1ffea7f6                EepromReadSize
                0x1ffea7f8                pAPPL_FoeReadData
                0x1ffea7fc                pAPPL_MainLoop
                0x1ffea800                bEtherCATErrorLed
                0x1ffea804                u32MinCycleTimeStartValue
                0x1ffea808                aPdInputData
                0x1ffea814                pEEPROM
                0x1ffea818                bEtherCATRunLed
                0x1ffea81c                pAPPL_FoeWriteData
                0x1ffea820                pAPPL_EEPROM_Reload
                0x1ffea824                pAPPL_FoeRead
                0x1ffea828                u16EepromStoreTimeoutValue
                0x1ffea82c                pAPPL_FoeWrite
 COMMON         0x1ffea830        0x4 ./SSC/Src/ecatcoe.o
                0x1ffea830                pCoeSendStored
 COMMON         0x1ffea834       0x16 ./SSC/Src/ecatfoe.o
                0x1ffea834                u32FileOffset
                0x1ffea838                u16FileAccessState
                0x1ffea83c                u32PacketNo
                0x1ffea840                pFoeSendStored
                0x1ffea844                u32LastFileOffset
                0x1ffea848                u16FoeMaxSendBlockSize
 *fill*         0x1ffea84a        0x2 
 COMMON         0x1ffea84c       0x4e ./SSC/Src/ecatslv.o
                0x1ffea84c                b3BufferMode
                0x1ffea84e                nEcatStateTrans
                0x1ffea850                bApplEsmPending
                0x1ffea851                nAlStatus
                0x1ffea852                nPdOutputSize
                0x1ffea854                u16LocalErrorCode
                0x1ffea856                Sync0WdCounter
                0x1ffea858                bLocalErrorFlag
                0x1ffea85a                LatchInputSync0Counter
                0x1ffea85c                i16WaitForPllRunningCnt
                0x1ffea85e                nEscAddrOutputData
                0x1ffea860                Sync0WdValue
                0x1ffea862                u8EcatRunLed
                0x1ffea864                i16WaitForPllRunningTimeout
                0x1ffea866                Sync1WdValue
                0x1ffea868                u8dummy
                0x1ffea86a                u16ALEventMask
                0x1ffea86c                bDcRunning
                0x1ffea870                SyncManInfo
                0x1ffea878                b32BitDc
                0x1ffea87a                LatchInputSync0Value
                0x1ffea87c                bEcatWaitForAlControlRes
                0x1ffea87e                nPdInputSize
                0x1ffea880                u16SmSync0Value
                0x1ffea882                nMaxEscAddress
                0x1ffea884                bEcatFirstOutputsReceived
                0x1ffea885                bSmSyncSequenceValid
                0x1ffea886                EsmTimeoutCounter
                0x1ffea888                bBootMode
                0x1ffea889                bDcSyncActive
                0x1ffea88a                bEcatOutputUpdateRunning
                0x1ffea88c                Sync1WdCounter
                0x1ffea88e                EcatWdValue
                0x1ffea890                bEcatInputUpdateRunning
                0x1ffea891                bEscIntEnabled
                0x1ffea892                bWdTrigger
                0x1ffea894                u16SmSync0Counter
                0x1ffea896                nMaxSyncMan
                0x1ffea897                u8EcatErrorLed
                0x1ffea898                nEscAddrInputData
 *fill*         0x1ffea89a        0x2 
 COMMON         0x1ffea89c       0x94 ./SSC/Src/mailbox.o
                0x1ffea89c                u8MbxReadCounter
                0x1ffea8a0                sMbxSendQueue
                0x1ffea8d4                sMbxReceiveQueue
                0x1ffea908                bNoMbxMemoryAvailable
                0x1ffea909                bSendMbxIsFull
                0x1ffea90a                bMbxRunning
                0x1ffea90c                u16EscAddrReceiveMbx
                0x1ffea910                psStoreMbx
                0x1ffea914                u16SendMbxSize
                0x1ffea918                psReadMbx
                0x1ffea91c                bReceiveMbxIsLocked
                0x1ffea91e                u16EscAddrSendMbx
                0x1ffea920                psWriteMbx
                0x1ffea924                u8MbxWriteCounter
                0x1ffea925                u8MailboxSendReqStored
                0x1ffea926                u16ReceiveMbxSize
                0x1ffea928                bMbxRepeatToggle
                0x1ffea92c                psRepeatMbx
 COMMON         0x1ffea930       0x8e ./SSC/Src/objdef.o
                0x1ffea930                sSyncManInPar
                0x1ffea974                sSyncManOutPar
                0x1ffea9b8                bSyncSetByUser
                0x1ffea9bc                sCycleDiag
 *fill*         0x1ffea9be        0x2 
 COMMON         0x1ffea9c0       0x4d ./SSC/Src/sdoserv.o
                0x1ffea9c0                nSdoInfoIndex
                0x1ffea9c4                pStoreData
                0x1ffea9c8                nSdoSegBytesToHandle
                0x1ffea9cc                bSdoSegAccess
                0x1ffea9cd                bSdoSegFollows
                0x1ffea9d0                nSdoSegCompleteSize
                0x1ffea9d4                pSdoPendFunc
                0x1ffea9d8                u8PendingSdo
                0x1ffea9d9                bStoreCompleteAccess
                0x1ffea9da                bSdoSegLastToggle
                0x1ffea9db                nSdoSegService
                0x1ffea9dc                pSdoInfoObjEntry
                0x1ffea9e0                nSdoInfoFragmentsLeft
                0x1ffea9e4                pSdoResStored
                0x1ffea9e8                u32StoreDataSize
                0x1ffea9ec                pSdoSegData
                0x1ffea9f0                nSdoSegIndex
                0x1ffea9f4                aSdoInfoHeader
                0x1ffeaa04                pSdoSegObjEntry
                0x1ffeaa08                nSdoSegSubindex
                0x1ffeaa0a                u16StoreIndex
                0x1ffeaa0c                u8StoreSubindex
 *fill*         0x1ffeaa0d        0x3 
 COMMON         0x1ffeaa10        0x4 c:/program files/dave-ide-4.4.2-64bit/eclipse/arm-gcc-49/bin/../lib/gcc/arm-none-eabi/4.9.3/../../../../arm-none-eabi/lib/armv7e-m/softfp\libg_nano.a(lib_a-reent.o)
                0x1ffeaa10                errno
 *(.gnu.linkonce.b*)
                0x1ffeaa14                . = ALIGN (0x4)
                0x1ffeaa14                __bss_end = .
                0x000014a4                __bss_size = (__bss_end - __bss_start)
                0x000155ec                __shift_loc = (__bss_end >= ORIGIN (DSRAM_1_system))?0x0:(ORIGIN (DSRAM_1_system) - __bss_end)

USB_RAM         0x20000000        0x0
                0x20000000                . = ALIGN (0x4)
                0x20000000                USB_RAM_start = .
 *(USB_RAM)
                0x20000000                . = ALIGN (0x4)
                0x20000000                USB_RAM_end = .
                0x00000000                USB_RAM_size = (USB_RAM_end - USB_RAM_start)

ETH_RAM         0x20000000        0x0
                0x20000000                . = ALIGN (0x4)
                0x20000000                ETH_RAM_start = .
 *(ETH_RAM)
                0x20000000                . = ALIGN (0x4)
                0x20000000                ETH_RAM_end = .
                0x20000000                . = ALIGN (0x8)
                0x20000000                Heap_Bank1_Start = .
                0x00000000                ETH_RAM_size = (ETH_RAM_end - ETH_RAM_start)

.no_init        0x2003ffc0       0x14
                0x2003ffc0                Heap_Bank1_End = .
 *(.no_init)
 .no_init       0x2003ffc0       0x14 ./Startup/system_XMC4800.o
                0x2003ffc0                SystemCoreClock
                0x2003ffc4                g_chipid
                0x0003ffc0                Heap_Bank1_Size = (Heap_Bank1_End - Heap_Bank1_Start)
                0x00000001                ASSERT ((Heap_Bank1_Start <= Heap_Bank1_End), region SRAM_combined overflowed no_init section)

/DISCARD/
 *(.comment)

.stab
 *(.stab)

.stabstr
 *(.stabstr)

.debug
 *(.debug)

.line
 *(.line)

.debug_srcinfo
 *(.debug_srcinfo)

.debug_sfnames
 *(.debug_sfnames)

.debug_aranges  0x00000000     0x1620
 *(.debug_aranges)
 .debug_aranges
                0x00000000       0x20 ./Startup/startup_XMC4800.o
 .debug_aranges
                0x00000020       0x48 ./Startup/system_XMC4800.o
 .debug_aranges
                0x00000068       0x70 ./SSC/Src/XMC_ESC.o
 .debug_aranges
                0x000000d8       0x38 ./SSC/Src/bootmode.o
 .debug_aranges
                0x00000110       0x78 ./SSC/Src/coeappl.o
 .debug_aranges
                0x00000188       0xb0 ./SSC/Src/ecatappl.o
 .debug_aranges
                0x00000238       0x30 ./SSC/Src/ecatcoe.o
 .debug_aranges
                0x00000268       0x30 ./SSC/Src/ecatfoe.o
 .debug_aranges
                0x00000298       0xd0 ./SSC/Src/ecatslv.o
 .debug_aranges
                0x00000368       0x48 ./SSC/Src/foeappl.o
 .debug_aranges
                0x000003b0       0xa0 ./SSC/Src/mailbox.o
 .debug_aranges
                0x00000450       0x78 ./SSC/Src/objdef.o
 .debug_aranges
                0x000004c8       0x50 ./SSC/Src/sdoserv.o
 .debug_aranges
                0x00000518       0x28 ./Libraries/XMCLib/src/xmc4_eru.o
 .debug_aranges
                0x00000540       0xe8 ./Libraries/XMCLib/src/xmc4_flash.o
 .debug_aranges
                0x00000628       0x28 ./Libraries/XMCLib/src/xmc4_gpio.o
 .debug_aranges
                0x00000650      0x3f8 ./Libraries/XMCLib/src/xmc4_scu.o
 .debug_aranges
                0x00000a48      0x138 ./Libraries/XMCLib/src/xmc_ccu4.o
 .debug_aranges
                0x00000b80      0x190 ./Libraries/XMCLib/src/xmc_ccu8.o
 .debug_aranges
                0x00000d10       0x78 ./Libraries/XMCLib/src/xmc_ecat.o
 .debug_aranges
                0x00000d88       0x88 ./Libraries/XMCLib/src/xmc_eru.o
 .debug_aranges
                0x00000e10       0x60 ./Libraries/XMCLib/src/xmc_fce.o
 .debug_aranges
                0x00000e70       0x28 ./Libraries/XMCLib/src/xmc_gpio.o
 .debug_aranges
                0x00000e98       0x28 ./Libraries/Newlib/syscalls.o
 .debug_aranges
                0x00000ec0       0xd8 ./Dave/Generated/TIMER/timer.o
 .debug_aranges
                0x00000f98       0x18 ./Dave/Generated/TIMER/timer_conf.o
 .debug_aranges
                0x00000fb0      0x120 ./Dave/Generated/PWM_CCU8/pwm_ccu8.o
 .debug_aranges
                0x000010d0       0x18 ./Dave/Generated/PWM_CCU8/pwm_ccu8_conf.o
 .debug_aranges
                0x000010e8       0x50 ./Dave/Generated/INTERRUPT/interrupt.o
 .debug_aranges
                0x00001138       0x18 ./Dave/Generated/INTERRUPT/interrupt_conf.o
 .debug_aranges
                0x00001150       0x30 ./Dave/Generated/GLOBAL_CCU8/global_ccu8.o
 .debug_aranges
                0x00001180       0x18 ./Dave/Generated/GLOBAL_CCU8/global_ccu8_conf.o
 .debug_aranges
                0x00001198       0x30 ./Dave/Generated/GLOBAL_CCU4/global_ccu4.o
 .debug_aranges
                0x000011c8       0x18 ./Dave/Generated/GLOBAL_CCU4/global_ccu4_conf.o
 .debug_aranges
                0x000011e0       0xa0 ./Dave/Generated/E_EEPROM_XMC4/e_eeprom_xmc4.o
 .debug_aranges
                0x00001280       0x18 ./Dave/Generated/E_EEPROM_XMC4/e_eeprom_xmc4_conf.o
 .debug_aranges
                0x00001298       0x28 ./Dave/Generated/EVENT_GENERATOR/event_generator.o
 .debug_aranges
                0x000012c0       0x18 ./Dave/Generated/EVENT_GENERATOR/event_generator_conf.o
 .debug_aranges
                0x000012d8       0x28 ./Dave/Generated/EVENT_DETECTOR/event_detector.o
 .debug_aranges
                0x00001300       0x18 ./Dave/Generated/EVENT_DETECTOR/event_detector_conf.o
 .debug_aranges
                0x00001318       0x38 ./Dave/Generated/ECAT_SSC/ecat_ssc.o
 .debug_aranges
                0x00001350       0x18 ./Dave/Generated/ECAT_SSC/ecat_ssc_conf.o
 .debug_aranges
                0x00001368       0xc0 ./Dave/Generated/ECAT_SSC/xmc_eschw.o
 .debug_aranges
                0x00001428       0x28 ./Dave/Generated/CPU_CTRL_XMC4/cpu_ctrl_xmc4_conf.o
 .debug_aranges
                0x00001450       0x38 ./Dave/Generated/CLOCK_XMC4/clock_xmc4.o
 .debug_aranges
                0x00001488       0x28 ./Dave/Generated/CLOCK_XMC4/clock_xmc4_conf.o
 .debug_aranges
                0x000014b0       0x20 ./Dave/Generated/DAVE.o
 .debug_aranges
                0x000014d0       0x38 ./firmwareupdate_SSC.o
 .debug_aranges
                0x00001508       0x78 ./flashprog.o
 .debug_aranges
                0x00001580       0xa0 ./main.o

.debug_pubnames
 *(.debug_pubnames)

.debug_pubtypes
 *(.debug_pubtypes)

.debug_info     0x00000000    0x23690
 *(.debug_info .gnu.linkonce.wi.*)
 .debug_info    0x00000000       0x8c ./Startup/startup_XMC4800.o
 .debug_info    0x0000008c      0x928 ./Startup/system_XMC4800.o
 .debug_info    0x000009b4      0x909 ./SSC/Src/XMC_ESC.o
 .debug_info    0x000012bd      0x192 ./SSC/Src/bootmode.o
 .debug_info    0x0000144f     0x1cce ./SSC/Src/coeappl.o
 .debug_info    0x0000311d     0x15c3 ./SSC/Src/ecatappl.o
 .debug_info    0x000046e0      0x51c ./SSC/Src/ecatcoe.o
 .debug_info    0x00004bfc      0x46b ./SSC/Src/ecatfoe.o
 .debug_info    0x00005067     0x1779 ./SSC/Src/ecatslv.o
 .debug_info    0x000067e0      0x30c ./SSC/Src/foeappl.o
 .debug_info    0x00006aec     0x146c ./SSC/Src/mailbox.o
 .debug_info    0x00007f58      0xd25 ./SSC/Src/objdef.o
 .debug_info    0x00008c7d      0xe7d ./SSC/Src/sdoserv.o
 .debug_info    0x00009afa      0x5af ./Libraries/XMCLib/src/xmc4_eru.o
 .debug_info    0x0000a0a9      0x959 ./Libraries/XMCLib/src/xmc4_flash.o
 .debug_info    0x0000aa02      0x422 ./Libraries/XMCLib/src/xmc4_gpio.o
 .debug_info    0x0000ae24     0x23fb ./Libraries/XMCLib/src/xmc4_scu.o
 .debug_info    0x0000d21f     0x16fb ./Libraries/XMCLib/src/xmc_ccu4.o
 .debug_info    0x0000e91a     0x1e1a ./Libraries/XMCLib/src/xmc_ccu8.o
 .debug_info    0x00010734     0x10d4 ./Libraries/XMCLib/src/xmc_ecat.o
 .debug_info    0x00011808      0xaaf ./Libraries/XMCLib/src/xmc_eru.o
 .debug_info    0x000122b7      0x7a4 ./Libraries/XMCLib/src/xmc_fce.o
 .debug_info    0x00012a5b      0x39d ./Libraries/XMCLib/src/xmc_gpio.o
 .debug_info    0x00012df8      0x11f ./Libraries/Newlib/syscalls.o
 .debug_info    0x00012f17      0xd8b ./Dave/Generated/TIMER/timer.o
 .debug_info    0x00013ca2      0x833 ./Dave/Generated/TIMER/timer_conf.o
 .debug_info    0x000144d5     0x1e6a ./Dave/Generated/PWM_CCU8/pwm_ccu8.o
 .debug_info    0x0001633f     0x1500 ./Dave/Generated/PWM_CCU8/pwm_ccu8_conf.o
 .debug_info    0x0001783f      0x917 ./Dave/Generated/INTERRUPT/interrupt.o