21:33:28 **** Incremental Build of configuration Debug for project ETHCAT_FWUPDATE_BOOTLOADER_XMC48 ****
"\"C:\\DAVEv4-64Bit\\DAVE-4.3.2\\eclipse\\ARM-GCC-49\\bin\\make\"" --output-sync -j4 all 
'Invoking: ARM-GCC Print Size'
"C:/DAVEv4-64Bit/DAVE-4.3.2/eclipse/ARM-GCC-49/bin/arm-none-eabi-size" --format=berkeley "ETHCAT_FWUPDATE_BOOTLOADER_XMC48.elf"
   text	   data	    bss	    dec	    hex	filename
   4020	     56	   2348	   6424	   1918	ETHCAT_FWUPDATE_BOOTLOADER_XMC48.elf
'Finished building: ETHCAT_FWUPDATE_BOOTLOADER_XMC48.siz'


21:33:29 Build Finished (took 638ms)

