21:36:41 **** Incremental Build of configuration Debug for project ETHCAT_FWUPDATE_SSC_APPLICATION_XMC48 ****
"\"C:\\DAVEv4-64Bit\\DAVE-4.3.2\\eclipse\\ARM-GCC-49\\bin\\make\"" --output-sync -j4 all 
'Invoking: ARM-GCC Print Size'
"C:/DAVEv4-64Bit/DAVE-4.3.2/eclipse/ARM-GCC-49/bin/arm-none-eabi-size" --format=berkeley "ETHCAT_FWUPDATE_SSC_APPLICATION_XMC48.elf"
   text	   data	    bss	    dec	    hex	filename
  44694	   3352	   8312	  56358	   dc26	ETHCAT_FWUPDATE_SSC_APPLICATION_XMC48.elf
'Finished building: ETHCAT_FWUPDATE_SSC_APPLICATION_XMC48.siz'

'Invoking: ARM-GCC Create Flash Image'
"C:/DAVEv4-64Bit/DAVE-4.3.2/eclipse/ARM-GCC-49/bin/arm-none-eabi-objcopy" -O binary "ETHCAT_FWUPDATE_SSC_APPLICATION_XMC48.elf" firmware.bin & "../Utilities/srecord-1.63-win32/srec_cat" "@../Utilities/pad.srec" & "../Utilities/srecord-1.63-win32/srec_cat" "@../Utilities/crc.srec" & "../Utilities/srecord-1.63-win32/srec_cat" "@../Utilities/swap.srec"
'Finished building: ETHCAT_FWUPDATE_SSC_APPLICATION_XMC48.bin'


21:36:43 Build Finished (took 1s.487ms)

