21:33:04 **** Incremental Build of configuration Debug for project ETHCAT_FWUPDATE_BOOTLOADER_XMC48 ****
"\"C:\\DAVEv4-64Bit\\DAVE-4.3.2\\eclipse\\ARM-GCC-49\\bin\\make\"" --output-sync -j4 all 
'Invoking: ARM-GCC Print Size'
"C:/DAVEv4-64Bit/DAVE-4.3.2/eclipse/ARM-GCC-49/bin/arm-none-eabi-size" --format=berkeley "ETHCAT_FWUPDATE_BOOTLOADER_XMC48.elf"
   text	   data	    bss	    dec	    hex	filename
   4020	     56	   2348	   6424	   1918	ETHCAT_FWUPDATE_BOOTLOADER_XMC48.elf
'Finished building: ETHCAT_FWUPDATE_BOOTLOADER_XMC48.siz'

21:33:09 **** Clean-only build of configuration Debug for project ETHCAT_FWUPDATE_BOOTLOADER_XMC48 ****
"\"C:\\DAVEv4-64Bit\\DAVE-4.3.2\\eclipse\\ARM-GCC-49\\bin\\make\"" --output-sync -j4 clean 
rm -rf  ./Startup/startup_XMC4800.o ./Startup/system_XMC4800.o  ./Libraries/XMCLib/src/xmc4_eru.o ./Libraries/XMCLib/src/xmc4_flash.o ./Libraries/XMCLib/src/xmc4_gpio.o ./Libraries/XMCLib/src/xmc4_rtc.o ./Libraries/XMCLib/src/xmc4_scu.o ./Libraries/XMCLib/src/xmc_can.o ./Libraries/XMCLib/src/xmc_ccu4.o ./Libraries/XMCLib/src/xmc_ccu8.o ./Libraries/XMCLib/src/xmc_common.o ./Libraries/XMCLib/src/xmc_dac.o ./Libraries/XMCLib/src/xmc_dma.o ./Libraries/XMCLib/src/xmc_dsd.o ./Libraries/XMCLib/src/xmc_ebu.o ./Libraries/XMCLib/src/xmc_ecat.o ./Libraries/XMCLib/src/xmc_eru.o ./Libraries/XMCLib/src/xmc_eth_mac.o ./Libraries/XMCLib/src/xmc_fce.o ./Libraries/XMCLib/src/xmc_gpio.o ./Libraries/XMCLib/src/xmc_hrpwm.o ./Libraries/XMCLib/src/xmc_i2c.o ./Libraries/XMCLib/src/xmc_i2s.o ./Libraries/XMCLib/src/xmc_ledts.o ./Libraries/XMCLib/src/xmc_posif.o ./Libraries/XMCLib/src/xmc_rtc.o ./Libraries/XMCLib/src/xmc_sdmmc.o ./Libraries/XMCLib/src/xmc_spi.o ./Libraries/XMCLib/src/xmc_uart.o ./Libraries/XMCLib/src/xmc_usbd.o ./Libraries/XMCLib/src/xmc_usbh.o ./Libraries/XMCLib/src/xmc_usic.o ./Libraries/XMCLib/src/xmc_vadc.o ./Libraries/XMCLib/src/xmc_wdt.o  ./Libraries/Newlib/syscalls.o  ./Dave/Generated/DAVE.o  ./flashprog.o ./main.o  ETHCAT_FWUPDATE_BOOTLOADER_XMC48.hex  ETHCAT_FWUPDATE_BOOTLOADER_XMC48.lst  ETHCAT_FWUPDATE_BOOTLOADER_XMC48.siz  ./Startup/startup_XMC4800.d  ./Startup/system_XMC4800.d  ./Libraries/XMCLib/src/xmc4_eru.d ./Libraries/XMCLib/src/xmc4_flash.d ./Libraries/XMCLib/src/xmc4_gpio.d ./Libraries/XMCLib/src/xmc4_rtc.d ./Libraries/XMCLib/src/xmc4_scu.d ./Libraries/XMCLib/src/xmc_can.d ./Libraries/XMCLib/src/xmc_ccu4.d ./Libraries/XMCLib/src/xmc_ccu8.d ./Libraries/XMCLib/src/xmc_common.d ./Libraries/XMCLib/src/xmc_dac.d ./Libraries/XMCLib/src/xmc_dma.d ./Libraries/XMCLib/src/xmc_dsd.d ./Libraries/XMCLib/src/xmc_ebu.d ./Libraries/XMCLib/src/xmc_ecat.d ./Libraries/XMCLib/src/xmc_eru.d ./Libraries/XMCLib/src/xmc_eth_mac.d ./Libraries/XMCLib/src/xmc_fce.d ./Libraries/XMCLib/src/xmc_gpio.d ./Libraries/XMCLib/src/xmc_hrpwm.d ./Libraries/XMCLib/src/xmc_i2c.d ./Libraries/XMCLib/src/xmc_i2s.d ./Libraries/XMCLib/src/xmc_ledts.d ./Libraries/XMCLib/src/xmc_posif.d ./Libraries/XMCLib/src/xmc_rtc.d ./Libraries/XMCLib/src/xmc_sdmmc.d ./Libraries/XMCLib/src/xmc_spi.d ./Libraries/XMCLib/src/xmc_uart.d ./Libraries/XMCLib/src/xmc_usbd.d ./Libraries/XMCLib/src/xmc_usbh.d ./Libraries/XMCLib/src/xmc_usic.d ./Libraries/XMCLib/src/xmc_vadc.d ./Libraries/XMCLib/src/xmc_wdt.d  ./Libraries/Newlib/syscalls.d  ./Dave/Generated/DAVE.d  ./flashprog.d ./main.d  ETHCAT_FWUPDATE_BOOTLOADER_XMC48.elf ./Startup/startup_XMC4800.o.lst ./Startup/system_XMC4800.o.lst ./Libraries/XMCLib/src/xmc4_eru.o.lst ./Libraries/XMCLib/src/xmc4_flash.o.lst ./Libraries/XMCLib/src/xmc4_gpio.o.lst ./Libraries/XMCLib/src/xmc4_rtc.o.lst ./Libraries/XMCLib/src/xmc4_scu.o.lst ./Libraries/XMCLib/src/xmc_can.o.lst ./Libraries/XMCLib/src/xmc_ccu4.o.lst ./Libraries/XMCLib/src/xmc_ccu8.o.lst ./Libraries/XMCLib/src/xmc_common.o.lst ./Libraries/XMCLib/src/xmc_dac.o.lst ./Libraries/XMCLib/src/xmc_dma.o.lst ./Libraries/XMCLib/src/xmc_dsd.o.lst ./Libraries/XMCLib/src/xmc_ebu.o.lst ./Libraries/XMCLib/src/xmc_ecat.o.lst ./Libraries/XMCLib/src/xmc_eru.o.lst ./Libraries/XMCLib/src/xmc_eth_mac.o.lst ./Libraries/XMCLib/src/xmc_fce.o.lst ./Libraries/XMCLib/src/xmc_gpio.o.lst ./Libraries/XMCLib/src/xmc_hrpwm.o.lst ./Libraries/XMCLib/src/xmc_i2c.o.lst ./Libraries/XMCLib/src/xmc_i2s.o.lst ./Libraries/XMCLib/src/xmc_ledts.o.lst ./Libraries/XMCLib/src/xmc_posif.o.lst ./Libraries/XMCLib/src/xmc_rtc.o.lst ./Libraries/XMCLib/src/xmc_sdmmc.o.lst ./Libraries/XMCLib/src/xmc_spi.o.lst ./Libraries/XMCLib/src/xmc_uart.o.lst ./Libraries/XMCLib/src/xmc_usbd.o.lst ./Libraries/XMCLib/src/xmc_usbh.o.lst ./Libraries/XMCLib/src/xmc_usic.o.lst ./Libraries/XMCLib/src/xmc_vadc.o.lst ./Libraries/XMCLib/src/xmc_wdt.o.lst ./Libraries/Newlib/syscalls.o.lst ./Dave/Generated/DAVE.o.lst ./flashprog.o.lst ./main.o.lst  "ETHCAT_FWUPDATE_BOOTLOADER_XMC48.map" objects.rsp

21:33:10 **** Build of configuration Debug for project ETHCAT_FWUPDATE_BOOTLOADER_XMC48 ****
"\"C:\\DAVEv4-64Bit\\DAVE-4.3.2\\eclipse\\ARM-GCC-49\\bin\\make\"" --output-sync -j4 all 
'Building file: ../Startup/startup_XMC4800.S'
'Invoking: ARM-GCC Assembler'
"C:/DAVEv4-64Bit/DAVE-4.3.2/eclipse/ARM-GCC-49/bin/arm-none-eabi-gcc" -MMD -MT "Startup/startup_XMC4800.o" -x assembler-with-cpp -DXMC4800_F144x2048 -I"C:/Workspaces/SOES-FW-UPDATE/ETHCAT_FWUPDATE_BOOTLOADER_XMC48/Libraries/XMCLib/inc" -I"C:/Workspaces/SOES-FW-UPDATE/ETHCAT_FWUPDATE_BOOTLOADER_XMC48" -I"C:/Workspaces/SOES-FW-UPDATE/ETHCAT_FWUPDATE_BOOTLOADER_XMC48/Dave/Generated" -Wall -Wa,-adhlns="Startup/startup_XMC4800.o.lst" -mfloat-abi=softfp -c -fmessage-length=0 -MMD -MP -MF"Startup/startup_XMC4800.d" -MT"Startup/startup_XMC4800.d Startup/startup_XMC4800.o" -mcpu=cortex-m4 -mfpu=fpv4-sp-d16 -mthumb -g -gdwarf-2 -o "Startup/startup_XMC4800.o" "../Startup/startup_XMC4800.S" 
'Finished building: ../Startup/startup_XMC4800.S'

'Building file: ../Libraries/XMCLib/src/xmc4_eru.c'
'Invoking: ARM-GCC C Compiler'
"C:/DAVEv4-64Bit/DAVE-4.3.2/eclipse/ARM-GCC-49/bin/arm-none-eabi-gcc" -MMD -MT "Libraries/XMCLib/src/xmc4_eru.o" -DXMC4800_F144x2048 -I"C:/Workspaces/SOES-FW-UPDATE/ETHCAT_FWUPDATE_BOOTLOADER_XMC48/Libraries/XMCLib/inc" -I"C:/Workspaces/SOES-FW-UPDATE/ETHCAT_FWUPDATE_BOOTLOADER_XMC48/Libraries/CMSIS/Include" -I"C:/Workspaces/SOES-FW-UPDATE/ETHCAT_FWUPDATE_BOOTLOADER_XMC48/Libraries/CMSIS/Infineon/XMC4800_series/Include" -I"C:/Workspaces/SOES-FW-UPDATE/ETHCAT_FWUPDATE_BOOTLOADER_XMC48" -I"C:/Workspaces/SOES-FW-UPDATE/ETHCAT_FWUPDATE_BOOTLOADER_XMC48/Dave/Generated" -I"C:/Workspaces/SOES-FW-UPDATE/ETHCAT_FWUPDATE_BOOTLOADER_XMC48/Libraries" -O0 -ffunction-sections -fdata-sections -Wall -std=gnu99 -mfloat-abi=softfp -Wa,-adhlns="Libraries/XMCLib/src/xmc4_eru.o.lst" -pipe -c -fmessage-length=0 -MMD -MP -MF"Libraries/XMCLib/src/xmc4_eru.d" -MT"Libraries/XMCLib/src/xmc4_eru.d Libraries/XMCLib/src/xmc4_eru.o" -mcpu=cortex-m4 -mfpu=fpv4-sp-d16 -mthumb -g -gdwarf-2 -o "Libraries/XMCLib/src/xmc4_eru.o" "../Libraries/XMCLib/src/xmc4_eru.c" 
'Finished building: ../Libraries/XMCLib/src/xmc4_eru.c'

'Building file: ../Startup/system_XMC4800.c'
'Invoking: ARM-GCC C Compiler'
"C:/DAVEv4-64Bit/DAVE-4.3.2/eclipse/ARM-GCC-49/bin/arm-none-eabi-gcc" -MMD -MT "Startup/system_XMC4800.o" -DXMC4800_F144x2048 -I"C:/Workspaces/SOES-FW-UPDATE/ETHCAT_FWUPDATE_BOOTLOADER_XMC48/Libraries/XMCLib/inc" -I"C:/Workspaces/SOES-FW-UPDATE/ETHCAT_FWUPDATE_BOOTLOADER_XMC48/Libraries/CMSIS/Include" -I"C:/Workspaces/SOES-FW-UPDATE/ETHCAT_FWUPDATE_BOOTLOADER_XMC48/Libraries/CMSIS/Infineon/XMC4800_series/Include" -I"C:/Workspaces/SOES-FW-UPDATE/ETHCAT_FWUPDATE_BOOTLOADER_XMC48" -I"C:/Workspaces/SOES-FW-UPDATE/ETHCAT_FWUPDATE_BOOTLOADER_XMC48/Dave/Generated" -I"C:/Workspaces/SOES-FW-UPDATE/ETHCAT_FWUPDATE_BOOTLOADER_XMC48/Libraries" -O0 -ffunction-sections -fdata-sections -Wall -std=gnu99 -mfloat-abi=softfp -Wa,-adhlns="Startup/system_XMC4800.o.lst" -pipe -c -fmessage-length=0 -MMD -MP -MF"Startup/system_XMC4800.d" -MT"Startup/system_XMC4800.d Startup/system_XMC4800.o" -mcpu=cortex-m4 -mfpu=fpv4-sp-d16 -mthumb -g -gdwarf-2 -o "Startup/system_XMC4800.o" "../Startup/system_XMC4800.c" 
'Finished building: ../Startup/system_XMC4800.c'

'Building file: ../Libraries/XMCLib/src/xmc4_flash.c'
'Invoking: ARM-GCC C Compiler'
"C:/DAVEv4-64Bit/DAVE-4.3.2/eclipse/ARM-GCC-49/bin/arm-none-eabi-gcc" -MMD -MT "Libraries/XMCLib/src/xmc4_flash.o" -DXMC4800_F144x2048 -I"C:/Workspaces/SOES-FW-UPDATE/ETHCAT_FWUPDATE_BOOTLOADER_XMC48/Libraries/XMCLib/inc" -I"C:/Workspaces/SOES-FW-UPDATE/ETHCAT_FWUPDATE_BOOTLOADER_XMC48/Libraries/CMSIS/Include" -I"C:/Workspaces/SOES-FW-UPDATE/ETHCAT_FWUPDATE_BOOTLOADER_XMC48/Libraries/CMSIS/Infineon/XMC4800_series/Include" -I"C:/Workspaces/SOES-FW-UPDATE/ETHCAT_FWUPDATE_BOOTLOADER_XMC48" -I"C:/Workspaces/SOES-FW-UPDATE/ETHCAT_FWUPDATE_BOOTLOADER_XMC48/Dave/Generated" -I"C:/Workspaces/SOES-FW-UPDATE/ETHCAT_FWUPDATE_BOOTLOADER_XMC48/Libraries" -O0 -ffunction-sections -fdata-sections -Wall -std=gnu99 -mfloat-abi=softfp -Wa,-adhlns="Libraries/XMCLib/src/xmc4_flash.o.lst" -pipe -c -fmessage-length=0 -MMD -MP -MF"Libraries/XMCLib/src/xmc4_flash.d" -MT"Libraries/XMCLib/src/xmc4_flash.d Libraries/XMCLib/src/xmc4_flash.o" -mcpu=cortex-m4 -mfpu=fpv4-sp-d16 -mthumb -g -gdwarf-2 -o "Libraries/XMCLib/src/xmc4_flash.o" "../Libraries/XMCLib/src/xmc4_flash.c" 
'Finished building: ../Libraries/XMCLib/src/xmc4_flash.c'

'Building file: ../Libraries/XMCLib/src/xmc4_gpio.c'
'Invoking: ARM-GCC C Compiler'
"C:/DAVEv4-64Bit/DAVE-4.3.2/eclipse/ARM-GCC-49/bin/arm-none-eabi-gcc" -MMD -MT "Libraries/XMCLib/src/xmc4_gpio.o" -DXMC4800_F144x2048 -I"C:/Workspaces/SOES-FW-UPDATE/ETHCAT_FWUPDATE_BOOTLOADER_XMC48/Libraries/XMCLib/inc" -I"C:/Workspaces/SOES-FW-UPDATE/ETHCAT_FWUPDATE_BOOTLOADER_XMC48/Libraries/CMSIS/Include" -I"C:/Workspaces/SOES-FW-UPDATE/ETHCAT_FWUPDATE_BOOTLOADER_XMC48/Libraries/CMSIS/Infineon/XMC4800_series/Include" -I"C:/Workspaces/SOES-FW-UPDATE/ETHCAT_FWUPDATE_BOOTLOADER_XMC48" -I"C:/Workspaces/SOES-FW-UPDATE/ETHCAT_FWUPDATE_BOOTLOADER_XMC48/Dave/Generated" -I"C:/Workspaces/SOES-FW-UPDATE/ETHCAT_FWUPDATE_BOOTLOADER_XMC48/Libraries" -O0 -ffunction-sections -fdata-sections -Wall -std=gnu99 -mfloat-abi=softfp -Wa,-adhlns="Libraries/XMCLib/src/xmc4_gpio.o.lst" -pipe -c -fmessage-length=0 -MMD -MP -MF"Libraries/XMCLib/src/xmc4_gpio.d" -MT"Libraries/XMCLib/src/xmc4_gpio.d Libraries/XMCLib/src/xmc4_gpio.o" -mcpu=cortex-m4 -mfpu=fpv4-sp-d16 -mthumb -g -gdwarf-2 -o "Libraries/XMCLib/src/xmc4_gpio.o" "../Libraries/XMCLib/src/xmc4_gpio.c" 
'Finished building: ../Libraries/XMCLib/src/xmc4_gpio.c'

'Building file: ../Libraries/XMCLib/src/xmc4_rtc.c'
'Invoking: ARM-GCC C Compiler'
"C:/DAVEv4-64Bit/DAVE-4.3.2/eclipse/ARM-GCC-49/bin/arm-none-eabi-gcc" -MMD -MT "Libraries/XMCLib/src/xmc4_rtc.o" -DXMC4800_F144x2048 -I"C:/Workspaces/SOES-FW-UPDATE/ETHCAT_FWUPDATE_BOOTLOADER_XMC48/Libraries/XMCLib/inc" -I"C:/Workspaces/SOES-FW-UPDATE/ETHCAT_FWUPDATE_BOOTLOADER_XMC48/Libraries/CMSIS/Include" -I"C:/Workspaces/SOES-FW-UPDATE/ETHCAT_FWUPDATE_BOOTLOADER_XMC48/Libraries/CMSIS/Infineon/XMC4800_series/Include" -I"C:/Workspaces/SOES-FW-UPDATE/ETHCAT_FWUPDATE_BOOTLOADER_XMC48" -I"C:/Workspaces/SOES-FW-UPDATE/ETHCAT_FWUPDATE_BOOTLOADER_XMC48/Dave/Generated" -I"C:/Workspaces/SOES-FW-UPDATE/ETHCAT_FWUPDATE_BOOTLOADER_XMC48/Libraries" -O0 -ffunction-sections -fdata-sections -Wall -std=gnu99 -mfloat-abi=softfp -Wa,-adhlns="Libraries/XMCLib/src/xmc4_rtc.o.lst" -pipe -c -fmessage-length=0 -MMD -MP -MF"Libraries/XMCLib/src/xmc4_rtc.d" -MT"Libraries/XMCLib/src/xmc4_rtc.d Libraries/XMCLib/src/xmc4_rtc.o" -mcpu=cortex-m4 -mfpu=fpv4-sp-d16 -mthumb -g -gdwarf-2 -o "Libraries/XMCLib/src/xmc4_rtc.o" "../Libraries/XMCLib/src/xmc4_rtc.c" 
'Finished building: ../Libraries/XMCLib/src/xmc4_rtc.c'

'Building file: ../Libraries/XMCLib/src/xmc_can.c'
'Invoking: ARM-GCC C Compiler'
"C:/DAVEv4-64Bit/DAVE-4.3.2/eclipse/ARM-GCC-49/bin/arm-none-eabi-gcc" -MMD -MT "Libraries/XMCLib/src/xmc_can.o" -DXMC4800_F144x2048 -I"C:/Workspaces/SOES-FW-UPDATE/ETHCAT_FWUPDATE_BOOTLOADER_XMC48/Libraries/XMCLib/inc" -I"C:/Workspaces/SOES-FW-UPDATE/ETHCAT_FWUPDATE_BOOTLOADER_XMC48/Libraries/CMSIS/Include" -I"C:/Workspaces/SOES-FW-UPDATE/ETHCAT_FWUPDATE_BOOTLOADER_XMC48/Libraries/CMSIS/Infineon/XMC4800_series/Include" -I"C:/Workspaces/SOES-FW-UPDATE/ETHCAT_FWUPDATE_BOOTLOADER_XMC48" -I"C:/Workspaces/SOES-FW-UPDATE/ETHCAT_FWUPDATE_BOOTLOADER_XMC48/Dave/Generated" -I"C:/Workspaces/SOES-FW-UPDATE/ETHCAT_FWUPDATE_BOOTLOADER_XMC48/Libraries" -O0 -ffunction-sections -fdata-sections -Wall -std=gnu99 -mfloat-abi=softfp -Wa,-adhlns="Libraries/XMCLib/src/xmc_can.o.lst" -pipe -c -fmessage-length=0 -MMD -MP -MF"Libraries/XMCLib/src/xmc_can.d" -MT"Libraries/XMCLib/src/xmc_can.d Libraries/XMCLib/src/xmc_can.o" -mcpu=cortex-m4 -mfpu=fpv4-sp-d16 -mthumb -g -gdwarf-2 -o "Libraries/XMCLib/src/xmc_can.o" "../Libraries/XMCLib/src/xmc_can.c" 
'Finished building: ../Libraries/XMCLib/src/xmc_can.c'

'Building file: ../Libraries/XMCLib/src/xmc4_scu.c'
'Invoking: ARM-GCC C Compiler'
"C:/DAVEv4-64Bit/DAVE-4.3.2/eclipse/ARM-GCC-49/bin/arm-none-eabi-gcc" -MMD -MT "Libraries/XMCLib/src/xmc4_scu.o" -DXMC4800_F144x2048 -I"C:/Workspaces/SOES-FW-UPDATE/ETHCAT_FWUPDATE_BOOTLOADER_XMC48/Libraries/XMCLib/inc" -I"C:/Workspaces/SOES-FW-UPDATE/ETHCAT_FWUPDATE_BOOTLOADER_XMC48/Libraries/CMSIS/Include" -I"C:/Workspaces/SOES-FW-UPDATE/ETHCAT_FWUPDATE_BOOTLOADER_XMC48/Libraries/CMSIS/Infineon/XMC4800_series/Include" -I"C:/Workspaces/SOES-FW-UPDATE/ETHCAT_FWUPDATE_BOOTLOADER_XMC48" -I"C:/Workspaces/SOES-FW-UPDATE/ETHCAT_FWUPDATE_BOOTLOADER_XMC48/Dave/Generated" -I"C:/Workspaces/SOES-FW-UPDATE/ETHCAT_FWUPDATE_BOOTLOADER_XMC48/Libraries" -O0 -ffunction-sections -fdata-sections -Wall -std=gnu99 -mfloat-abi=softfp -Wa,-adhlns="Libraries/XMCLib/src/xmc4_scu.o.lst" -pipe -c -fmessage-length=0 -MMD -MP -MF"Libraries/XMCLib/src/xmc4_scu.d" -MT"Libraries/XMCLib/src/xmc4_scu.d Libraries/XMCLib/src/xmc4_scu.o" -mcpu=cortex-m4 -mfpu=fpv4-sp-d16 -mthumb -g -gdwarf-2 -o "Libraries/XMCLib/src/xmc4_scu.o" "../Libraries/XMCLib/src/xmc4_scu.c" 
'Finished building: ../Libraries/XMCLib/src/xmc4_scu.c'

'Building file: ../Libraries/XMCLib/src/xmc_ccu4.c'
'Invoking: ARM-GCC C Compiler'
"C:/DAVEv4-64Bit/DAVE-4.3.2/eclipse/ARM-GCC-49/bin/arm-none-eabi-gcc" -MMD -MT "Libraries/XMCLib/src/xmc_ccu4.o" -DXMC4800_F144x2048 -I"C:/Workspaces/SOES-FW-UPDATE/ETHCAT_FWUPDATE_BOOTLOADER_XMC48/Libraries/XMCLib/inc" -I"C:/Workspaces/SOES-FW-UPDATE/ETHCAT_FWUPDATE_BOOTLOADER_XMC48/Libraries/CMSIS/Include" -I"C:/Workspaces/SOES-FW-UPDATE/ETHCAT_FWUPDATE_BOOTLOADER_XMC48/Libraries/CMSIS/Infineon/XMC4800_series/Include" -I"C:/Workspaces/SOES-FW-UPDATE/ETHCAT_FWUPDATE_BOOTLOADER_XMC48" -I"C:/Workspaces/SOES-FW-UPDATE/ETHCAT_FWUPDATE_BOOTLOADER_XMC48/Dave/Generated" -I"C:/Workspaces/SOES-FW-UPDATE/ETHCAT_FWUPDATE_BOOTLOADER_XMC48/Libraries" -O0 -ffunction-sections -fdata-sections -Wall -std=gnu99 -mfloat-abi=softfp -Wa,-adhlns="Libraries/XMCLib/src/xmc_ccu4.o.lst" -pipe -c -fmessage-length=0 -MMD -MP -MF"Libraries/XMCLib/src/xmc_ccu4.d" -MT"Libraries/XMCLib/src/xmc_ccu4.d Libraries/XMCLib/src/xmc_ccu4.o" -mcpu=cortex-m4 -mfpu=fpv4-sp-d16 -mthumb -g -gdwarf-2 -o "Libraries/XMCLib/src/xmc_ccu4.o" "../Libraries/XMCLib/src/xmc_ccu4.c" 
'Finished building: ../Libraries/XMCLib/src/xmc_ccu4.c'

'Building file: ../Libraries/XMCLib/src/xmc_ccu8.c'
'Invoking: ARM-GCC C Compiler'
"C:/DAVEv4-64Bit/DAVE-4.3.2/eclipse/ARM-GCC-49/bin/arm-none-eabi-gcc" -MMD -MT "Libraries/XMCLib/src/xmc_ccu8.o" -DXMC4800_F144x2048 -I"C:/Workspaces/SOES-FW-UPDATE/ETHCAT_FWUPDATE_BOOTLOADER_XMC48/Libraries/XMCLib/inc" -I"C:/Workspaces/SOES-FW-UPDATE/ETHCAT_FWUPDATE_BOOTLOADER_XMC48/Libraries/CMSIS/Include" -I"C:/Workspaces/SOES-FW-UPDATE/ETHCAT_FWUPDATE_BOOTLOADER_XMC48/Libraries/CMSIS/Infineon/XMC4800_series/Include" -I"C:/Workspaces/SOES-FW-UPDATE/ETHCAT_FWUPDATE_BOOTLOADER_XMC48" -I"C:/Workspaces/SOES-FW-UPDATE/ETHCAT_FWUPDATE_BOOTLOADER_XMC48/Dave/Generated" -I"C:/Workspaces/SOES-FW-UPDATE/ETHCAT_FWUPDATE_BOOTLOADER_XMC48/Libraries" -O0 -ffunction-sections -fdata-sections -Wall -std=gnu99 -mfloat-abi=softfp -Wa,-adhlns="Libraries/XMCLib/src/xmc_ccu8.o.lst" -pipe -c -fmessage-length=0 -MMD -MP -MF"Libraries/XMCLib/src/xmc_ccu8.d" -MT"Libraries/XMCLib/src/xmc_ccu8.d Libraries/XMCLib/src/xmc_ccu8.o" -mcpu=cortex-m4 -mfpu=fpv4-sp-d16 -mthumb -g -gdwarf-2 -o "Libraries/XMCLib/src/xmc_ccu8.o" "../Libraries/XMCLib/src/xmc_ccu8.c" 
'Finished building: ../Libraries/XMCLib/src/xmc_ccu8.c'

'Building file: ../Libraries/XMCLib/src/xmc_common.c'
'Invoking: ARM-GCC C Compiler'
"C:/DAVEv4-64Bit/DAVE-4.3.2/eclipse/ARM-GCC-49/bin/arm-none-eabi-gcc" -MMD -MT "Libraries/XMCLib/src/xmc_common.o" -DXMC4800_F144x2048 -I"C:/Workspaces/SOES-FW-UPDATE/ETHCAT_FWUPDATE_BOOTLOADER_XMC48/Libraries/XMCLib/inc" -I"C:/Workspaces/SOES-FW-UPDATE/ETHCAT_FWUPDATE_BOOTLOADER_XMC48/Libraries/CMSIS/Include" -I"C:/Workspaces/SOES-FW-UPDATE/ETHCAT_FWUPDATE_BOOTLOADER_XMC48/Libraries/CMSIS/Infineon/XMC4800_series/Include" -I"C:/Workspaces/SOES-FW-UPDATE/ETHCAT_FWUPDATE_BOOTLOADER_XMC48" -I"C:/Workspaces/SOES-FW-UPDATE/ETHCAT_FWUPDATE_BOOTLOADER_XMC48/Dave/Generated" -I"C:/Workspaces/SOES-FW-UPDATE/ETHCAT_FWUPDATE_BOOTLOADER_XMC48/Libraries" -O0 -ffunction-sections -fdata-sections -Wall -std=gnu99 -mfloat-abi=softfp -Wa,-adhlns="Libraries/XMCLib/src/xmc_common.o.lst" -pipe -c -fmessage-length=0 -MMD -MP -MF"Libraries/XMCLib/src/xmc_common.d" -MT"Libraries/XMCLib/src/xmc_common.d Libraries/XMCLib/src/xmc_common.o" -mcpu=cortex-m4 -mfpu=fpv4-sp-d16 -mthumb -g -gdwarf-2 -o "Libraries/XMCLib/src/xmc_common.o" "../Libraries/XMCLib/src/xmc_common.c" 
'Finished building: ../Libraries/XMCLib/src/xmc_common.c'

'Building file: ../Libraries/XMCLib/src/xmc_dac.c'
'Invoking: ARM-GCC C Compiler'
"C:/DAVEv4-64Bit/DAVE-4.3.2/eclipse/ARM-GCC-49/bin/arm-none-eabi-gcc" -MMD -MT "Libraries/XMCLib/src/xmc_dac.o" -DXMC4800_F144x2048 -I"C:/Workspaces/SOES-FW-UPDATE/ETHCAT_FWUPDATE_BOOTLOADER_XMC48/Libraries/XMCLib/inc" -I"C:/Workspaces/SOES-FW-UPDATE/ETHCAT_FWUPDATE_BOOTLOADER_XMC48/Libraries/CMSIS/Include" -I"C:/Workspaces/SOES-FW-UPDATE/ETHCAT_FWUPDATE_BOOTLOADER_XMC48/Libraries/CMSIS/Infineon/XMC4800_series/Include" -I"C:/Workspaces/SOES-FW-UPDATE/ETHCAT_FWUPDATE_BOOTLOADER_XMC48" -I"C:/Workspaces/SOES-FW-UPDATE/ETHCAT_FWUPDATE_BOOTLOADER_XMC48/Dave/Generated" -I"C:/Workspaces/SOES-FW-UPDATE/ETHCAT_FWUPDATE_BOOTLOADER_XMC48/Libraries" -O0 -ffunction-sections -fdata-sections -Wall -std=gnu99 -mfloat-abi=softfp -Wa,-adhlns="Libraries/XMCLib/src/xmc_dac.o.lst" -pipe -c -fmessage-length=0 -MMD -MP -MF"Libraries/XMCLib/src/xmc_dac.d" -MT"Libraries/XMCLib/src/xmc_dac.d Libraries/XMCLib/src/xmc_dac.o" -mcpu=cortex-m4 -mfpu=fpv4-sp-d16 -mthumb -g -gdwarf-2 -o "Libraries/XMCLib/src/xmc_dac.o" "../Libraries/XMCLib/src/xmc_dac.c" 
'Finished building: ../Libraries/XMCLib/src/xmc_dac.c'

'Building file: ../Libraries/XMCLib/src/xmc_dma.c'
'Invoking: ARM-GCC C Compiler'
"C:/DAVEv4-64Bit/DAVE-4.3.2/eclipse/ARM-GCC-49/bin/arm-none-eabi-gcc" -MMD -MT "Libraries/XMCLib/src/xmc_dma.o" -DXMC4800_F144x2048 -I"C:/Workspaces/SOES-FW-UPDATE/ETHCAT_FWUPDATE_BOOTLOADER_XMC48/Libraries/XMCLib/inc" -I"C:/Workspaces/SOES-FW-UPDATE/ETHCAT_FWUPDATE_BOOTLOADER_XMC48/Libraries/CMSIS/Include" -I"C:/Workspaces/SOES-FW-UPDATE/ETHCAT_FWUPDATE_BOOTLOADER_XMC48/Libraries/CMSIS/Infineon/XMC4800_series/Include" -I"C:/Workspaces/SOES-FW-UPDATE/ETHCAT_FWUPDATE_BOOTLOADER_XMC48" -I"C:/Workspaces/SOES-FW-UPDATE/ETHCAT_FWUPDATE_BOOTLOADER_XMC48/Dave/Generated" -I"C:/Workspaces/SOES-FW-UPDATE/ETHCAT_FWUPDATE_BOOTLOADER_XMC48/Libraries" -O0 -ffunction-sections -fdata-sections -Wall -std=gnu99 -mfloat-abi=softfp -Wa,-adhlns="Libraries/XMCLib/src/xmc_dma.o.lst" -pipe -c -fmessage-length=0 -MMD -MP -MF"Libraries/XMCLib/src/xmc_dma.d" -MT"Libraries/XMCLib/src/xmc_dma.d Libraries/XMCLib/src/xmc_dma.o" -mcpu=cortex-m4 -mfpu=fpv4-sp-d16 -mthumb -g -gdwarf-2 -o "Libraries/XMCLib/src/xmc_dma.o" "../Libraries/XMCLib/src/xmc_dma.c" 
'Finished building: ../Libraries/XMCLib/src/xmc_dma.c'

'Building file: ../Libraries/XMCLib/src/xmc_dsd.c'
'Invoking: ARM-GCC C Compiler'
"C:/DAVEv4-64Bit/DAVE-4.3.2/eclipse/ARM-GCC-49/bin/arm-none-eabi-gcc" -MMD -MT "Libraries/XMCLib/src/xmc_dsd.o" -DXMC4800_F144x2048 -I"C:/Workspaces/SOES-FW-UPDATE/ETHCAT_FWUPDATE_BOOTLOADER_XMC48/Libraries/XMCLib/inc" -I"C:/Workspaces/SOES-FW-UPDATE/ETHCAT_FWUPDATE_BOOTLOADER_XMC48/Libraries/CMSIS/Include" -I"C:/Workspaces/SOES-FW-UPDATE/ETHCAT_FWUPDATE_BOOTLOADER_XMC48/Libraries/CMSIS/Infineon/XMC4800_series/Include" -I"C:/Workspaces/SOES-FW-UPDATE/ETHCAT_FWUPDATE_BOOTLOADER_XMC48" -I"C:/Workspaces/SOES-FW-UPDATE/ETHCAT_FWUPDATE_BOOTLOADER_XMC48/Dave/Generated" -I"C:/Workspaces/SOES-FW-UPDATE/ETHCAT_FWUPDATE_BOOTLOADER_XMC48/Libraries" -O0 -ffunction-sections -fdata-sections -Wall -std=gnu99 -mfloat-abi=softfp -Wa,-adhlns="Libraries/XMCLib/src/xmc_dsd.o.lst" -pipe -c -fmessage-length=0 -MMD -MP -MF"Libraries/XMCLib/src/xmc_dsd.d" -MT"Libraries/XMCLib/src/xmc_dsd.d Libraries/XMCLib/src/xmc_dsd.o" -mcpu=cortex-m4 -mfpu=fpv4-sp-d16 -mthumb -g -gdwarf-2 -o "Libraries/XMCLib/src/xmc_dsd.o" "../Libraries/XMCLib/src/xmc_dsd.c" 
'Finished building: ../Libraries/XMCLib/src/xmc_dsd.c'

'Building file: ../Libraries/XMCLib/src/xmc_ebu.c'
'Invoking: ARM-GCC C Compiler'
"C:/DAVEv4-64Bit/DAVE-4.3.2/eclipse/ARM-GCC-49/bin/arm-none-eabi-gcc" -MMD -MT "Libraries/XMCLib/src/xmc_ebu.o" -DXMC4800_F144x2048 -I"C:/Workspaces/SOES-FW-UPDATE/ETHCAT_FWUPDATE_BOOTLOADER_XMC48/Libraries/XMCLib/inc" -I"C:/Workspaces/SOES-FW-UPDATE/ETHCAT_FWUPDATE_BOOTLOADER_XMC48/Libraries/CMSIS/Include" -I"C:/Workspaces/SOES-FW-UPDATE/ETHCAT_FWUPDATE_BOOTLOADER_XMC48/Libraries/CMSIS/Infineon/XMC4800_series/Include" -I"C:/Workspaces/SOES-FW-UPDATE/ETHCAT_FWUPDATE_BOOTLOADER_XMC48" -I"C:/Workspaces/SOES-FW-UPDATE/ETHCAT_FWUPDATE_BOOTLOADER_XMC48/Dave/Generated" -I"C:/Workspaces/SOES-FW-UPDATE/ETHCAT_FWUPDATE_BOOTLOADER_XMC48/Libraries" -O0 -ffunction-sections -fdata-sections -Wall -std=gnu99 -mfloat-abi=softfp -Wa,-adhlns="Libraries/XMCLib/src/xmc_ebu.o.lst" -pipe -c -fmessage-length=0 -MMD -MP -MF"Libraries/XMCLib/src/xmc_ebu.d" -MT"Libraries/XMCLib/src/xmc_ebu.d Libraries/XMCLib/src/xmc_ebu.o" -mcpu=cortex-m4 -mfpu=fpv4-sp-d16 -mthumb -g -gdwarf-2 -o "Libraries/XMCLib/src/xmc_ebu.o" "../Libraries/XMCLib/src/xmc_ebu.c" 
'Finished building: ../Libraries/XMCLib/src/xmc_ebu.c'

'Building file: ../Libraries/XMCLib/src/xmc_ecat.c'
'Invoking: ARM-GCC C Compiler'
"C:/DAVEv4-64Bit/DAVE-4.3.2/eclipse/ARM-GCC-49/bin/arm-none-eabi-gcc" -MMD -MT "Libraries/XMCLib/src/xmc_ecat.o" -DXMC4800_F144x2048 -I"C:/Workspaces/SOES-FW-UPDATE/ETHCAT_FWUPDATE_BOOTLOADER_XMC48/Libraries/XMCLib/inc" -I"C:/Workspaces/SOES-FW-UPDATE/ETHCAT_FWUPDATE_BOOTLOADER_XMC48/Libraries/CMSIS/Include" -I"C:/Workspaces/SOES-FW-UPDATE/ETHCAT_FWUPDATE_BOOTLOADER_XMC48/Libraries/CMSIS/Infineon/XMC4800_series/Include" -I"C:/Workspaces/SOES-FW-UPDATE/ETHCAT_FWUPDATE_BOOTLOADER_XMC48" -I"C:/Workspaces/SOES-FW-UPDATE/ETHCAT_FWUPDATE_BOOTLOADER_XMC48/Dave/Generated" -I"C:/Workspaces/SOES-FW-UPDATE/ETHCAT_FWUPDATE_BOOTLOADER_XMC48/Libraries" -O0 -ffunction-sections -fdata-sections -Wall -std=gnu99 -mfloat-abi=softfp -Wa,-adhlns="Libraries/XMCLib/src/xmc_ecat.o.lst" -pipe -c -fmessage-length=0 -MMD -MP -MF"Libraries/XMCLib/src/xmc_ecat.d" -MT"Libraries/XMCLib/src/xmc_ecat.d Libraries/XMCLib/src/xmc_ecat.o" -mcpu=cortex-m4 -mfpu=fpv4-sp-d16 -mthumb -g -gdwarf-2 -o "Libraries/XMCLib/src/xmc_ecat.o" "../Libraries/XMCLib/src/xmc_ecat.c" 
'Finished building: ../Libraries/XMCLib/src/xmc_ecat.c'

'Building file: ../Libraries/XMCLib/src/xmc_eru.c'
'Invoking: ARM-GCC C Compiler'
"C:/DAVEv4-64Bit/DAVE-4.3.2/eclipse/ARM-GCC-49/bin/arm-none-eabi-gcc" -MMD -MT "Libraries/XMCLib/src/xmc_eru.o" -DXMC4800_F144x2048 -I"C:/Workspaces/SOES-FW-UPDATE/ETHCAT_FWUPDATE_BOOTLOADER_XMC48/Libraries/XMCLib/inc" -I"C:/Workspaces/SOES-FW-UPDATE/ETHCAT_FWUPDATE_BOOTLOADER_XMC48/Libraries/CMSIS/Include" -I"C:/Workspaces/SOES-FW-UPDATE/ETHCAT_FWUPDATE_BOOTLOADER_XMC48/Libraries/CMSIS/Infineon/XMC4800_series/Include" -I"C:/Workspaces/SOES-FW-UPDATE/ETHCAT_FWUPDATE_BOOTLOADER_XMC48" -I"C:/Workspaces/SOES-FW-UPDATE/ETHCAT_FWUPDATE_BOOTLOADER_XMC48/Dave/Generated" -I"C:/Workspaces/SOES-FW-UPDATE/ETHCAT_FWUPDATE_BOOTLOADER_XMC48/Libraries" -O0 -ffunction-sections -fdata-sections -Wall -std=gnu99 -mfloat-abi=softfp -Wa,-adhlns="Libraries/XMCLib/src/xmc_eru.o.lst" -pipe -c -fmessage-length=0 -MMD -MP -MF"Libraries/XMCLib/src/xmc_eru.d" -MT"Libraries/XMCLib/src/xmc_eru.d Libraries/XMCLib/src/xmc_eru.o" -mcpu=cortex-m4 -mfpu=fpv4-sp-d16 -mthumb -g -gdwarf-2 -o "Libraries/XMCLib/src/xmc_eru.o" "../Libraries/XMCLib/src/xmc_eru.c" 
'Finished building: ../Libraries/XMCLib/src/xmc_eru.c'

'Building file: ../Libraries/XMCLib/src/xmc_fce.c'
'Invoking: ARM-GCC C Compiler'
"C:/DAVEv4-64Bit/DAVE-4.3.2/eclipse/ARM-GCC-49/bin/arm-none-eabi-gcc" -MMD -MT "Libraries/XMCLib/src/xmc_fce.o" -DXMC4800_F144x2048 -I"C:/Workspaces/SOES-FW-UPDATE/ETHCAT_FWUPDATE_BOOTLOADER_XMC48/Libraries/XMCLib/inc" -I"C:/Workspaces/SOES-FW-UPDATE/ETHCAT_FWUPDATE_BOOTLOADER_XMC48/Libraries/CMSIS/Include" -I"C:/Workspaces/SOES-FW-UPDATE/ETHCAT_FWUPDATE_BOOTLOADER_XMC48/Libraries/CMSIS/Infineon/XMC4800_series/Include" -I"C:/Workspaces/SOES-FW-UPDATE/ETHCAT_FWUPDATE_BOOTLOADER_XMC48" -I"C:/Workspaces/SOES-FW-UPDATE/ETHCAT_FWUPDATE_BOOTLOADER_XMC48/Dave/Generated" -I"C:/Workspaces/SOES-FW-UPDATE/ETHCAT_FWUPDATE_BOOTLOADER_XMC48/Libraries" -O0 -ffunction-sections -fdata-sections -Wall -std=gnu99 -mfloat-abi=softfp -Wa,-adhlns="Libraries/XMCLib/src/xmc_fce.o.lst" -pipe -c -fmessage-length=0 -MMD -MP -MF"Libraries/XMCLib/src/xmc_fce.d" -MT"Libraries/XMCLib/src/xmc_fce.d Libraries/XMCLib/src/xmc_fce.o" -mcpu=cortex-m4 -mfpu=fpv4-sp-d16 -mthumb -g -gdwarf-2 -o "Libraries/XMCLib/src/xmc_fce.o" "../Libraries/XMCLib/src/xmc_fce.c" 
'Finished building: ../Libraries/XMCLib/src/xmc_fce.c'

'Building file: ../Libraries/XMCLib/src/xmc_gpio.c'
'Invoking: ARM-GCC C Compiler'
"C:/DAVEv4-64Bit/DAVE-4.3.2/eclipse/ARM-GCC-49/bin/arm-none-eabi-gcc" -MMD -MT "Libraries/XMCLib/src/xmc_gpio.o" -DXMC4800_F144x2048 -I"C:/Workspaces/SOES-FW-UPDATE/ETHCAT_FWUPDATE_BOOTLOADER_XMC48/Libraries/XMCLib/inc" -I"C:/Workspaces/SOES-FW-UPDATE/ETHCAT_FWUPDATE_BOOTLOADER_XMC48/Libraries/CMSIS/Include" -I"C:/Workspaces/SOES-FW-UPDATE/ETHCAT_FWUPDATE_BOOTLOADER_XMC48/Libraries/CMSIS/Infineon/XMC4800_series/Include" -I"C:/Workspaces/SOES-FW-UPDATE/ETHCAT_FWUPDATE_BOOTLOADER_XMC48" -I"C:/Workspaces/SOES-FW-UPDATE/ETHCAT_FWUPDATE_BOOTLOADER_XMC48/Dave/Generated" -I"C:/Workspaces/SOES-FW-UPDATE/ETHCAT_FWUPDATE_BOOTLOADER_XMC48/Libraries" -O0 -ffunction-sections -fdata-sections -Wall -std=gnu99 -mfloat-abi=softfp -Wa,-adhlns="Libraries/XMCLib/src/xmc_gpio.o.lst" -pipe -c -fmessage-length=0 -MMD -MP -MF"Libraries/XMCLib/src/xmc_gpio.d" -MT"Libraries/XMCLib/src/xmc_gpio.d Libraries/XMCLib/src/xmc_gpio.o" -mcpu=cortex-m4 -mfpu=fpv4-sp-d16 -mthumb -g -gdwarf-2 -o "Libraries/XMCLib/src/xmc_gpio.o" "../Libraries/XMCLib/src/xmc_gpio.c" 
'Finished building: ../Libraries/XMCLib/src/xmc_gpio.c'

'Building file: ../Libraries/XMCLib/src/xmc_eth_mac.c'
'Invoking: ARM-GCC C Compiler'
"C:/DAVEv4-64Bit/DAVE-4.3.2/eclipse/ARM-GCC-49/bin/arm-none-eabi-gcc" -MMD -MT "Libraries/XMCLib/src/xmc_eth_mac.o" -DXMC4800_F144x2048 -I"C:/Workspaces/SOES-FW-UPDATE/ETHCAT_FWUPDATE_BOOTLOADER_XMC48/Libraries/XMCLib/inc" -I"C:/Workspaces/SOES-FW-UPDATE/ETHCAT_FWUPDATE_BOOTLOADER_XMC48/Libraries/CMSIS/Include" -I"C:/Workspaces/SOES-FW-UPDATE/ETHCAT_FWUPDATE_BOOTLOADER_XMC48/Libraries/CMSIS/Infineon/XMC4800_series/Include" -I"C:/Workspaces/SOES-FW-UPDATE/ETHCAT_FWUPDATE_BOOTLOADER_XMC48" -I"C:/Workspaces/SOES-FW-UPDATE/ETHCAT_FWUPDATE_BOOTLOADER_XMC48/Dave/Generated" -I"C:/Workspaces/SOES-FW-UPDATE/ETHCAT_FWUPDATE_BOOTLOADER_XMC48/Libraries" -O0 -ffunction-sections -fdata-sections -Wall -std=gnu99 -mfloat-abi=softfp -Wa,-adhlns="Libraries/XMCLib/src/xmc_eth_mac.o.lst" -pipe -c -fmessage-length=0 -MMD -MP -MF"Libraries/XMCLib/src/xmc_eth_mac.d" -MT"Libraries/XMCLib/src/xmc_eth_mac.d Libraries/XMCLib/src/xmc_eth_mac.o" -mcpu=cortex-m4 -mfpu=fpv4-sp-d16 -mthumb -g -gdwarf-2 -o "Libraries/XMCLib/src/xmc_eth_mac.o" "../Libraries/XMCLib/src/xmc_eth_mac.c" 
'Finished building: ../Libraries/XMCLib/src/xmc_eth_mac.c'

'Building file: ../Libraries/XMCLib/src/xmc_hrpwm.c'
'Invoking: ARM-GCC C Compiler'
"C:/DAVEv4-64Bit/DAVE-4.3.2/eclipse/ARM-GCC-49/bin/arm-none-eabi-gcc" -MMD -MT "Libraries/XMCLib/src/xmc_hrpwm.o" -DXMC4800_F144x2048 -I"C:/Workspaces/SOES-FW-UPDATE/ETHCAT_FWUPDATE_BOOTLOADER_XMC48/Libraries/XMCLib/inc" -I"C:/Workspaces/SOES-FW-UPDATE/ETHCAT_FWUPDATE_BOOTLOADER_XMC48/Libraries/CMSIS/Include" -I"C:/Workspaces/SOES-FW-UPDATE/ETHCAT_FWUPDATE_BOOTLOADER_XMC48/Libraries/CMSIS/Infineon/XMC4800_series/Include" -I"C:/Workspaces/SOES-FW-UPDATE/ETHCAT_FWUPDATE_BOOTLOADER_XMC48" -I"C:/Workspaces/SOES-FW-UPDATE/ETHCAT_FWUPDATE_BOOTLOADER_XMC48/Dave/Generated" -I"C:/Workspaces/SOES-FW-UPDATE/ETHCAT_FWUPDATE_BOOTLOADER_XMC48/Libraries" -O0 -ffunction-sections -fdata-sections -Wall -std=gnu99 -mfloat-abi=softfp -Wa,-adhlns="Libraries/XMCLib/src/xmc_hrpwm.o.lst" -pipe -c -fmessage-length=0 -MMD -MP -MF"Libraries/XMCLib/src/xmc_hrpwm.d" -MT"Libraries/XMCLib/src/xmc_hrpwm.d Libraries/XMCLib/src/xmc_hrpwm.o" -mcpu=cortex-m4 -mfpu=fpv4-sp-d16 -mthumb -g -gdwarf-2 -o "Libraries/XMCLib/src/xmc_hrpwm.o" "../Libraries/XMCLib/src/xmc_hrpwm.c" 
'Finished building: ../Libraries/XMCLib/src/xmc_hrpwm.c'

'Building file: ../Libraries/XMCLib/src/xmc_i2c.c'
'Invoking: ARM-GCC C Compiler'
"C:/DAVEv4-64Bit/DAVE-4.3.2/eclipse/ARM-GCC-49/bin/arm-none-eabi-gcc" -MMD -MT "Libraries/XMCLib/src/xmc_i2c.o" -DXMC4800_F144x2048 -I"C:/Workspaces/SOES-FW-UPDATE/ETHCAT_FWUPDATE_BOOTLOADER_XMC48/Libraries/XMCLib/inc" -I"C:/Workspaces/SOES-FW-UPDATE/ETHCAT_FWUPDATE_BOOTLOADER_XMC48/Libraries/CMSIS/Include" -I"C:/Workspaces/SOES-FW-UPDATE/ETHCAT_FWUPDATE_BOOTLOADER_XMC48/Libraries/CMSIS/Infineon/XMC4800_series/Include" -I"C:/Workspaces/SOES-FW-UPDATE/ETHCAT_FWUPDATE_BOOTLOADER_XMC48" -I"C:/Workspaces/SOES-FW-UPDATE/ETHCAT_FWUPDATE_BOOTLOADER_XMC48/Dave/Generated" -I"C:/Workspaces/SOES-FW-UPDATE/ETHCAT_FWUPDATE_BOOTLOADER_XMC48/Libraries" -O0 -ffunction-sections -fdata-sections -Wall -std=gnu99 -mfloat-abi=softfp -Wa,-adhlns="Libraries/XMCLib/src/xmc_i2c.o.lst" -pipe -c -fmessage-length=0 -MMD -MP -MF"Libraries/XMCLib/src/xmc_i2c.d" -MT"Libraries/XMCLib/src/xmc_i2c.d Libraries/XMCLib/src/xmc_i2c.o" -mcpu=cortex-m4 -mfpu=fpv4-sp-d16 -mthumb -g -gdwarf-2 -o "Libraries/XMCLib/src/xmc_i2c.o" "../Libraries/XMCLib/src/xmc_i2c.c" 
'Finished building: ../Libraries/XMCLib/src/xmc_i2c.c'

'Building file: ../Libraries/XMCLib/src/xmc_ledts.c'
'Invoking: ARM-GCC C Compiler'
"C:/DAVEv4-64Bit/DAVE-4.3.2/eclipse/ARM-GCC-49/bin/arm-none-eabi-gcc" -MMD -MT "Libraries/XMCLib/src/xmc_ledts.o" -DXMC4800_F144x2048 -I"C:/Workspaces/SOES-FW-UPDATE/ETHCAT_FWUPDATE_BOOTLOADER_XMC48/Libraries/XMCLib/inc" -I"C:/Workspaces/SOES-FW-UPDATE/ETHCAT_FWUPDATE_BOOTLOADER_XMC48/Libraries/CMSIS/Include" -I"C:/Workspaces/SOES-FW-UPDATE/ETHCAT_FWUPDATE_BOOTLOADER_XMC48/Libraries/CMSIS/Infineon/XMC4800_series/Include" -I"C:/Workspaces/SOES-FW-UPDATE/ETHCAT_FWUPDATE_BOOTLOADER_XMC48" -I"C:/Workspaces/SOES-FW-UPDATE/ETHCAT_FWUPDATE_BOOTLOADER_XMC48/Dave/Generated" -I"C:/Workspaces/SOES-FW-UPDATE/ETHCAT_FWUPDATE_BOOTLOADER_XMC48/Libraries" -O0 -ffunction-sections -fdata-sections -Wall -std=gnu99 -mfloat-abi=softfp -Wa,-adhlns="Libraries/XMCLib/src/xmc_ledts.o.lst" -pipe -c -fmessage-length=0 -MMD -MP -MF"Libraries/XMCLib/src/xmc_ledts.d" -MT"Libraries/XMCLib/src/xmc_ledts.d Libraries/XMCLib/src/xmc_ledts.o" -mcpu=cortex-m4 -mfpu=fpv4-sp-d16 -mthumb -g -gdwarf-2 -o "Libraries/XMCLib/src/xmc_ledts.o" "../Libraries/XMCLib/src/xmc_ledts.c" 
'Finished building: ../Libraries/XMCLib/src/xmc_ledts.c'

'Building file: ../Libraries/XMCLib/src/xmc_i2s.c'
'Invoking: ARM-GCC C Compiler'
"C:/DAVEv4-64Bit/DAVE-4.3.2/eclipse/ARM-GCC-49/bin/arm-none-eabi-gcc" -MMD -MT "Libraries/XMCLib/src/xmc_i2s.o" -DXMC4800_F144x2048 -I"C:/Workspaces/SOES-FW-UPDATE/ETHCAT_FWUPDATE_BOOTLOADER_XMC48/Libraries/XMCLib/inc" -I"C:/Workspaces/SOES-FW-UPDATE/ETHCAT_FWUPDATE_BOOTLOADER_XMC48/Libraries/CMSIS/Include" -I"C:/Workspaces/SOES-FW-UPDATE/ETHCAT_FWUPDATE_BOOTLOADER_XMC48/Libraries/CMSIS/Infineon/XMC4800_series/Include" -I"C:/Workspaces/SOES-FW-UPDATE/ETHCAT_FWUPDATE_BOOTLOADER_XMC48" -I"C:/Workspaces/SOES-FW-UPDATE/ETHCAT_FWUPDATE_BOOTLOADER_XMC48/Dave/Generated" -I"C:/Workspaces/SOES-FW-UPDATE/ETHCAT_FWUPDATE_BOOTLOADER_XMC48/Libraries" -O0 -ffunction-sections -fdata-sections -Wall -std=gnu99 -mfloat-abi=softfp -Wa,-adhlns="Libraries/XMCLib/src/xmc_i2s.o.lst" -pipe -c -fmessage-length=0 -MMD -MP -MF"Libraries/XMCLib/src/xmc_i2s.d" -MT"Libraries/XMCLib/src/xmc_i2s.d Libraries/XMCLib/src/xmc_i2s.o" -mcpu=cortex-m4 -mfpu=fpv4-sp-d16 -mthumb -g -gdwarf-2 -o "Libraries/XMCLib/src/xmc_i2s.o" "../Libraries/XMCLib/src/xmc_i2s.c" 
'Finished building: ../Libraries/XMCLib/src/xmc_i2s.c'

'Building file: ../Libraries/XMCLib/src/xmc_posif.c'
'Invoking: ARM-GCC C Compiler'
"C:/DAVEv4-64Bit/DAVE-4.3.2/eclipse/ARM-GCC-49/bin/arm-none-eabi-gcc" -MMD -MT "Libraries/XMCLib/src/xmc_posif.o" -DXMC4800_F144x2048 -I"C:/Workspaces/SOES-FW-UPDATE/ETHCAT_FWUPDATE_BOOTLOADER_XMC48/Libraries/XMCLib/inc" -I"C:/Workspaces/SOES-FW-UPDATE/ETHCAT_FWUPDATE_BOOTLOADER_XMC48/Libraries/CMSIS/Include" -I"C:/Workspaces/SOES-FW-UPDATE/ETHCAT_FWUPDATE_BOOTLOADER_XMC48/Libraries/CMSIS/Infineon/XMC4800_series/Include" -I"C:/Workspaces/SOES-FW-UPDATE/ETHCAT_FWUPDATE_BOOTLOADER_XMC48" -I"C:/Workspaces/SOES-FW-UPDATE/ETHCAT_FWUPDATE_BOOTLOADER_XMC48/Dave/Generated" -I"C:/Workspaces/SOES-FW-UPDATE/ETHCAT_FWUPDATE_BOOTLOADER_XMC48/Libraries" -O0 -ffunction-sections -fdata-sections -Wall -std=gnu99 -mfloat-abi=softfp -Wa,-adhlns="Libraries/XMCLib/src/xmc_posif.o.lst" -pipe -c -fmessage-length=0 -MMD -MP -MF"Libraries/XMCLib/src/xmc_posif.d" -MT"Libraries/XMCLib/src/xmc_posif.d Libraries/XMCLib/src/xmc_posif.o" -mcpu=cortex-m4 -mfpu=fpv4-sp-d16 -mthumb -g -gdwarf-2 -o "Libraries/XMCLib/src/xmc_posif.o" "../Libraries/XMCLib/src/xmc_posif.c" 
'Finished building: ../Libraries/XMCLib/src/xmc_posif.c'

'Building file: ../Libraries/XMCLib/src/xmc_rtc.c'
'Invoking: ARM-GCC C Compiler'
"C:/DAVEv4-64Bit/DAVE-4.3.2/eclipse/ARM-GCC-49/bin/arm-none-eabi-gcc" -MMD -MT "Libraries/XMCLib/src/xmc_rtc.o" -DXMC4800_F144x2048 -I"C:/Workspaces/SOES-FW-UPDATE/ETHCAT_FWUPDATE_BOOTLOADER_XMC48/Libraries/XMCLib/inc" -I"C:/Workspaces/SOES-FW-UPDATE/ETHCAT_FWUPDATE_BOOTLOADER_XMC48/Libraries/CMSIS/Include" -I"C:/Workspaces/SOES-FW-UPDATE/ETHCAT_FWUPDATE_BOOTLOADER_XMC48/Libraries/CMSIS/Infineon/XMC4800_series/Include" -I"C:/Workspaces/SOES-FW-UPDATE/ETHCAT_FWUPDATE_BOOTLOADER_XMC48" -I"C:/Workspaces/SOES-FW-UPDATE/ETHCAT_FWUPDATE_BOOTLOADER_XMC48/Dave/Generated" -I"C:/Workspaces/SOES-FW-UPDATE/ETHCAT_FWUPDATE_BOOTLOADER_XMC48/Libraries" -O0 -ffunction-sections -fdata-sections -Wall -std=gnu99 -mfloat-abi=softfp -Wa,-adhlns="Libraries/XMCLib/src/xmc_rtc.o.lst" -pipe -c -fmessage-length=0 -MMD -MP -MF"Libraries/XMCLib/src/xmc_rtc.d" -MT"Libraries/XMCLib/src/xmc_rtc.d Libraries/XMCLib/src/xmc_rtc.o" -mcpu=cortex-m4 -mfpu=fpv4-sp-d16 -mthumb -g -gdwarf-2 -o "Libraries/XMCLib/src/xmc_rtc.o" "../Libraries/XMCLib/src/xmc_rtc.c" 
'Finished building: ../Libraries/XMCLib/src/xmc_rtc.c'

'Building file: ../Libraries/XMCLib/src/xmc_sdmmc.c'
'Invoking: ARM-GCC C Compiler'
"C:/DAVEv4-64Bit/DAVE-4.3.2/eclipse/ARM-GCC-49/bin/arm-none-eabi-gcc" -MMD -MT "Libraries/XMCLib/src/xmc_sdmmc.o" -DXMC4800_F144x2048 -I"C:/Workspaces/SOES-FW-UPDATE/ETHCAT_FWUPDATE_BOOTLOADER_XMC48/Libraries/XMCLib/inc" -I"C:/Workspaces/SOES-FW-UPDATE/ETHCAT_FWUPDATE_BOOTLOADER_XMC48/Libraries/CMSIS/Include" -I"C:/Workspaces/SOES-FW-UPDATE/ETHCAT_FWUPDATE_BOOTLOADER_XMC48/Libraries/CMSIS/Infineon/XMC4800_series/Include" -I"C:/Workspaces/SOES-FW-UPDATE/ETHCAT_FWUPDATE_BOOTLOADER_XMC48" -I"C:/Workspaces/SOES-FW-UPDATE/ETHCAT_FWUPDATE_BOOTLOADER_XMC48/Dave/Generated" -I"C:/Workspaces/SOES-FW-UPDATE/ETHCAT_FWUPDATE_BOOTLOADER_XMC48/Libraries" -O0 -ffunction-sections -fdata-sections -Wall -std=gnu99 -mfloat-abi=softfp -Wa,-adhlns="Libraries/XMCLib/src/xmc_sdmmc.o.lst" -pipe -c -fmessage-length=0 -MMD -MP -MF"Libraries/XMCLib/src/xmc_sdmmc.d" -MT"Libraries/XMCLib/src/xmc_sdmmc.d Libraries/XMCLib/src/xmc_sdmmc.o" -mcpu=cortex-m4 -mfpu=fpv4-sp-d16 -mthumb -g -gdwarf-2 -o "Libraries/XMCLib/src/xmc_sdmmc.o" "../Libraries/XMCLib/src/xmc_sdmmc.c" 
'Finished building: ../Libraries/XMCLib/src/xmc_sdmmc.c'

'Building file: ../Libraries/XMCLib/src/xmc_spi.c'
'Invoking: ARM-GCC C Compiler'
"C:/DAVEv4-64Bit/DAVE-4.3.2/eclipse/ARM-GCC-49/bin/arm-none-eabi-gcc" -MMD -MT "Libraries/XMCLib/src/xmc_spi.o" -DXMC4800_F144x2048 -I"C:/Workspaces/SOES-FW-UPDATE/ETHCAT_FWUPDATE_BOOTLOADER_XMC48/Libraries/XMCLib/inc" -I"C:/Workspaces/SOES-FW-UPDATE/ETHCAT_FWUPDATE_BOOTLOADER_XMC48/Libraries/CMSIS/Include" -I"C:/Workspaces/SOES-FW-UPDATE/ETHCAT_FWUPDATE_BOOTLOADER_XMC48/Libraries/CMSIS/Infineon/XMC4800_series/Include" -I"C:/Workspaces/SOES-FW-UPDATE/ETHCAT_FWUPDATE_BOOTLOADER_XMC48" -I"C:/Workspaces/SOES-FW-UPDATE/ETHCAT_FWUPDATE_BOOTLOADER_XMC48/Dave/Generated" -I"C:/Workspaces/SOES-FW-UPDATE/ETHCAT_FWUPDATE_BOOTLOADER_XMC48/Libraries" -O0 -ffunction-sections -fdata-sections -Wall -std=gnu99 -mfloat-abi=softfp -Wa,-adhlns="Libraries/XMCLib/src/xmc_spi.o.lst" -pipe -c -fmessage-length=0 -MMD -MP -MF"Libraries/XMCLib/src/xmc_spi.d" -MT"Libraries/XMCLib/src/xmc_spi.d Libraries/XMCLib/src/xmc_spi.o" -mcpu=cortex-m4 -mfpu=fpv4-sp-d16 -mthumb -g -gdwarf-2 -o "Libraries/XMCLib/src/xmc_spi.o" "../Libraries/XMCLib/src/xmc_spi.c" 
'Finished building: ../Libraries/XMCLib/src/xmc_spi.c'

'Building file: ../Libraries/XMCLib/src/xmc_uart.c'
'Invoking: ARM-GCC C Compiler'
"C:/DAVEv4-64Bit/DAVE-4.3.2/eclipse/ARM-GCC-49/bin/arm-none-eabi-gcc" -MMD -MT "Libraries/XMCLib/src/xmc_uart.o" -DXMC4800_F144x2048 -I"C:/Workspaces/SOES-FW-UPDATE/ETHCAT_FWUPDATE_BOOTLOADER_XMC48/Libraries/XMCLib/inc" -I"C:/Workspaces/SOES-FW-UPDATE/ETHCAT_FWUPDATE_BOOTLOADER_XMC48/Libraries/CMSIS/Include" -I"C:/Workspaces/SOES-FW-UPDATE/ETHCAT_FWUPDATE_BOOTLOADER_XMC48/Libraries/CMSIS/Infineon/XMC4800_series/Include" -I"C:/Workspaces/SOES-FW-UPDATE/ETHCAT_FWUPDATE_BOOTLOADER_XMC48" -I"C:/Workspaces/SOES-FW-UPDATE/ETHCAT_FWUPDATE_BOOTLOADER_XMC48/Dave/Generated" -I"C:/Workspaces/SOES-FW-UPDATE/ETHCAT_FWUPDATE_BOOTLOADER_XMC48/Libraries" -O0 -ffunction-sections -fdata-sections -Wall -std=gnu99 -mfloat-abi=softfp -Wa,-adhlns="Libraries/XMCLib/src/xmc_uart.o.lst" -pipe -c -fmessage-length=0 -MMD -MP -MF"Libraries/XMCLib/src/xmc_uart.d" -MT"Libraries/XMCLib/src/xmc_uart.d Libraries/XMCLib/src/xmc_uart.o" -mcpu=cortex-m4 -mfpu=fpv4-sp-d16 -mthumb -g -gdwarf-2 -o "Libraries/XMCLib/src/xmc_uart.o" "../Libraries/XMCLib/src/xmc_uart.c" 
'Finished building: ../Libraries/XMCLib/src/xmc_uart.c'

'Building file: ../Libraries/XMCLib/src/xmc_usic.c'
'Invoking: ARM-GCC C Compiler'
"C:/DAVEv4-64Bit/DAVE-4.3.2/eclipse/ARM-GCC-49/bin/arm-none-eabi-gcc" -MMD -MT "Libraries/XMCLib/src/xmc_usic.o" -DXMC4800_F144x2048 -I"C:/Workspaces/SOES-FW-UPDATE/ETHCAT_FWUPDATE_BOOTLOADER_XMC48/Libraries/XMCLib/inc" -I"C:/Workspaces/SOES-FW-UPDATE/ETHCAT_FWUPDATE_BOOTLOADER_XMC48/Libraries/CMSIS/Include" -I"C:/Workspaces/SOES-FW-UPDATE/ETHCAT_FWUPDATE_BOOTLOADER_XMC48/Libraries/CMSIS/Infineon/XMC4800_series/Include" -I"C:/Workspaces/SOES-FW-UPDATE/ETHCAT_FWUPDATE_BOOTLOADER_XMC48" -I"C:/Workspaces/SOES-FW-UPDATE/ETHCAT_FWUPDATE_BOOTLOADER_XMC48/Dave/Generated" -I"C:/Workspaces/SOES-FW-UPDATE/ETHCAT_FWUPDATE_BOOTLOADER_XMC48/Libraries" -O0 -ffunction-sections -fdata-sections -Wall -std=gnu99 -mfloat-abi=softfp -Wa,-adhlns="Libraries/XMCLib/src/xmc_usic.o.lst" -pipe -c -fmessage-length=0 -MMD -MP -MF"Libraries/XMCLib/src/xmc_usic.d" -MT"Libraries/XMCLib/src/xmc_usic.d Libraries/XMCLib/src/xmc_usic.o" -mcpu=cortex-m4 -mfpu=fpv4-sp-d16 -mthumb -g -gdwarf-2 -o "Libraries/XMCLib/src/xmc_usic.o" "../Libraries/XMCLib/src/xmc_usic.c" 
'Finished building: ../Libraries/XMCLib/src/xmc_usic.c'

'Building file: ../Libraries/XMCLib/src/xmc_usbh.c'
'Invoking: ARM-GCC C Compiler'
"C:/DAVEv4-64Bit/DAVE-4.3.2/eclipse/ARM-GCC-49/bin/arm-none-eabi-gcc" -MMD -MT "Libraries/XMCLib/src/xmc_usbh.o" -DXMC4800_F144x2048 -I"C:/Workspaces/SOES-FW-UPDATE/ETHCAT_FWUPDATE_BOOTLOADER_XMC48/Libraries/XMCLib/inc" -I"C:/Workspaces/SOES-FW-UPDATE/ETHCAT_FWUPDATE_BOOTLOADER_XMC48/Libraries/CMSIS/Include" -I"C:/Workspaces/SOES-FW-UPDATE/ETHCAT_FWUPDATE_BOOTLOADER_XMC48/Libraries/CMSIS/Infineon/XMC4800_series/Include" -I"C:/Workspaces/SOES-FW-UPDATE/ETHCAT_FWUPDATE_BOOTLOADER_XMC48" -I"C:/Workspaces/SOES-FW-UPDATE/ETHCAT_FWUPDATE_BOOTLOADER_XMC48/Dave/Generated" -I"C:/Workspaces/SOES-FW-UPDATE/ETHCAT_FWUPDATE_BOOTLOADER_XMC48/Libraries" -O0 -ffunction-sections -fdata-sections -Wall -std=gnu99 -mfloat-abi=softfp -Wa,-adhlns="Libraries/XMCLib/src/xmc_usbh.o.lst" -pipe -c -fmessage-length=0 -MMD -MP -MF"Libraries/XMCLib/src/xmc_usbh.d" -MT"Libraries/XMCLib/src/xmc_usbh.d Libraries/XMCLib/src/xmc_usbh.o" -mcpu=cortex-m4 -mfpu=fpv4-sp-d16 -mthumb -g -gdwarf-2 -o "Libraries/XMCLib/src/xmc_usbh.o" "../Libraries/XMCLib/src/xmc_usbh.c" 
'Finished building: ../Libraries/XMCLib/src/xmc_usbh.c'

'Building file: ../Libraries/XMCLib/src/xmc_usbd.c'
'Invoking: ARM-GCC C Compiler'
"C:/DAVEv4-64Bit/DAVE-4.3.2/eclipse/ARM-GCC-49/bin/arm-none-eabi-gcc" -MMD -MT "Libraries/XMCLib/src/xmc_usbd.o" -DXMC4800_F144x2048 -I"C:/Workspaces/SOES-FW-UPDATE/ETHCAT_FWUPDATE_BOOTLOADER_XMC48/Libraries/XMCLib/inc" -I"C:/Workspaces/SOES-FW-UPDATE/ETHCAT_FWUPDATE_BOOTLOADER_XMC48/Libraries/CMSIS/Include" -I"C:/Workspaces/SOES-FW-UPDATE/ETHCAT_FWUPDATE_BOOTLOADER_XMC48/Libraries/CMSIS/Infineon/XMC4800_series/Include" -I"C:/Workspaces/SOES-FW-UPDATE/ETHCAT_FWUPDATE_BOOTLOADER_XMC48" -I"C:/Workspaces/SOES-FW-UPDATE/ETHCAT_FWUPDATE_BOOTLOADER_XMC48/Dave/Generated" -I"C:/Workspaces/SOES-FW-UPDATE/ETHCAT_FWUPDATE_BOOTLOADER_XMC48/Libraries" -O0 -ffunction-sections -fdata-sections -Wall -std=gnu99 -mfloat-abi=softfp -Wa,-adhlns="Libraries/XMCLib/src/xmc_usbd.o.lst" -pipe -c -fmessage-length=0 -MMD -MP -MF"Libraries/XMCLib/src/xmc_usbd.d" -MT"Libraries/XMCLib/src/xmc_usbd.d Libraries/XMCLib/src/xmc_usbd.o" -mcpu=cortex-m4 -mfpu=fpv4-sp-d16 -mthumb -g -gdwarf-2 -o "Libraries/XMCLib/src/xmc_usbd.o" "../Libraries/XMCLib/src/xmc_usbd.c" 
'Finished building: ../Libraries/XMCLib/src/xmc_usbd.c'

'Building file: ../Libraries/XMCLib/src/xmc_vadc.c'
'Invoking: ARM-GCC C Compiler'
"C:/DAVEv4-64Bit/DAVE-4.3.2/eclipse/ARM-GCC-49/bin/arm-none-eabi-gcc" -MMD -MT "Libraries/XMCLib/src/xmc_vadc.o" -DXMC4800_F144x2048 -I"C:/Workspaces/SOES-FW-UPDATE/ETHCAT_FWUPDATE_BOOTLOADER_XMC48/Libraries/XMCLib/inc" -I"C:/Workspaces/SOES-FW-UPDATE/ETHCAT_FWUPDATE_BOOTLOADER_XMC48/Libraries/CMSIS/Include" -I"C:/Workspaces/SOES-FW-UPDATE/ETHCAT_FWUPDATE_BOOTLOADER_XMC48/Libraries/CMSIS/Infineon/XMC4800_series/Include" -I"C:/Workspaces/SOES-FW-UPDATE/ETHCAT_FWUPDATE_BOOTLOADER_XMC48" -I"C:/Workspaces/SOES-FW-UPDATE/ETHCAT_FWUPDATE_BOOTLOADER_XMC48/Dave/Generated" -I"C:/Workspaces/SOES-FW-UPDATE/ETHCAT_FWUPDATE_BOOTLOADER_XMC48/Libraries" -O0 -ffunction-sections -fdata-sections -Wall -std=gnu99 -mfloat-abi=softfp -Wa,-adhlns="Libraries/XMCLib/src/xmc_vadc.o.lst" -pipe -c -fmessage-length=0 -MMD -MP -MF"Libraries/XMCLib/src/xmc_vadc.d" -MT"Libraries/XMCLib/src/xmc_vadc.d Libraries/XMCLib/src/xmc_vadc.o" -mcpu=cortex-m4 -mfpu=fpv4-sp-d16 -mthumb -g -gdwarf-2 -o "Libraries/XMCLib/src/xmc_vadc.o" "../Libraries/XMCLib/src/xmc_vadc.c" 
'Finished building: ../Libraries/XMCLib/src/xmc_vadc.c'

'Building file: ../Libraries/XMCLib/src/xmc_wdt.c'
'Invoking: ARM-GCC C Compiler'
"C:/DAVEv4-64Bit/DAVE-4.3.2/eclipse/ARM-GCC-49/bin/arm-none-eabi-gcc" -MMD -MT "Libraries/XMCLib/src/xmc_wdt.o" -DXMC4800_F144x2048 -I"C:/Workspaces/SOES-FW-UPDATE/ETHCAT_FWUPDATE_BOOTLOADER_XMC48/Libraries/XMCLib/inc" -I"C:/Workspaces/SOES-FW-UPDATE/ETHCAT_FWUPDATE_BOOTLOADER_XMC48/Libraries/CMSIS/Include" -I"C:/Workspaces/SOES-FW-UPDATE/ETHCAT_FWUPDATE_BOOTLOADER_XMC48/Libraries/CMSIS/Infineon/XMC4800_series/Include" -I"C:/Workspaces/SOES-FW-UPDATE/ETHCAT_FWUPDATE_BOOTLOADER_XMC48" -I"C:/Workspaces/SOES-FW-UPDATE/ETHCAT_FWUPDATE_BOOTLOADER_XMC48/Dave/Generated" -I"C:/Workspaces/SOES-FW-UPDATE/ETHCAT_FWUPDATE_BOOTLOADER_XMC48/Libraries" -O0 -ffunction-sections -fdata-sections -Wall -std=gnu99 -mfloat-abi=softfp -Wa,-adhlns="Libraries/XMCLib/src/xmc_wdt.o.lst" -pipe -c -fmessage-length=0 -MMD -MP -MF"Libraries/XMCLib/src/xmc_wdt.d" -MT"Libraries/XMCLib/src/xmc_wdt.d Libraries/XMCLib/src/xmc_wdt.o" -mcpu=cortex-m4 -mfpu=fpv4-sp-d16 -mthumb -g -gdwarf-2 -o "Libraries/XMCLib/src/xmc_wdt.o" "../Libraries/XMCLib/src/xmc_wdt.c" 
'Finished building: ../Libraries/XMCLib/src/xmc_wdt.c'

'Building file: ../Libraries/Newlib/syscalls.c'
'Invoking: ARM-GCC C Compiler'
"C:/DAVEv4-64Bit/DAVE-4.3.2/eclipse/ARM-GCC-49/bin/arm-none-eabi-gcc" -MMD -MT "Libraries/Newlib/syscalls.o" -DXMC4800_F144x2048 -I"C:/Workspaces/SOES-FW-UPDATE/ETHCAT_FWUPDATE_BOOTLOADER_XMC48/Libraries/XMCLib/inc" -I"C:/Workspaces/SOES-FW-UPDATE/ETHCAT_FWUPDATE_BOOTLOADER_XMC48/Libraries/CMSIS/Include" -I"C:/Workspaces/SOES-FW-UPDATE/ETHCAT_FWUPDATE_BOOTLOADER_XMC48/Libraries/CMSIS/Infineon/XMC4800_series/Include" -I"C:/Workspaces/SOES-FW-UPDATE/ETHCAT_FWUPDATE_BOOTLOADER_XMC48" -I"C:/Workspaces/SOES-FW-UPDATE/ETHCAT_FWUPDATE_BOOTLOADER_XMC48/Dave/Generated" -I"C:/Workspaces/SOES-FW-UPDATE/ETHCAT_FWUPDATE_BOOTLOADER_XMC48/Libraries" -O0 -ffunction-sections -fdata-sections -Wall -std=gnu99 -mfloat-abi=softfp -Wa,-adhlns="Libraries/Newlib/syscalls.o.lst" -pipe -c -fmessage-length=0 -MMD -MP -MF"Libraries/Newlib/syscalls.d" -MT"Libraries/Newlib/syscalls.d Libraries/Newlib/syscalls.o" -mcpu=cortex-m4 -mfpu=fpv4-sp-d16 -mthumb -g -gdwarf-2 -o "Libraries/Newlib/syscalls.o" "../Libraries/Newlib/syscalls.c" 
'Finished building: ../Libraries/Newlib/syscalls.c'

'Building file: ../Dave/Generated/DAVE.c'
'Invoking: ARM-GCC C Compiler'
"C:/DAVEv4-64Bit/DAVE-4.3.2/eclipse/ARM-GCC-49/bin/arm-none-eabi-gcc" -MMD -MT "Dave/Generated/DAVE.o" -DXMC4800_F144x2048 -I"C:/Workspaces/SOES-FW-UPDATE/ETHCAT_FWUPDATE_BOOTLOADER_XMC48/Libraries/XMCLib/inc" -I"C:/Workspaces/SOES-FW-UPDATE/ETHCAT_FWUPDATE_BOOTLOADER_XMC48/Libraries/CMSIS/Include" -I"C:/Workspaces/SOES-FW-UPDATE/ETHCAT_FWUPDATE_BOOTLOADER_XMC48/Libraries/CMSIS/Infineon/XMC4800_series/Include" -I"C:/Workspaces/SOES-FW-UPDATE/ETHCAT_FWUPDATE_BOOTLOADER_XMC48" -I"C:/Workspaces/SOES-FW-UPDATE/ETHCAT_FWUPDATE_BOOTLOADER_XMC48/Dave/Generated" -I"C:/Workspaces/SOES-FW-UPDATE/ETHCAT_FWUPDATE_BOOTLOADER_XMC48/Libraries" -O0 -ffunction-sections -fdata-sections -Wall -std=gnu99 -mfloat-abi=softfp -Wa,-adhlns="Dave/Generated/DAVE.o.lst" -pipe -c -fmessage-length=0 -MMD -MP -MF"Dave/Generated/DAVE.d" -MT"Dave/Generated/DAVE.d Dave/Generated/DAVE.o" -mcpu=cortex-m4 -mfpu=fpv4-sp-d16 -mthumb -g -gdwarf-2 -o "Dave/Generated/DAVE.o" "../Dave/Generated/DAVE.c" 
'Finished building: ../Dave/Generated/DAVE.c'

'Building file: ../flashprog.c'
'Invoking: ARM-GCC C Compiler'
"C:/DAVEv4-64Bit/DAVE-4.3.2/eclipse/ARM-GCC-49/bin/arm-none-eabi-gcc" -MMD -MT "flashprog.o" -DXMC4800_F144x2048 -I"C:/Workspaces/SOES-FW-UPDATE/ETHCAT_FWUPDATE_BOOTLOADER_XMC48/Libraries/XMCLib/inc" -I"C:/Workspaces/SOES-FW-UPDATE/ETHCAT_FWUPDATE_BOOTLOADER_XMC48/Libraries/CMSIS/Include" -I"C:/Workspaces/SOES-FW-UPDATE/ETHCAT_FWUPDATE_BOOTLOADER_XMC48/Libraries/CMSIS/Infineon/XMC4800_series/Include" -I"C:/Workspaces/SOES-FW-UPDATE/ETHCAT_FWUPDATE_BOOTLOADER_XMC48" -I"C:/Workspaces/SOES-FW-UPDATE/ETHCAT_FWUPDATE_BOOTLOADER_XMC48/Dave/Generated" -I"C:/Workspaces/SOES-FW-UPDATE/ETHCAT_FWUPDATE_BOOTLOADER_XMC48/Libraries" -O0 -ffunction-sections -fdata-sections -Wall -std=gnu99 -mfloat-abi=softfp -Wa,-adhlns="flashprog.o.lst" -pipe -c -fmessage-length=0 -MMD -MP -MF"flashprog.d" -MT"flashprog.d flashprog.o" -mcpu=cortex-m4 -mfpu=fpv4-sp-d16 -mthumb -g -gdwarf-2 -o "flashprog.o" "../flashprog.c" 
'Finished building: ../flashprog.c'

../main.c:145:10: warning: return type of 'main' is not 'int' [-Wmain]
'Building file: ../main.c'
 uint32_t main(void)
'Invoking: ARM-GCC C Compiler'
          ^
"C:/DAVEv4-64Bit/DAVE-4.3.2/eclipse/ARM-GCC-49/bin/arm-none-eabi-gcc" -MMD -MT "main.o" -DXMC4800_F144x2048 -I"C:/Workspaces/SOES-FW-UPDATE/ETHCAT_FWUPDATE_BOOTLOADER_XMC48/Libraries/XMCLib/inc" -I"C:/Workspaces/SOES-FW-UPDATE/ETHCAT_FWUPDATE_BOOTLOADER_XMC48/Libraries/CMSIS/Include" -I"C:/Workspaces/SOES-FW-UPDATE/ETHCAT_FWUPDATE_BOOTLOADER_XMC48/Libraries/CMSIS/Infineon/XMC4800_series/Include" -I"C:/Workspaces/SOES-FW-UPDATE/ETHCAT_FWUPDATE_BOOTLOADER_XMC48" -I"C:/Workspaces/SOES-FW-UPDATE/ETHCAT_FWUPDATE_BOOTLOADER_XMC48/Dave/Generated" -I"C:/Workspaces/SOES-FW-UPDATE/ETHCAT_FWUPDATE_BOOTLOADER_XMC48/Libraries" -O0 -ffunction-sections -fdata-sections -Wall -std=gnu99 -mfloat-abi=softfp -Wa,-adhlns="main.o.lst" -pipe -c -fmessage-length=0 -MMD -MP -MF"main.d" -MT"main.d main.o" -mcpu=cortex-m4 -mfpu=fpv4-sp-d16 -mthumb -g -gdwarf-2 -o "main.o" "../main.c" 
'Finished building: ../main.c'

'Building target: ETHCAT_FWUPDATE_BOOTLOADER_XMC48.elf'
'Invoking: ARM-GCC C Linker'
"C:/DAVEv4-64Bit/DAVE-4.3.2/eclipse/ARM-GCC-49/bin/arm-none-eabi-gcc" -T"../linker_script.ld" -nostartfiles -Xlinker --gc-sections -specs=nano.specs -specs=nosys.specs -Wl,-Map,"ETHCAT_FWUPDATE_BOOTLOADER_XMC48.map" -mfloat-abi=softfp -mfpu=fpv4-sp-d16 -mcpu=cortex-m4 -mthumb -g -gdwarf-2 -o "ETHCAT_FWUPDATE_BOOTLOADER_XMC48.elf" "@objects.rsp"  -lm
'Finished building target: ETHCAT_FWUPDATE_BOOTLOADER_XMC48.elf'

'Invoking: ARM-GCC Create Flash Image'
"C:/DAVEv4-64Bit/DAVE-4.3.2/eclipse/ARM-GCC-49/bin/arm-none-eabi-objcopy" -O ihex "ETHCAT_FWUPDATE_BOOTLOADER_XMC48.elf" "ETHCAT_FWUPDATE_BOOTLOADER_XMC48.hex"
'Finished building: ETHCAT_FWUPDATE_BOOTLOADER_XMC48.hex'

'Invoking: ARM-GCC Print Size'
"C:/DAVEv4-64Bit/DAVE-4.3.2/eclipse/ARM-GCC-49/bin/arm-none-eabi-size" --format=berkeley "ETHCAT_FWUPDATE_BOOTLOADER_XMC48.elf"
   text	   data	    bss	    dec	    hex	filename
   4020	     56	   2348	   6424	   1918	ETHCAT_FWUPDATE_BOOTLOADER_XMC48.elf
'Finished building: ETHCAT_FWUPDATE_BOOTLOADER_XMC48.siz'

'Invoking: ARM-GCC Create Listing'
"C:/DAVEv4-64Bit/DAVE-4.3.2/eclipse/ARM-GCC-49/bin/arm-none-eabi-objdump" -h -S "ETHCAT_FWUPDATE_BOOTLOADER_XMC48.elf" > "ETHCAT_FWUPDATE_BOOTLOADER_XMC48.lst"
'Finished building: ETHCAT_FWUPDATE_BOOTLOADER_XMC48.lst'

21:33:28 **** Incremental Build of configuration Debug for project ETHCAT_FWUPDATE_BOOTLOADER_XMC48 ****
"\"C:\\DAVEv4-64Bit\\DAVE-4.3.2\\eclipse\\ARM-GCC-49\\bin\\make\"" --output-sync -j4 all 
'Invoking: ARM-GCC Print Size'
"C:/DAVEv4-64Bit/DAVE-4.3.2/eclipse/ARM-GCC-49/bin/arm-none-eabi-size" --format=berkeley "ETHCAT_FWUPDATE_BOOTLOADER_XMC48.elf"
   text	   data	    bss	    dec	    hex	filename
   4020	     56	   2348	   6424	   1918	ETHCAT_FWUPDATE_BOOTLOADER_XMC48.elf
'Finished building: ETHCAT_FWUPDATE_BOOTLOADER_XMC48.siz'

21:34:07 **** Clean-only build of configuration Debug for project ETHCAT_FWUPDATE_SSC_APPLICATION_XMC48 ****
"\"C:\\DAVEv4-64Bit\\DAVE-4.3.2\\eclipse\\ARM-GCC-49\\bin\\make\"" --output-sync -j4 clean 
rm -rf  ETHCAT_FWUPDATE_SSC_APPLICATION_XMC48.bin  ETHCAT_FWUPDATE_SSC_APPLICATION_XMC48.lst  ETHCAT_FWUPDATE_SSC_APPLICATION_XMC48.siz  ./Startup/startup_XMC4800.d  ./Startup/system_XMC4800.d  ./SSC/Src/XMC_ESC.d ./SSC/Src/bootmode.d ./SSC/Src/coeappl.d ./SSC/Src/ecatappl.d ./SSC/Src/ecatcoe.d ./SSC/Src/ecatfoe.d ./SSC/Src/ecatslv.d ./SSC/Src/foeappl.d ./SSC/Src/mailbox.d ./SSC/Src/objdef.d ./SSC/Src/sdoserv.d  ./Libraries/XMCLib/src/xmc4_eru.d ./Libraries/XMCLib/src/xmc4_flash.d ./Libraries/XMCLib/src/xmc4_gpio.d ./Libraries/XMCLib/src/xmc4_rtc.d ./Libraries/XMCLib/src/xmc4_scu.d ./Libraries/XMCLib/src/xmc_can.d ./Libraries/XMCLib/src/xmc_ccu4.d ./Libraries/XMCLib/src/xmc_ccu8.d ./Libraries/XMCLib/src/xmc_common.d ./Libraries/XMCLib/src/xmc_dac.d ./Libraries/XMCLib/src/xmc_dma.d ./Libraries/XMCLib/src/xmc_dsd.d ./Libraries/XMCLib/src/xmc_ebu.d ./Libraries/XMCLib/src/xmc_ecat.d ./Libraries/XMCLib/src/xmc_eru.d ./Libraries/XMCLib/src/xmc_eth_mac.d ./Libraries/XMCLib/src/xmc_fce.d ./Libraries/XMCLib/src/xmc_gpio.d ./Libraries/XMCLib/src/xmc_hrpwm.d ./Libraries/XMCLib/src/xmc_i2c.d ./Libraries/XMCLib/src/xmc_i2s.d ./Libraries/XMCLib/src/xmc_ledts.d ./Libraries/XMCLib/src/xmc_posif.d ./Libraries/XMCLib/src/xmc_rtc.d ./Libraries/XMCLib/src/xmc_sdmmc.d ./Libraries/XMCLib/src/xmc_spi.d ./Libraries/XMCLib/src/xmc_uart.d ./Libraries/XMCLib/src/xmc_usbd.d ./Libraries/XMCLib/src/xmc_usbh.d ./Libraries/XMCLib/src/xmc_usic.d ./Libraries/XMCLib/src/xmc_vadc.d ./Libraries/XMCLib/src/xmc_wdt.d  ./Libraries/Newlib/syscalls.d  ./Dave/Generated/TIMER/timer.d ./Dave/Generated/TIMER/timer_conf.d  ./Dave/Generated/PWM_CCU8/pwm_ccu8.d ./Dave/Generated/PWM_CCU8/pwm_ccu8_conf.d  ./Dave/Generated/INTERRUPT/interrupt.d ./Dave/Generated/INTERRUPT/interrupt_conf.d  ./Dave/Generated/GLOBAL_CCU8/global_ccu8.d ./Dave/Generated/GLOBAL_CCU8/global_ccu8_conf.d  ./Dave/Generated/GLOBAL_CCU4/global_ccu4.d ./Dave/Generated/GLOBAL_CCU4/global_ccu4_conf.d  ./Dave/Generated/E_EEPROM_XMC4/e_eeprom_xmc4.d ./Dave/Generated/E_EEPROM_XMC4/e_eeprom_xmc4_conf.d  ./Dave/Generated/EVENT_GENERATOR/event_generator.d ./Dave/Generated/EVENT_GENERATOR/event_generator_conf.d  ./Dave/Generated/EVENT_DETECTOR/event_detector.d ./Dave/Generated/EVENT_DETECTOR/event_detector_conf.d  ./Dave/Generated/ECAT_SSC/ecat_ssc.d ./Dave/Generated/ECAT_SSC/ecat_ssc_conf.d ./Dave/Generated/ECAT_SSC/xmc_eschw.d  ./Dave/Generated/CPU_CTRL_XMC4/cpu_ctrl_xmc4.d ./Dave/Generated/CPU_CTRL_XMC4/cpu_ctrl_xmc4_conf.d  ./Dave/Generated/CLOCK_XMC4/clock_xmc4.d ./Dave/Generated/CLOCK_XMC4/clock_xmc4_conf.d  ./Dave/Generated/DAVE.d  ./firmwareupdate_SSC.d ./flashprog.d ./main.d 
rm -rf firmwareupdate_SSC.o flashprog.o main.o Startup/startup_XMC4800.o Startup/system_XMC4800.o SSC/Src/XMC_ESC.o SSC/Src/bootmode.o SSC/Src/coeappl.o SSC/Src/ecatappl.o SSC/Src/ecatcoe.o SSC/Src/ecatfoe.o SSC/Src/ecatslv.o SSC/Src/foeappl.o SSC/Src/mailbox.o SSC/Src/objdef.o SSC/Src/sdoserv.o Libraries/XMCLib/src/xmc4_eru.o Libraries/XMCLib/src/xmc4_flash.o Libraries/XMCLib/src/xmc4_gpio.o Libraries/XMCLib/src/xmc4_rtc.o Libraries/XMCLib/src/xmc4_scu.o Libraries/XMCLib/src/xmc_can.o Libraries/XMCLib/src/xmc_ccu4.o Libraries/XMCLib/src/xmc_ccu8.o Libraries/XMCLib/src/xmc_common.o Libraries/XMCLib/src/xmc_dac.o Libraries/XMCLib/src/xmc_dma.o Libraries/XMCLib/src/xmc_dsd.o Libraries/XMCLib/src/xmc_ebu.o Libraries/XMCLib/src/xmc_ecat.o Libraries/XMCLib/src/xmc_eru.o Libraries/XMCLib/src/xmc_eth_mac.o Libraries/XMCLib/src/xmc_fce.o Libraries/XMCLib/src/xmc_gpio.o Libraries/XMCLib/src/xmc_hrpwm.o Libraries/XMCLib/src/xmc_i2c.o Libraries/XMCLib/src/xmc_i2s.o Libraries/XMCLib/src/xmc_ledts.o Libraries/XMCLib/src/xmc_posif.o Libraries/XMCLib/src/xmc_rtc.o Libraries/XMCLib/src/xmc_sdmmc.o Libraries/XMCLib/src/xmc_spi.o Libraries/XMCLib/src/xmc_uart.o Libraries/XMCLib/src/xmc_usbd.o Libraries/XMCLib/src/xmc_usbh.o Libraries/XMCLib/src/xmc_usic.o Libraries/XMCLib/src/xmc_vadc.o Libraries/XMCLib/src/xmc_wdt.o Libraries/Newlib/syscalls.o Dave/Generated/TIMER/timer.o Dave/Generated/TIMER/timer_conf.o Dave/Generated/PWM_CCU8/pwm_ccu8.o Dave/Generated/PWM_CCU8/pwm_ccu8_conf.o Dave/Generated/INTERRUPT/interrupt.o Dave/Generated/INTERRUPT/interrupt_conf.o Dave/Generated/GLOBAL_CCU8/global_ccu8.o Dave/Generated/GLOBAL_CCU8/global_ccu8_conf.o Dave/Generated/GLOBAL_CCU4/global_ccu4.o Dave/Generated/GLOBAL_CCU4/global_ccu4_conf.o Dave/Generated/E_EEPROM_XMC4/e_eeprom_xmc4.o Dave/Generated/E_EEPROM_XMC4/e_eeprom_xmc4_conf.o Dave/Generated/EVENT_GENERATOR/event_generator.o Dave/Generated/EVENT_GENERATOR/event_generator_conf.o 
rm -rf Dave/Generated/EVENT_DETECTOR/event_detector.o Dave/Generated/EVENT_DETECTOR/event_detector_conf.o Dave/Generated/ECAT_SSC/ecat_ssc.o Dave/Generated/ECAT_SSC/ecat_ssc_conf.o Dave/Generated/ECAT_SSC/xmc_eschw.o Dave/Generated/DAVE.o Dave/Generated/CPU_CTRL_XMC4/cpu_ctrl_xmc4.o Dave/Generated/CPU_CTRL_XMC4/cpu_ctrl_xmc4_conf.o Dave/Generated/CLOCK_XMC4/clock_xmc4.o Dave/Generated/CLOCK_XMC4/clock_xmc4_conf.o  ETHCAT_FWUPDATE_SSC_APPLICATION_XMC48.elf ./Startup/startup_XMC4800.o.lst ./Startup/system_XMC4800.o.lst ./SSC/Src/XMC_ESC.o.lst ./SSC/Src/bootmode.o.lst ./SSC/Src/coeappl.o.lst ./SSC/Src/ecatappl.o.lst ./SSC/Src/ecatcoe.o.lst ./SSC/Src/ecatfoe.o.lst ./SSC/Src/ecatslv.o.lst ./SSC/Src/foeappl.o.lst ./SSC/Src/mailbox.o.lst ./SSC/Src/objdef.o.lst ./SSC/Src/sdoserv.o.lst ./Libraries/XMCLib/src/xmc4_eru.o.lst ./Libraries/XMCLib/src/xmc4_flash.o.lst ./Libraries/XMCLib/src/xmc4_gpio.o.lst ./Libraries/XMCLib/src/xmc4_rtc.o.lst ./Libraries/XMCLib/src/xmc4_scu.o.lst ./Libraries/XMCLib/src/xmc_can.o.lst ./Libraries/XMCLib/src/xmc_ccu4.o.lst ./Libraries/XMCLib/src/xmc_ccu8.o.lst ./Libraries/XMCLib/src/xmc_common.o.lst ./Libraries/XMCLib/src/xmc_dac.o.lst ./Libraries/XMCLib/src/xmc_dma.o.lst ./Libraries/XMCLib/src/xmc_dsd.o.lst ./Libraries/XMCLib/src/xmc_ebu.o.lst ./Libraries/XMCLib/src/xmc_ecat.o.lst ./Libraries/XMCLib/src/xmc_eru.o.lst ./Libraries/XMCLib/src/xmc_eth_mac.o.lst ./Libraries/XMCLib/src/xmc_fce.o.lst ./Libraries/XMCLib/src/xmc_gpio.o.lst ./Libraries/XMCLib/src/xmc_hrpwm.o.lst ./Libraries/XMCLib/src/xmc_i2c.o.lst ./Libraries/XMCLib/src/xmc_i2s.o.lst ./Libraries/XMCLib/src/xmc_ledts.o.lst ./Libraries/XMCLib/src/xmc_posif.o.lst ./Libraries/XMCLib/src/xmc_rtc.o.lst ./Libraries/XMCLib/src/xmc_sdmmc.o.lst ./Libraries/XMCLib/src/xmc_spi.o.lst ./Libraries/XMCLib/src/xmc_uart.o.lst ./Libraries/XMCLib/src/xmc_usbd.o.lst ./Libraries/XMCLib/src/xmc_usbh.o.lst ./Libraries/XMCLib/src/xmc_usic.o.lst ./Libraries/XMCLib/src/xmc_vadc.o.lst ./Libraries/XMCLib/src/xmc_wdt.o.lst ./Libraries/Newlib/syscalls.o.lst ./Dave/Generated/TIMER/timer.o.lst ./Dave/Generated/TIMER/timer_conf.o.lst ./Dave/Generated/PWM_CCU8/pwm_ccu8.o.lst ./Dave/Generated/PWM_CCU8/pwm_ccu8_conf.o.lst ./Dave/Generated/INTERRUPT/interrupt.o.lst ./Dave/Generated/INTERRUPT/interrupt_conf.o.lst ./Dave/Generated/GLOBAL_CCU8/global_ccu8.o.lst ./Dave/Generated/GLOBAL_CCU8/global_ccu8_conf.o.lst ./Dave/Generated/GLOBAL_CCU4/global_ccu4.o.lst ./Dave/Generated/GLOBAL_CCU4/global_ccu4_conf.o.lst ./Dave/Generated/E_EEPROM_XMC4/e_eeprom_xmc4.o.lst ./Dave/Generated/E_EEPROM_XMC4/e_eeprom_xmc4_conf.o.lst ./Dave/Generated/EVENT_GENERATOR/event_generator.o.lst ./Dave/Generated/EVENT_GENERATOR/event_generator_conf.o.lst ./Dave/Generated/EVENT_DETECTOR/event_detector.o.lst ./Dave/Generated/EVENT_DETECTOR/event_detector_conf.o.lst ./Dave/Generated/ECAT_SSC/ecat_ssc.o.lst ./Dave/Generated/ECAT_SSC/ecat_ssc_conf.o.lst ./Dave/Generated/ECAT_SSC/xmc_eschw.o.lst ./Dave/Generated/CPU_CTRL_XMC4/cpu_ctrl_xmc4.o.lst ./Dave/Generated/CPU_CTRL_XMC4/cpu_ctrl_xmc4_conf.o.lst ./Dave/Generated/CLOCK_XMC4/clock_xmc4.o.lst ./Dave/Generated/CLOCK_XMC4/clock_xmc4_conf.o.lst ./Dave/Generated/DAVE.o.lst ./firmwareupdate_SSC.o.lst ./flashprog.o.lst ./main.o.lst  "ETHCAT_FWUPDATE_SSC_APPLICATION_XMC48.map" objects.rsp

21:34:08 **** Build of configuration Debug for project ETHCAT_FWUPDATE_SSC_APPLICATION_XMC48 ****
"\"C:\\DAVEv4-64Bit\\DAVE-4.3.2\\eclipse\\ARM-GCC-49\\bin\\make\"" --output-sync -j4 all 
'Building file: ../Startup/startup_XMC4800.S'
'Invoking: ARM-GCC Assembler'
"C:/DAVEv4-64Bit/DAVE-4.3.2/eclipse/ARM-GCC-49/bin/arm-none-eabi-gcc" -MMD -MT "Startup/startup_XMC4800.o" -x assembler-with-cpp -DXMC4800_F144x2048 -I"C:/Workspaces/SOES-FW-UPDATE/ETHCAT_FWUPDATE_SSC_APPLICATION_XMC48/Libraries/XMCLib/inc" -I"C:/Workspaces/SOES-FW-UPDATE/ETHCAT_FWUPDATE_SSC_APPLICATION_XMC48" -I"C:/Workspaces/SOES-FW-UPDATE/ETHCAT_FWUPDATE_SSC_APPLICATION_XMC48/Dave/Generated" -Wall -Wa,-adhlns="Startup/startup_XMC4800.o.lst" -mfloat-abi=softfp -c -fmessage-length=0 -MMD -MP -MF"Startup/startup_XMC4800.d" -MT"Startup/startup_XMC4800.d Startup/startup_XMC4800.o" -mcpu=cortex-m4 -mfpu=fpv4-sp-d16 -mthumb -g -gdwarf-2 -o "Startup/startup_XMC4800.o" "../Startup/startup_XMC4800.S" 
'Finished building: ../Startup/startup_XMC4800.S'

'Building file: ../Startup/system_XMC4800.c'
'Invoking: ARM-GCC C Compiler'
"C:/DAVEv4-64Bit/DAVE-4.3.2/eclipse/ARM-GCC-49/bin/arm-none-eabi-gcc" -MMD -MT "Startup/system_XMC4800.o" -DXMC4800_F144x2048 -I"C:/Workspaces/SOES-FW-UPDATE/ETHCAT_FWUPDATE_SSC_APPLICATION_XMC48/Libraries/XMCLib/inc" -I"C:/Workspaces/SOES-FW-UPDATE/ETHCAT_FWUPDATE_SSC_APPLICATION_XMC48/SSC/Src" -I"C:/Workspaces/SOES-FW-UPDATE/ETHCAT_FWUPDATE_SSC_APPLICATION_XMC48/Libraries/CMSIS/Include" -I"C:/Workspaces/SOES-FW-UPDATE/ETHCAT_FWUPDATE_SSC_APPLICATION_XMC48/Libraries/CMSIS/Infineon/XMC4800_series/Include" -I"C:/Workspaces/SOES-FW-UPDATE/ETHCAT_FWUPDATE_SSC_APPLICATION_XMC48" -I"C:/Workspaces/SOES-FW-UPDATE/ETHCAT_FWUPDATE_SSC_APPLICATION_XMC48/Dave/Generated" -I"C:/Workspaces/SOES-FW-UPDATE/ETHCAT_FWUPDATE_SSC_APPLICATION_XMC48/Libraries" -O0 -ffunction-sections -fdata-sections -Wall -std=gnu99 -mfloat-abi=softfp -Wa,-adhlns="Startup/system_XMC4800.o.lst" -pipe -c -fmessage-length=0 -MMD -MP -MF"Startup/system_XMC4800.d" -MT"Startup/system_XMC4800.d Startup/system_XMC4800.o" -mcpu=cortex-m4 -mfpu=fpv4-sp-d16 -mthumb -g -gdwarf-2 -o "Startup/system_XMC4800.o" "../Startup/system_XMC4800.c" 
'Finished building: ../Startup/system_XMC4800.c'

'Building file: ../SSC/Src/XMC_ESC.c'
'Invoking: ARM-GCC C Compiler'
"C:/DAVEv4-64Bit/DAVE-4.3.2/eclipse/ARM-GCC-49/bin/arm-none-eabi-gcc" -MMD -MT "SSC/Src/XMC_ESC.o" -DXMC4800_F144x2048 -I"C:/Workspaces/SOES-FW-UPDATE/ETHCAT_FWUPDATE_SSC_APPLICATION_XMC48/Libraries/XMCLib/inc" -I"C:/Workspaces/SOES-FW-UPDATE/ETHCAT_FWUPDATE_SSC_APPLICATION_XMC48/SSC/Src" -I"C:/Workspaces/SOES-FW-UPDATE/ETHCAT_FWUPDATE_SSC_APPLICATION_XMC48/Libraries/CMSIS/Include" -I"C:/Workspaces/SOES-FW-UPDATE/ETHCAT_FWUPDATE_SSC_APPLICATION_XMC48/Libraries/CMSIS/Infineon/XMC4800_series/Include" -I"C:/Workspaces/SOES-FW-UPDATE/ETHCAT_FWUPDATE_SSC_APPLICATION_XMC48" -I"C:/Workspaces/SOES-FW-UPDATE/ETHCAT_FWUPDATE_SSC_APPLICATION_XMC48/Dave/Generated" -I"C:/Workspaces/SOES-FW-UPDATE/ETHCAT_FWUPDATE_SSC_APPLICATION_XMC48/Libraries" -O0 -ffunction-sections -fdata-sections -Wall -std=gnu99 -mfloat-abi=softfp -Wa,-adhlns="SSC/Src/XMC_ESC.o.lst" -pipe -c -fmessage-length=0 -MMD -MP -MF"SSC/Src/XMC_ESC.d" -MT"SSC/Src/XMC_ESC.d SSC/Src/XMC_ESC.o" -mcpu=cortex-m4 -mfpu=fpv4-sp-d16 -mthumb -g -gdwarf-2 -o "SSC/Src/XMC_ESC.o" "../SSC/Src/XMC_ESC.c" 
'Finished building: ../SSC/Src/XMC_ESC.c'

'Building file: ../SSC/Src/bootmode.c'
'Invoking: ARM-GCC C Compiler'
"C:/DAVEv4-64Bit/DAVE-4.3.2/eclipse/ARM-GCC-49/bin/arm-none-eabi-gcc" -MMD -MT "SSC/Src/bootmode.o" -DXMC4800_F144x2048 -I"C:/Workspaces/SOES-FW-UPDATE/ETHCAT_FWUPDATE_SSC_APPLICATION_XMC48/Libraries/XMCLib/inc" -I"C:/Workspaces/SOES-FW-UPDATE/ETHCAT_FWUPDATE_SSC_APPLICATION_XMC48/SSC/Src" -I"C:/Workspaces/SOES-FW-UPDATE/ETHCAT_FWUPDATE_SSC_APPLICATION_XMC48/Libraries/CMSIS/Include" -I"C:/Workspaces/SOES-FW-UPDATE/ETHCAT_FWUPDATE_SSC_APPLICATION_XMC48/Libraries/CMSIS/Infineon/XMC4800_series/Include" -I"C:/Workspaces/SOES-FW-UPDATE/ETHCAT_FWUPDATE_SSC_APPLICATION_XMC48" -I"C:/Workspaces/SOES-FW-UPDATE/ETHCAT_FWUPDATE_SSC_APPLICATION_XMC48/Dave/Generated" -I"C:/Workspaces/SOES-FW-UPDATE/ETHCAT_FWUPDATE_SSC_APPLICATION_XMC48/Libraries" -O0 -ffunction-sections -fdata-sections -Wall -std=gnu99 -mfloat-abi=softfp -Wa,-adhlns="SSC/Src/bootmode.o.lst" -pipe -c -fmessage-length=0 -MMD -MP -MF"SSC/Src/bootmode.d" -MT"SSC/Src/bootmode.d SSC/Src/bootmode.o" -mcpu=cortex-m4 -mfpu=fpv4-sp-d16 -mthumb -g -gdwarf-2 -o "SSC/Src/bootmode.o" "../SSC/Src/bootmode.c" 
'Finished building: ../SSC/Src/bootmode.c'

'Building file: ../SSC/Src/coeappl.c'
'Invoking: ARM-GCC C Compiler'
"C:/DAVEv4-64Bit/DAVE-4.3.2/eclipse/ARM-GCC-49/bin/arm-none-eabi-gcc" -MMD -MT "SSC/Src/coeappl.o" -DXMC4800_F144x2048 -I"C:/Workspaces/SOES-FW-UPDATE/ETHCAT_FWUPDATE_SSC_APPLICATION_XMC48/Libraries/XMCLib/inc" -I"C:/Workspaces/SOES-FW-UPDATE/ETHCAT_FWUPDATE_SSC_APPLICATION_XMC48/SSC/Src" -I"C:/Workspaces/SOES-FW-UPDATE/ETHCAT_FWUPDATE_SSC_APPLICATION_XMC48/Libraries/CMSIS/Include" -I"C:/Workspaces/SOES-FW-UPDATE/ETHCAT_FWUPDATE_SSC_APPLICATION_XMC48/Libraries/CMSIS/Infineon/XMC4800_series/Include" -I"C:/Workspaces/SOES-FW-UPDATE/ETHCAT_FWUPDATE_SSC_APPLICATION_XMC48" -I"C:/Workspaces/SOES-FW-UPDATE/ETHCAT_FWUPDATE_SSC_APPLICATION_XMC48/Dave/Generated" -I"C:/Workspaces/SOES-FW-UPDATE/ETHCAT_FWUPDATE_SSC_APPLICATION_XMC48/Libraries" -O0 -ffunction-sections -fdata-sections -Wall -std=gnu99 -mfloat-abi=softfp -Wa,-adhlns="SSC/Src/coeappl.o.lst" -pipe -c -fmessage-length=0 -MMD -MP -MF"SSC/Src/coeappl.d" -MT"SSC/Src/coeappl.d SSC/Src/coeappl.o" -mcpu=cortex-m4 -mfpu=fpv4-sp-d16 -mthumb -g -gdwarf-2 -o "SSC/Src/coeappl.o" "../SSC/Src/coeappl.c" 
'Finished building: ../SSC/Src/coeappl.c'

'Building file: ../SSC/Src/ecatcoe.c'
'Invoking: ARM-GCC C Compiler'
"C:/DAVEv4-64Bit/DAVE-4.3.2/eclipse/ARM-GCC-49/bin/arm-none-eabi-gcc" -MMD -MT "SSC/Src/ecatcoe.o" -DXMC4800_F144x2048 -I"C:/Workspaces/SOES-FW-UPDATE/ETHCAT_FWUPDATE_SSC_APPLICATION_XMC48/Libraries/XMCLib/inc" -I"C:/Workspaces/SOES-FW-UPDATE/ETHCAT_FWUPDATE_SSC_APPLICATION_XMC48/SSC/Src" -I"C:/Workspaces/SOES-FW-UPDATE/ETHCAT_FWUPDATE_SSC_APPLICATION_XMC48/Libraries/CMSIS/Include" -I"C:/Workspaces/SOES-FW-UPDATE/ETHCAT_FWUPDATE_SSC_APPLICATION_XMC48/Libraries/CMSIS/Infineon/XMC4800_series/Include" -I"C:/Workspaces/SOES-FW-UPDATE/ETHCAT_FWUPDATE_SSC_APPLICATION_XMC48" -I"C:/Workspaces/SOES-FW-UPDATE/ETHCAT_FWUPDATE_SSC_APPLICATION_XMC48/Dave/Generated" -I"C:/Workspaces/SOES-FW-UPDATE/ETHCAT_FWUPDATE_SSC_APPLICATION_XMC48/Libraries" -O0 -ffunction-sections -fdata-sections -Wall -std=gnu99 -mfloat-abi=softfp -Wa,-adhlns="SSC/Src/ecatcoe.o.lst" -pipe -c -fmessage-length=0 -MMD -MP -MF"SSC/Src/ecatcoe.d" -MT"SSC/Src/ecatcoe.d SSC/Src/ecatcoe.o" -mcpu=cortex-m4 -mfpu=fpv4-sp-d16 -mthumb -g -gdwarf-2 -o "SSC/Src/ecatcoe.o" "../SSC/Src/ecatcoe.c" 
'Finished building: ../SSC/Src/ecatcoe.c'

'Building file: ../SSC/Src/ecatfoe.c'
'Invoking: ARM-GCC C Compiler'
"C:/DAVEv4-64Bit/DAVE-4.3.2/eclipse/ARM-GCC-49/bin/arm-none-eabi-gcc" -MMD -MT "SSC/Src/ecatfoe.o" -DXMC4800_F144x2048 -I"C:/Workspaces/SOES-FW-UPDATE/ETHCAT_FWUPDATE_SSC_APPLICATION_XMC48/Libraries/XMCLib/inc" -I"C:/Workspaces/SOES-FW-UPDATE/ETHCAT_FWUPDATE_SSC_APPLICATION_XMC48/SSC/Src" -I"C:/Workspaces/SOES-FW-UPDATE/ETHCAT_FWUPDATE_SSC_APPLICATION_XMC48/Libraries/CMSIS/Include" -I"C:/Workspaces/SOES-FW-UPDATE/ETHCAT_FWUPDATE_SSC_APPLICATION_XMC48/Libraries/CMSIS/Infineon/XMC4800_series/Include" -I"C:/Workspaces/SOES-FW-UPDATE/ETHCAT_FWUPDATE_SSC_APPLICATION_XMC48" -I"C:/Workspaces/SOES-FW-UPDATE/ETHCAT_FWUPDATE_SSC_APPLICATION_XMC48/Dave/Generated" -I"C:/Workspaces/SOES-FW-UPDATE/ETHCAT_FWUPDATE_SSC_APPLICATION_XMC48/Libraries" -O0 -ffunction-sections -fdata-sections -Wall -std=gnu99 -mfloat-abi=softfp -Wa,-adhlns="SSC/Src/ecatfoe.o.lst" -pipe -c -fmessage-length=0 -MMD -MP -MF"SSC/Src/ecatfoe.d" -MT"SSC/Src/ecatfoe.d SSC/Src/ecatfoe.o" -mcpu=cortex-m4 -mfpu=fpv4-sp-d16 -mthumb -g -gdwarf-2 -o "SSC/Src/ecatfoe.o" "../SSC/Src/ecatfoe.c" 
'Finished building: ../SSC/Src/ecatfoe.c'

'Building file: ../SSC/Src/ecatappl.c'
'Invoking: ARM-GCC C Compiler'
"C:/DAVEv4-64Bit/DAVE-4.3.2/eclipse/ARM-GCC-49/bin/arm-none-eabi-gcc" -MMD -MT "SSC/Src/ecatappl.o" -DXMC4800_F144x2048 -I"C:/Workspaces/SOES-FW-UPDATE/ETHCAT_FWUPDATE_SSC_APPLICATION_XMC48/Libraries/XMCLib/inc" -I"C:/Workspaces/SOES-FW-UPDATE/ETHCAT_FWUPDATE_SSC_APPLICATION_XMC48/SSC/Src" -I"C:/Workspaces/SOES-FW-UPDATE/ETHCAT_FWUPDATE_SSC_APPLICATION_XMC48/Libraries/CMSIS/Include" -I"C:/Workspaces/SOES-FW-UPDATE/ETHCAT_FWUPDATE_SSC_APPLICATION_XMC48/Libraries/CMSIS/Infineon/XMC4800_series/Include" -I"C:/Workspaces/SOES-FW-UPDATE/ETHCAT_FWUPDATE_SSC_APPLICATION_XMC48" -I"C:/Workspaces/SOES-FW-UPDATE/ETHCAT_FWUPDATE_SSC_APPLICATION_XMC48/Dave/Generated" -I"C:/Workspaces/SOES-FW-UPDATE/ETHCAT_FWUPDATE_SSC_APPLICATION_XMC48/Libraries" -O0 -ffunction-sections -fdata-sections -Wall -std=gnu99 -mfloat-abi=softfp -Wa,-adhlns="SSC/Src/ecatappl.o.lst" -pipe -c -fmessage-length=0 -MMD -MP -MF"SSC/Src/ecatappl.d" -MT"SSC/Src/ecatappl.d SSC/Src/ecatappl.o" -mcpu=cortex-m4 -mfpu=fpv4-sp-d16 -mthumb -g -gdwarf-2 -o "SSC/Src/ecatappl.o" "../SSC/Src/ecatappl.c" 
'Finished building: ../SSC/Src/ecatappl.c'

'Building file: ../SSC/Src/foeappl.c'
'Invoking: ARM-GCC C Compiler'
"C:/DAVEv4-64Bit/DAVE-4.3.2/eclipse/ARM-GCC-49/bin/arm-none-eabi-gcc" -MMD -MT "SSC/Src/foeappl.o" -DXMC4800_F144x2048 -I"C:/Workspaces/SOES-FW-UPDATE/ETHCAT_FWUPDATE_SSC_APPLICATION_XMC48/Libraries/XMCLib/inc" -I"C:/Workspaces/SOES-FW-UPDATE/ETHCAT_FWUPDATE_SSC_APPLICATION_XMC48/SSC/Src" -I"C:/Workspaces/SOES-FW-UPDATE/ETHCAT_FWUPDATE_SSC_APPLICATION_XMC48/Libraries/CMSIS/Include" -I"C:/Workspaces/SOES-FW-UPDATE/ETHCAT_FWUPDATE_SSC_APPLICATION_XMC48/Libraries/CMSIS/Infineon/XMC4800_series/Include" -I"C:/Workspaces/SOES-FW-UPDATE/ETHCAT_FWUPDATE_SSC_APPLICATION_XMC48" -I"C:/Workspaces/SOES-FW-UPDATE/ETHCAT_FWUPDATE_SSC_APPLICATION_XMC48/Dave/Generated" -I"C:/Workspaces/SOES-FW-UPDATE/ETHCAT_FWUPDATE_SSC_APPLICATION_XMC48/Libraries" -O0 -ffunction-sections -fdata-sections -Wall -std=gnu99 -mfloat-abi=softfp -Wa,-adhlns="SSC/Src/foeappl.o.lst" -pipe -c -fmessage-length=0 -MMD -MP -MF"SSC/Src/foeappl.d" -MT"SSC/Src/foeappl.d SSC/Src/foeappl.o" -mcpu=cortex-m4 -mfpu=fpv4-sp-d16 -mthumb -g -gdwarf-2 -o "SSC/Src/foeappl.o" "../SSC/Src/foeappl.c" 
'Finished building: ../SSC/Src/foeappl.c'

'Building file: ../SSC/Src/ecatslv.c'
'Invoking: ARM-GCC C Compiler'
"C:/DAVEv4-64Bit/DAVE-4.3.2/eclipse/ARM-GCC-49/bin/arm-none-eabi-gcc" -MMD -MT "SSC/Src/ecatslv.o" -DXMC4800_F144x2048 -I"C:/Workspaces/SOES-FW-UPDATE/ETHCAT_FWUPDATE_SSC_APPLICATION_XMC48/Libraries/XMCLib/inc" -I"C:/Workspaces/SOES-FW-UPDATE/ETHCAT_FWUPDATE_SSC_APPLICATION_XMC48/SSC/Src" -I"C:/Workspaces/SOES-FW-UPDATE/ETHCAT_FWUPDATE_SSC_APPLICATION_XMC48/Libraries/CMSIS/Include" -I"C:/Workspaces/SOES-FW-UPDATE/ETHCAT_FWUPDATE_SSC_APPLICATION_XMC48/Libraries/CMSIS/Infineon/XMC4800_series/Include" -I"C:/Workspaces/SOES-FW-UPDATE/ETHCAT_FWUPDATE_SSC_APPLICATION_XMC48" -I"C:/Workspaces/SOES-FW-UPDATE/ETHCAT_FWUPDATE_SSC_APPLICATION_XMC48/Dave/Generated" -I"C:/Workspaces/SOES-FW-UPDATE/ETHCAT_FWUPDATE_SSC_APPLICATION_XMC48/Libraries" -O0 -ffunction-sections -fdata-sections -Wall -std=gnu99 -mfloat-abi=softfp -Wa,-adhlns="SSC/Src/ecatslv.o.lst" -pipe -c -fmessage-length=0 -MMD -MP -MF"SSC/Src/ecatslv.d" -MT"SSC/Src/ecatslv.d SSC/Src/ecatslv.o" -mcpu=cortex-m4 -mfpu=fpv4-sp-d16 -mthumb -g -gdwarf-2 -o "SSC/Src/ecatslv.o" "../SSC/Src/ecatslv.c" 
'Finished building: ../SSC/Src/ecatslv.c'

'Building file: ../SSC/Src/mailbox.c'
'Invoking: ARM-GCC C Compiler'
"C:/DAVEv4-64Bit/DAVE-4.3.2/eclipse/ARM-GCC-49/bin/arm-none-eabi-gcc" -MMD -MT "SSC/Src/mailbox.o" -DXMC4800_F144x2048 -I"C:/Workspaces/SOES-FW-UPDATE/ETHCAT_FWUPDATE_SSC_APPLICATION_XMC48/Libraries/XMCLib/inc" -I"C:/Workspaces/SOES-FW-UPDATE/ETHCAT_FWUPDATE_SSC_APPLICATION_XMC48/SSC/Src" -I"C:/Workspaces/SOES-FW-UPDATE/ETHCAT_FWUPDATE_SSC_APPLICATION_XMC48/Libraries/CMSIS/Include" -I"C:/Workspaces/SOES-FW-UPDATE/ETHCAT_FWUPDATE_SSC_APPLICATION_XMC48/Libraries/CMSIS/Infineon/XMC4800_series/Include" -I"C:/Workspaces/SOES-FW-UPDATE/ETHCAT_FWUPDATE_SSC_APPLICATION_XMC48" -I"C:/Workspaces/SOES-FW-UPDATE/ETHCAT_FWUPDATE_SSC_APPLICATION_XMC48/Dave/Generated" -I"C:/Workspaces/SOES-FW-UPDATE/ETHCAT_FWUPDATE_SSC_APPLICATION_XMC48/Libraries" -O0 -ffunction-sections -fdata-sections -Wall -std=gnu99 -mfloat-abi=softfp -Wa,-adhlns="SSC/Src/mailbox.o.lst" -pipe -c -fmessage-length=0 -MMD -MP -MF"SSC/Src/mailbox.d" -MT"SSC/Src/mailbox.d SSC/Src/mailbox.o" -mcpu=cortex-m4 -mfpu=fpv4-sp-d16 -mthumb -g -gdwarf-2 -o "SSC/Src/mailbox.o" "../SSC/Src/mailbox.c" 
'Finished building: ../SSC/Src/mailbox.c'

'Building file: ../SSC/Src/objdef.c'
'Invoking: ARM-GCC C Compiler'
"C:/DAVEv4-64Bit/DAVE-4.3.2/eclipse/ARM-GCC-49/bin/arm-none-eabi-gcc" -MMD -MT "SSC/Src/objdef.o" -DXMC4800_F144x2048 -I"C:/Workspaces/SOES-FW-UPDATE/ETHCAT_FWUPDATE_SSC_APPLICATION_XMC48/Libraries/XMCLib/inc" -I"C:/Workspaces/SOES-FW-UPDATE/ETHCAT_FWUPDATE_SSC_APPLICATION_XMC48/SSC/Src" -I"C:/Workspaces/SOES-FW-UPDATE/ETHCAT_FWUPDATE_SSC_APPLICATION_XMC48/Libraries/CMSIS/Include" -I"C:/Workspaces/SOES-FW-UPDATE/ETHCAT_FWUPDATE_SSC_APPLICATION_XMC48/Libraries/CMSIS/Infineon/XMC4800_series/Include" -I"C:/Workspaces/SOES-FW-UPDATE/ETHCAT_FWUPDATE_SSC_APPLICATION_XMC48" -I"C:/Workspaces/SOES-FW-UPDATE/ETHCAT_FWUPDATE_SSC_APPLICATION_XMC48/Dave/Generated" -I"C:/Workspaces/SOES-FW-UPDATE/ETHCAT_FWUPDATE_SSC_APPLICATION_XMC48/Libraries" -O0 -ffunction-sections -fdata-sections -Wall -std=gnu99 -mfloat-abi=softfp -Wa,-adhlns="SSC/Src/objdef.o.lst" -pipe -c -fmessage-length=0 -MMD -MP -MF"SSC/Src/objdef.d" -MT"SSC/Src/objdef.d SSC/Src/objdef.o" -mcpu=cortex-m4 -mfpu=fpv4-sp-d16 -mthumb -g -gdwarf-2 -o "SSC/Src/objdef.o" "../SSC/Src/objdef.c" 
'Finished building: ../SSC/Src/objdef.c'

'Building file: ../Libraries/XMCLib/src/xmc4_eru.c'
'Invoking: ARM-GCC C Compiler'
"C:/DAVEv4-64Bit/DAVE-4.3.2/eclipse/ARM-GCC-49/bin/arm-none-eabi-gcc" -MMD -MT "Libraries/XMCLib/src/xmc4_eru.o" -DXMC4800_F144x2048 -I"C:/Workspaces/SOES-FW-UPDATE/ETHCAT_FWUPDATE_SSC_APPLICATION_XMC48/Libraries/XMCLib/inc" -I"C:/Workspaces/SOES-FW-UPDATE/ETHCAT_FWUPDATE_SSC_APPLICATION_XMC48/SSC/Src" -I"C:/Workspaces/SOES-FW-UPDATE/ETHCAT_FWUPDATE_SSC_APPLICATION_XMC48/Libraries/CMSIS/Include" -I"C:/Workspaces/SOES-FW-UPDATE/ETHCAT_FWUPDATE_SSC_APPLICATION_XMC48/Libraries/CMSIS/Infineon/XMC4800_series/Include" -I"C:/Workspaces/SOES-FW-UPDATE/ETHCAT_FWUPDATE_SSC_APPLICATION_XMC48" -I"C:/Workspaces/SOES-FW-UPDATE/ETHCAT_FWUPDATE_SSC_APPLICATION_XMC48/Dave/Generated" -I"C:/Workspaces/SOES-FW-UPDATE/ETHCAT_FWUPDATE_SSC_APPLICATION_XMC48/Libraries" -O0 -ffunction-sections -fdata-sections -Wall -std=gnu99 -mfloat-abi=softfp -Wa,-adhlns="Libraries/XMCLib/src/xmc4_eru.o.lst" -pipe -c -fmessage-length=0 -MMD -MP -MF"Libraries/XMCLib/src/xmc4_eru.d" -MT"Libraries/XMCLib/src/xmc4_eru.d Libraries/XMCLib/src/xmc4_eru.o" -mcpu=cortex-m4 -mfpu=fpv4-sp-d16 -mthumb -g -gdwarf-2 -o "Libraries/XMCLib/src/xmc4_eru.o" "../Libraries/XMCLib/src/xmc4_eru.c" 
'Finished building: ../Libraries/XMCLib/src/xmc4_eru.c'

'Building file: ../SSC/Src/sdoserv.c'
../SSC/Src/sdoserv.c: In function 'SdoUploadSegmentInd':
'Invoking: ARM-GCC C Compiler'
../SSC/Src/sdoserv.c:411:44: warning: overflow in implicit constant conversion [-Woverflow]
"C:/DAVEv4-64Bit/DAVE-4.3.2/eclipse/ARM-GCC-49/bin/arm-none-eabi-gcc" -MMD -MT "SSC/Src/sdoserv.o" -DXMC4800_F144x2048 -I"C:/Workspaces/SOES-FW-UPDATE/ETHCAT_FWUPDATE_SSC_APPLICATION_XMC48/Libraries/XMCLib/inc" -I"C:/Workspaces/SOES-FW-UPDATE/ETHCAT_FWUPDATE_SSC_APPLICATION_XMC48/SSC/Src" -I"C:/Workspaces/SOES-FW-UPDATE/ETHCAT_FWUPDATE_SSC_APPLICATION_XMC48/Libraries/CMSIS/Include" -I"C:/Workspaces/SOES-FW-UPDATE/ETHCAT_FWUPDATE_SSC_APPLICATION_XMC48/Libraries/CMSIS/Infineon/XMC4800_series/Include" -I"C:/Workspaces/SOES-FW-UPDATE/ETHCAT_FWUPDATE_SSC_APPLICATION_XMC48" -I"C:/Workspaces/SOES-FW-UPDATE/ETHCAT_FWUPDATE_SSC_APPLICATION_XMC48/Dave/Generated" -I"C:/Workspaces/SOES-FW-UPDATE/ETHCAT_FWUPDATE_SSC_APPLICATION_XMC48/Libraries" -O0 -ffunction-sections -fdata-sections -Wall -std=gnu99 -mfloat-abi=softfp -Wa,-adhlns="SSC/Src/sdoserv.o.lst" -pipe -c -fmessage-length=0 -MMD -MP -MF"SSC/Src/sdoserv.d" -MT"SSC/Src/sdoserv.d SSC/Src/sdoserv.o" -mcpu=cortex-m4 -mfpu=fpv4-sp-d16 -mthumb -g -gdwarf-2 -o "SSC/Src/sdoserv.o" "../SSC/Src/sdoserv.c" 
         pSdoSegRes->SdoHeader.SegHeader &= ~SEGHEADER_MASK;
'Finished building: ../SSC/Src/sdoserv.c'
                                            ^

../SSC/Src/sdoserv.c: In function 'SDOS_SdoInd':
../SSC/Src/sdoserv.c:744:92: warning: overflow in implicit constant conversion [-Woverflow]
                                 pSdoResStored->SdoHeader.Sdo[SDOHEADER_COMMANDOFFSET]   &= ~SDOHEADER_COMMANDMASK;
                                                                                            ^
../SSC/Src/sdoserv.c:791:86: warning: overflow in implicit constant conversion [-Woverflow]
                             pSdoResStored->SdoHeader.Sdo[SDOHEADER_COMMANDOFFSET] &= ~SDOHEADER_COMMANDMASK;
                                                                                      ^
../SSC/Src/sdoserv.c:816:86: warning: overflow in implicit constant conversion [-Woverflow]
                             pSdoResStored->SdoHeader.Sdo[SDOHEADER_COMMANDOFFSET] &= ~SDOHEADER_COMMANDMASK;
                                                                                      ^
'Building file: ../Libraries/XMCLib/src/xmc4_flash.c'
'Invoking: ARM-GCC C Compiler'
"C:/DAVEv4-64Bit/DAVE-4.3.2/eclipse/ARM-GCC-49/bin/arm-none-eabi-gcc" -MMD -MT "Libraries/XMCLib/src/xmc4_flash.o" -DXMC4800_F144x2048 -I"C:/Workspaces/SOES-FW-UPDATE/ETHCAT_FWUPDATE_SSC_APPLICATION_XMC48/Libraries/XMCLib/inc" -I"C:/Workspaces/SOES-FW-UPDATE/ETHCAT_FWUPDATE_SSC_APPLICATION_XMC48/SSC/Src" -I"C:/Workspaces/SOES-FW-UPDATE/ETHCAT_FWUPDATE_SSC_APPLICATION_XMC48/Libraries/CMSIS/Include" -I"C:/Workspaces/SOES-FW-UPDATE/ETHCAT_FWUPDATE_SSC_APPLICATION_XMC48/Libraries/CMSIS/Infineon/XMC4800_series/Include" -I"C:/Workspaces/SOES-FW-UPDATE/ETHCAT_FWUPDATE_SSC_APPLICATION_XMC48" -I"C:/Workspaces/SOES-FW-UPDATE/ETHCAT_FWUPDATE_SSC_APPLICATION_XMC48/Dave/Generated" -I"C:/Workspaces/SOES-FW-UPDATE/ETHCAT_FWUPDATE_SSC_APPLICATION_XMC48/Libraries" -O0 -ffunction-sections -fdata-sections -Wall -std=gnu99 -mfloat-abi=softfp -Wa,-adhlns="Libraries/XMCLib/src/xmc4_flash.o.lst" -pipe -c -fmessage-length=0 -MMD -MP -MF"Libraries/XMCLib/src/xmc4_flash.d" -MT"Libraries/XMCLib/src/xmc4_flash.d Libraries/XMCLib/src/xmc4_flash.o" -mcpu=cortex-m4 -mfpu=fpv4-sp-d16 -mthumb -g -gdwarf-2 -o "Libraries/XMCLib/src/xmc4_flash.o" "../Libraries/XMCLib/src/xmc4_flash.c" 
'Finished building: ../Libraries/XMCLib/src/xmc4_flash.c'

'Building file: ../Libraries/XMCLib/src/xmc4_gpio.c'
'Invoking: ARM-GCC C Compiler'
"C:/DAVEv4-64Bit/DAVE-4.3.2/eclipse/ARM-GCC-49/bin/arm-none-eabi-gcc" -MMD -MT "Libraries/XMCLib/src/xmc4_gpio.o" -DXMC4800_F144x2048 -I"C:/Workspaces/SOES-FW-UPDATE/ETHCAT_FWUPDATE_SSC_APPLICATION_XMC48/Libraries/XMCLib/inc" -I"C:/Workspaces/SOES-FW-UPDATE/ETHCAT_FWUPDATE_SSC_APPLICATION_XMC48/SSC/Src" -I"C:/Workspaces/SOES-FW-UPDATE/ETHCAT_FWUPDATE_SSC_APPLICATION_XMC48/Libraries/CMSIS/Include" -I"C:/Workspaces/SOES-FW-UPDATE/ETHCAT_FWUPDATE_SSC_APPLICATION_XMC48/Libraries/CMSIS/Infineon/XMC4800_series/Include" -I"C:/Workspaces/SOES-FW-UPDATE/ETHCAT_FWUPDATE_SSC_APPLICATION_XMC48" -I"C:/Workspaces/SOES-FW-UPDATE/ETHCAT_FWUPDATE_SSC_APPLICATION_XMC48/Dave/Generated" -I"C:/Workspaces/SOES-FW-UPDATE/ETHCAT_FWUPDATE_SSC_APPLICATION_XMC48/Libraries" -O0 -ffunction-sections -fdata-sections -Wall -std=gnu99 -mfloat-abi=softfp -Wa,-adhlns="Libraries/XMCLib/src/xmc4_gpio.o.lst" -pipe -c -fmessage-length=0 -MMD -MP -MF"Libraries/XMCLib/src/xmc4_gpio.d" -MT"Libraries/XMCLib/src/xmc4_gpio.d Libraries/XMCLib/src/xmc4_gpio.o" -mcpu=cortex-m4 -mfpu=fpv4-sp-d16 -mthumb -g -gdwarf-2 -o "Libraries/XMCLib/src/xmc4_gpio.o" "../Libraries/XMCLib/src/xmc4_gpio.c" 
'Finished building: ../Libraries/XMCLib/src/xmc4_gpio.c'

'Building file: ../Libraries/XMCLib/src/xmc4_rtc.c'
'Invoking: ARM-GCC C Compiler'
[...]

'Building file: ../Dave/Generated/EVENT_DETECTOR/event_detector.c'
'Invoking: ARM-GCC C Compiler'
"C:/DAVEv4-64Bit/DAVE-4.3.2/eclipse/ARM-GCC-49/bin/arm-none-eabi-gcc" -MMD -MT "Dave/Generated/EVENT_DETECTOR/event_detector.o" -DXMC4800_F144x2048 -I"C:/Workspaces/SOES-FW-UPDATE/ETHCAT_FWUPDATE_SSC_APPLICATION_XMC48/Libraries/XMCLib/inc" -I"C:/Workspaces/SOES-FW-UPDATE/ETHCAT_FWUPDATE_SSC_APPLICATION_XMC48/SSC/Src" -I"C:/Workspaces/SOES-FW-UPDATE/ETHCAT_FWUPDATE_SSC_APPLICATION_XMC48/Libraries/CMSIS/Include" -I"C:/Workspaces/SOES-FW-UPDATE/ETHCAT_FWUPDATE_SSC_APPLICATION_XMC48/Libraries/CMSIS/Infineon/XMC4800_series/Include" -I"C:/Workspaces/SOES-FW-UPDATE/ETHCAT_FWUPDATE_SSC_APPLICATION_XMC48" -I"C:/Workspaces/SOES-FW-UPDATE/ETHCAT_FWUPDATE_SSC_APPLICATION_XMC48/Dave/Generated" -I"C:/Workspaces/SOES-FW-UPDATE/ETHCAT_FWUPDATE_SSC_APPLICATION_XMC48/Libraries" -O0 -ffunction-sections -fdata-sections -Wall -std=gnu99 -mfloat-abi=softfp -Wa,-adhlns="Dave/Generated/EVENT_DETECTOR/event_detector.o.lst" -pipe -c -fmessage-length=0 -MMD -MP -MF"Dave/Generated/EVENT_DETECTOR/event_detector.d" -MT"Dave/Generated/EVENT_DETECTOR/event_detector.d Dave/Generated/EVENT_DETECTOR/event_detector.o" -mcpu=cortex-m4 -mfpu=fpv4-sp-d16 -mthumb -g -gdwarf-2 -o "Dave/Generated/EVENT_DETECTOR/event_detector.o" "../Dave/Generated/EVENT_DETECTOR/event_detector.c" 
'Finished building: ../Dave/Generated/EVENT_DETECTOR/event_detector.c'

'Building file: ../Dave/Generated/EVENT_DETECTOR/event_detector_conf.c'
'Invoking: ARM-GCC C Compiler'
"C:/DAVEv4-64Bit/DAVE-4.3.2/eclipse/ARM-GCC-49/bin/arm-none-eabi-gcc" -MMD -MT "Dave/Generated/EVENT_DETECTOR/event_detector_conf.o" -DXMC4800_F144x2048 -I"C:/Workspaces/SOES-FW-UPDATE/ETHCAT_FWUPDATE_SSC_APPLICATION_XMC48/Libraries/XMCLib/inc" -I"C:/Workspaces/SOES-FW-UPDATE/ETHCAT_FWUPDATE_SSC_APPLICATION_XMC48/SSC/Src" -I"C:/Workspaces/SOES-FW-UPDATE/ETHCAT_FWUPDATE_SSC_APPLICATION_XMC48/Libraries/CMSIS/Include" -I"C:/Workspaces/SOES-FW-UPDATE/ETHCAT_FWUPDATE_SSC_APPLICATION_XMC48/Libraries/CMSIS/Infineon/XMC4800_series/Include" -I"C:/Workspaces/SOES-FW-UPDATE/ETHCAT_FWUPDATE_SSC_APPLICATION_XMC48" -I"C:/Workspaces/SOES-FW-UPDATE/ETHCAT_FWUPDATE_SSC_APPLICATION_XMC48/Dave/Generated" -I"C:/Workspaces/SOES-FW-UPDATE/ETHCAT_FWUPDATE_SSC_APPLICATION_XMC48/Libraries" -O0 -ffunction-sections -fdata-sections -Wall -std=gnu99 -mfloat-abi=softfp -Wa,-adhlns="Dave/Generated/EVENT_DETECTOR/event_detector_conf.o.lst" -pipe -c -fmessage-length=0 -MMD -MP -MF"Dave/Generated/EVENT_DETECTOR/event_detector_conf.d" -MT"Dave/Generated/EVENT_DETECTOR/event_detector_conf.d Dave/Generated/EVENT_DETECTOR/event_detector_conf.o" -mcpu=cortex-m4 -mfpu=fpv4-sp-d16 -mthumb -g -gdwarf-2 -o "Dave/Generated/EVENT_DETECTOR/event_detector_conf.o" "../Dave/Generated/EVENT_DETECTOR/event_detector_conf.c" 
'Finished building: ../Dave/Generated/EVENT_DETECTOR/event_detector_conf.c'

'Building file: ../Dave/Generated/ECAT_SSC/ecat_ssc_conf.c'
'Invoking: ARM-GCC C Compiler'
"C:/DAVEv4-64Bit/DAVE-4.3.2/eclipse/ARM-GCC-49/bin/arm-none-eabi-gcc" -MMD -MT "Dave/Generated/ECAT_SSC/ecat_ssc_conf.o" -DXMC4800_F144x2048 -I"C:/Workspaces/SOES-FW-UPDATE/ETHCAT_FWUPDATE_SSC_APPLICATION_XMC48/Libraries/XMCLib/inc" -I"C:/Workspaces/SOES-FW-UPDATE/ETHCAT_FWUPDATE_SSC_APPLICATION_XMC48/SSC/Src" -I"C:/Workspaces/SOES-FW-UPDATE/ETHCAT_FWUPDATE_SSC_APPLICATION_XMC48/Libraries/CMSIS/Include" -I"C:/Workspaces/SOES-FW-UPDATE/ETHCAT_FWUPDATE_SSC_APPLICATION_XMC48/Libraries/CMSIS/Infineon/XMC4800_series/Include" -I"C:/Workspaces/SOES-FW-UPDATE/ETHCAT_FWUPDATE_SSC_APPLICATION_XMC48" -I"C:/Workspaces/SOES-FW-UPDATE/ETHCAT_FWUPDATE_SSC_APPLICATION_XMC48/Dave/Generated" -I"C:/Workspaces/SOES-FW-UPDATE/ETHCAT_FWUPDATE_SSC_APPLICATION_XMC48/Libraries" -O0 -ffunction-sections -fdata-sections -Wall -std=gnu99 -mfloat-abi=softfp -Wa,-adhlns="Dave/Generated/ECAT_SSC/ecat_ssc_conf.o.lst" -pipe -c -fmessage-length=0 -MMD -MP -MF"Dave/Generated/ECAT_SSC/ecat_ssc_conf.d" -MT"Dave/Generated/ECAT_SSC/ecat_ssc_conf.d Dave/Generated/ECAT_SSC/ecat_ssc_conf.o" -mcpu=cortex-m4 -mfpu=fpv4-sp-d16 -mthumb -g -gdwarf-2 -o "Dave/Generated/ECAT_SSC/ecat_ssc_conf.o" "../Dave/Generated/ECAT_SSC/ecat_ssc_conf.c" 
'Finished building: ../Dave/Generated/ECAT_SSC/ecat_ssc_conf.c'

'Building file: ../Dave/Generated/ECAT_SSC/ecat_ssc.c'
'Invoking: ARM-GCC C Compiler'
"C:/DAVEv4-64Bit/DAVE-4.3.2/eclipse/ARM-GCC-49/bin/arm-none-eabi-gcc" -MMD -MT "Dave/Generated/ECAT_SSC/ecat_ssc.o" -DXMC4800_F144x2048 -I"C:/Workspaces/SOES-FW-UPDATE/ETHCAT_FWUPDATE_SSC_APPLICATION_XMC48/Libraries/XMCLib/inc" -I"C:/Workspaces/SOES-FW-UPDATE/ETHCAT_FWUPDATE_SSC_APPLICATION_XMC48/SSC/Src" -I"C:/Workspaces/SOES-FW-UPDATE/ETHCAT_FWUPDATE_SSC_APPLICATION_XMC48/Libraries/CMSIS/Include" -I"C:/Workspaces/SOES-FW-UPDATE/ETHCAT_FWUPDATE_SSC_APPLICATION_XMC48/Libraries/CMSIS/Infineon/XMC4800_series/Include" -I"C:/Workspaces/SOES-FW-UPDATE/ETHCAT_FWUPDATE_SSC_APPLICATION_XMC48" -I"C:/Workspaces/SOES-FW-UPDATE/ETHCAT_FWUPDATE_SSC_APPLICATION_XMC48/Dave/Generated" -I"C:/Workspaces/SOES-FW-UPDATE/ETHCAT_FWUPDATE_SSC_APPLICATION_XMC48/Libraries" -O0 -ffunction-sections -fdata-sections -Wall -std=gnu99 -mfloat-abi=softfp -Wa,-adhlns="Dave/Generated/ECAT_SSC/ecat_ssc.o.lst" -pipe -c -fmessage-length=0 -MMD -MP -MF"Dave/Generated/ECAT_SSC/ecat_ssc.d" -MT"Dave/Generated/ECAT_SSC/ecat_ssc.d Dave/Generated/ECAT_SSC/ecat_ssc.o" -mcpu=cortex-m4 -mfpu=fpv4-sp-d16 -mthumb -g -gdwarf-2 -o "Dave/Generated/ECAT_SSC/ecat_ssc.o" "../Dave/Generated/ECAT_SSC/ecat_ssc.c" 
'Finished building: ../Dave/Generated/ECAT_SSC/ecat_ssc.c'

'Building file: ../Dave/Generated/ECAT_SSC/xmc_eschw.c'
'Invoking: ARM-GCC C Compiler'
"C:/DAVEv4-64Bit/DAVE-4.3.2/eclipse/ARM-GCC-49/bin/arm-none-eabi-gcc" -MMD -MT "Dave/Generated/ECAT_SSC/xmc_eschw.o" -DXMC4800_F144x2048 -I"C:/Workspaces/SOES-FW-UPDATE/ETHCAT_FWUPDATE_SSC_APPLICATION_XMC48/Libraries/XMCLib/inc" -I"C:/Workspaces/SOES-FW-UPDATE/ETHCAT_FWUPDATE_SSC_APPLICATION_XMC48/SSC/Src" -I"C:/Workspaces/SOES-FW-UPDATE/ETHCAT_FWUPDATE_SSC_APPLICATION_XMC48/Libraries/CMSIS/Include" -I"C:/Workspaces/SOES-FW-UPDATE/ETHCAT_FWUPDATE_SSC_APPLICATION_XMC48/Libraries/CMSIS/Infineon/XMC4800_series/Include" -I"C:/Workspaces/SOES-FW-UPDATE/ETHCAT_FWUPDATE_SSC_APPLICATION_XMC48" -I"C:/Workspaces/SOES-FW-UPDATE/ETHCAT_FWUPDATE_SSC_APPLICATION_XMC48/Dave/Generated" -I"C:/Workspaces/SOES-FW-UPDATE/ETHCAT_FWUPDATE_SSC_APPLICATION_XMC48/Libraries" -O0 -ffunction-sections -fdata-sections -Wall -std=gnu99 -mfloat-abi=softfp -Wa,-adhlns="Dave/Generated/ECAT_SSC/xmc_eschw.o.lst" -pipe -c -fmessage-length=0 -MMD -MP -MF"Dave/Generated/ECAT_SSC/xmc_eschw.d" -MT"Dave/Generated/ECAT_SSC/xmc_eschw.d Dave/Generated/ECAT_SSC/xmc_eschw.o" -mcpu=cortex-m4 -mfpu=fpv4-sp-d16 -mthumb -g -gdwarf-2 -o "Dave/Generated/ECAT_SSC/xmc_eschw.o" "../Dave/Generated/ECAT_SSC/xmc_eschw.c" 
'Finished building: ../Dave/Generated/ECAT_SSC/xmc_eschw.c'

'Building file: ../Dave/Generated/CPU_CTRL_XMC4/cpu_ctrl_xmc4.c'
'Invoking: ARM-GCC C Compiler'
"C:/DAVEv4-64Bit/DAVE-4.3.2/eclipse/ARM-GCC-49/bin/arm-none-eabi-gcc" -MMD -MT "Dave/Generated/CPU_CTRL_XMC4/cpu_ctrl_xmc4.o" -DXMC4800_F144x2048 -I"C:/Workspaces/SOES-FW-UPDATE/ETHCAT_FWUPDATE_SSC_APPLICATION_XMC48/Libraries/XMCLib/inc" -I"C:/Workspaces/SOES-FW-UPDATE/ETHCAT_FWUPDATE_SSC_APPLICATION_XMC48/SSC/Src" -I"C:/Workspaces/SOES-FW-UPDATE/ETHCAT_FWUPDATE_SSC_APPLICATION_XMC48/Libraries/CMSIS/Include" -I"C:/Workspaces/SOES-FW-UPDATE/ETHCAT_FWUPDATE_SSC_APPLICATION_XMC48/Libraries/CMSIS/Infineon/XMC4800_series/Include" -I"C:/Workspaces/SOES-FW-UPDATE/ETHCAT_FWUPDATE_SSC_APPLICATION_XMC48" -I"C:/Workspaces/SOES-FW-UPDATE/ETHCAT_FWUPDATE_SSC_APPLICATION_XMC48/Dave/Generated" -I"C:/Workspaces/SOES-FW-UPDATE/ETHCAT_FWUPDATE_SSC_APPLICATION_XMC48/Libraries" -O0 -ffunction-sections -fdata-sections -Wall -std=gnu99 -mfloat-abi=softfp -Wa,-adhlns="Dave/Generated/CPU_CTRL_XMC4/cpu_ctrl_xmc4.o.lst" -pipe -c -fmessage-length=0 -MMD -MP -MF"Dave/Generated/CPU_CTRL_XMC4/cpu_ctrl_xmc4.d" -MT"Dave/Generated/CPU_CTRL_XMC4/cpu_ctrl_xmc4.d Dave/Generated/CPU_CTRL_XMC4/cpu_ctrl_xmc4.o" -mcpu=cortex-m4 -mfpu=fpv4-sp-d16 -mthumb -g -gdwarf-2 -o "Dave/Generated/CPU_CTRL_XMC4/cpu_ctrl_xmc4.o" "../Dave/Generated/CPU_CTRL_XMC4/cpu_ctrl_xmc4.c" 
'Finished building: ../Dave/Generated/CPU_CTRL_XMC4/cpu_ctrl_xmc4.c'

'Building file: ../Dave/Generated/CLOCK_XMC4/clock_xmc4.c'
'Invoking: ARM-GCC C Compiler'
"C:/DAVEv4-64Bit/DAVE-4.3.2/eclipse/ARM-GCC-49/bin/arm-none-eabi-gcc" -MMD -MT "Dave/Generated/CLOCK_XMC4/clock_xmc4.o" -DXMC4800_F144x2048 -I"C:/Workspaces/SOES-FW-UPDATE/ETHCAT_FWUPDATE_SSC_APPLICATION_XMC48/Libraries/XMCLib/inc" -I"C:/Workspaces/SOES-FW-UPDATE/ETHCAT_FWUPDATE_SSC_APPLICATION_XMC48/SSC/Src" -I"C:/Workspaces/SOES-FW-UPDATE/ETHCAT_FWUPDATE_SSC_APPLICATION_XMC48/Libraries/CMSIS/Include" -I"C:/Workspaces/SOES-FW-UPDATE/ETHCAT_FWUPDATE_SSC_APPLICATION_XMC48/Libraries/CMSIS/Infineon/XMC4800_series/Include" -I"C:/Workspaces/SOES-FW-UPDATE/ETHCAT_FWUPDATE_SSC_APPLICATION_XMC48" -I"C:/Workspaces/SOES-FW-UPDATE/ETHCAT_FWUPDATE_SSC_APPLICATION_XMC48/Dave/Generated" -I"C:/Workspaces/SOES-FW-UPDATE/ETHCAT_FWUPDATE_SSC_APPLICATION_XMC48/Libraries" -O0 -ffunction-sections -fdata-sections -Wall -std=gnu99 -mfloat-abi=softfp -Wa,-adhlns="Dave/Generated/CLOCK_XMC4/clock_xmc4.o.lst" -pipe -c -fmessage-length=0 -MMD -MP -MF"Dave/Generated/CLOCK_XMC4/clock_xmc4.d" -MT"Dave/Generated/CLOCK_XMC4/clock_xmc4.d Dave/Generated/CLOCK_XMC4/clock_xmc4.o" -mcpu=cortex-m4 -mfpu=fpv4-sp-d16 -mthumb -g -gdwarf-2 -o "Dave/Generated/CLOCK_XMC4/clock_xmc4.o" "../Dave/Generated/CLOCK_XMC4/clock_xmc4.c" 
'Finished building: ../Dave/Generated/CLOCK_XMC4/clock_xmc4.c'

'Building file: ../Dave/Generated/CPU_CTRL_XMC4/cpu_ctrl_xmc4_conf.c'
'Invoking: ARM-GCC C Compiler'
"C:/DAVEv4-64Bit/DAVE-4.3.2/eclipse/ARM-GCC-49/bin/arm-none-eabi-gcc" -MMD -MT "Dave/Generated/CPU_CTRL_XMC4/cpu_ctrl_xmc4_conf.o" -DXMC4800_F144x2048 -I"C:/Workspaces/SOES-FW-UPDATE/ETHCAT_FWUPDATE_SSC_APPLICATION_XMC48/Libraries/XMCLib/inc" -I"C:/Workspaces/SOES-FW-UPDATE/ETHCAT_FWUPDATE_SSC_APPLICATION_XMC48/SSC/Src" -I"C:/Workspaces/SOES-FW-UPDATE/ETHCAT_FWUPDATE_SSC_APPLICATION_XMC48/Libraries/CMSIS/Include" -I"C:/Workspaces/SOES-FW-UPDATE/ETHCAT_FWUPDATE_SSC_APPLICATION_XMC48/Libraries/CMSIS/Infineon/XMC4800_series/Include" -I"C:/Workspaces/SOES-FW-UPDATE/ETHCAT_FWUPDATE_SSC_APPLICATION_XMC48" -I"C:/Workspaces/SOES-FW-UPDATE/ETHCAT_FWUPDATE_SSC_APPLICATION_XMC48/Dave/Generated" -I"C:/Workspaces/SOES-FW-UPDATE/ETHCAT_FWUPDATE_SSC_APPLICATION_XMC48/Libraries" -O0 -ffunction-sections -fdata-sections -Wall -std=gnu99 -mfloat-abi=softfp -Wa,-adhlns="Dave/Generated/CPU_CTRL_XMC4/cpu_ctrl_xmc4_conf.o.lst" -pipe -c -fmessage-length=0 -MMD -MP -MF"Dave/Generated/CPU_CTRL_XMC4/cpu_ctrl_xmc4_conf.d" -MT"Dave/Generated/CPU_CTRL_XMC4/cpu_ctrl_xmc4_conf.d Dave/Generated/CPU_CTRL_XMC4/cpu_ctrl_xmc4_conf.o" -mcpu=cortex-m4 -mfpu=fpv4-sp-d16 -mthumb -g -gdwarf-2 -o "Dave/Generated/CPU_CTRL_XMC4/cpu_ctrl_xmc4_conf.o" "../Dave/Generated/CPU_CTRL_XMC4/cpu_ctrl_xmc4_conf.c" 
'Finished building: ../Dave/Generated/CPU_CTRL_XMC4/cpu_ctrl_xmc4_conf.c'

'Building file: ../Dave/Generated/CLOCK_XMC4/clock_xmc4_conf.c'
'Invoking: ARM-GCC C Compiler'
"C:/DAVEv4-64Bit/DAVE-4.3.2/eclipse/ARM-GCC-49/bin/arm-none-eabi-gcc" -MMD -MT "Dave/Generated/CLOCK_XMC4/clock_xmc4_conf.o" -DXMC4800_F144x2048 -I"C:/Workspaces/SOES-FW-UPDATE/ETHCAT_FWUPDATE_SSC_APPLICATION_XMC48/Libraries/XMCLib/inc" -I"C:/Workspaces/SOES-FW-UPDATE/ETHCAT_FWUPDATE_SSC_APPLICATION_XMC48/SSC/Src" -I"C:/Workspaces/SOES-FW-UPDATE/ETHCAT_FWUPDATE_SSC_APPLICATION_XMC48/Libraries/CMSIS/Include" -I"C:/Workspaces/SOES-FW-UPDATE/ETHCAT_FWUPDATE_SSC_APPLICATION_XMC48/Libraries/CMSIS/Infineon/XMC4800_series/Include" -I"C:/Workspaces/SOES-FW-UPDATE/ETHCAT_FWUPDATE_SSC_APPLICATION_XMC48" -I"C:/Workspaces/SOES-FW-UPDATE/ETHCAT_FWUPDATE_SSC_APPLICATION_XMC48/Dave/Generated" -I"C:/Workspaces/SOES-FW-UPDATE/ETHCAT_FWUPDATE_SSC_APPLICATION_XMC48/Libraries" -O0 -ffunction-sections -fdata-sections -Wall -std=gnu99 -mfloat-abi=softfp -Wa,-adhlns="Dave/Generated/CLOCK_XMC4/clock_xmc4_conf.o.lst" -pipe -c -fmessage-length=0 -MMD -MP -MF"Dave/Generated/CLOCK_XMC4/clock_xmc4_conf.d" -MT"Dave/Generated/CLOCK_XMC4/clock_xmc4_conf.d Dave/Generated/CLOCK_XMC4/clock_xmc4_conf.o" -mcpu=cortex-m4 -mfpu=fpv4-sp-d16 -mthumb -g -gdwarf-2 -o "Dave/Generated/CLOCK_XMC4/clock_xmc4_conf.o" "../Dave/Generated/CLOCK_XMC4/clock_xmc4_conf.c" 
'Finished building: ../Dave/Generated/CLOCK_XMC4/clock_xmc4_conf.c'

'Building file: ../Dave/Generated/DAVE.c'
'Invoking: ARM-GCC C Compiler'
"C:/DAVEv4-64Bit/DAVE-4.3.2/eclipse/ARM-GCC-49/bin/arm-none-eabi-gcc" -MMD -MT "Dave/Generated/DAVE.o" -DXMC4800_F144x2048 -I"C:/Workspaces/SOES-FW-UPDATE/ETHCAT_FWUPDATE_SSC_APPLICATION_XMC48/Libraries/XMCLib/inc" -I"C:/Workspaces/SOES-FW-UPDATE/ETHCAT_FWUPDATE_SSC_APPLICATION_XMC48/SSC/Src" -I"C:/Workspaces/SOES-FW-UPDATE/ETHCAT_FWUPDATE_SSC_APPLICATION_XMC48/Libraries/CMSIS/Include" -I"C:/Workspaces/SOES-FW-UPDATE/ETHCAT_FWUPDATE_SSC_APPLICATION_XMC48/Libraries/CMSIS/Infineon/XMC4800_series/Include" -I"C:/Workspaces/SOES-FW-UPDATE/ETHCAT_FWUPDATE_SSC_APPLICATION_XMC48" -I"C:/Workspaces/SOES-FW-UPDATE/ETHCAT_FWUPDATE_SSC_APPLICATION_XMC48/Dave/Generated" -I"C:/Workspaces/SOES-FW-UPDATE/ETHCAT_FWUPDATE_SSC_APPLICATION_XMC48/Libraries" -O0 -ffunction-sections -fdata-sections -Wall -std=gnu99 -mfloat-abi=softfp -Wa,-adhlns="Dave/Generated/DAVE.o.lst" -pipe -c -fmessage-length=0 -MMD -MP -MF"Dave/Generated/DAVE.d" -MT"Dave/Generated/DAVE.d Dave/Generated/DAVE.o" -mcpu=cortex-m4 -mfpu=fpv4-sp-d16 -mthumb -g -gdwarf-2 -o "Dave/Generated/DAVE.o" "../Dave/Generated/DAVE.c" 
'Finished building: ../Dave/Generated/DAVE.c'

'Building file: ../firmwareupdate_SSC.c'
../firmwareupdate_SSC.c: In function 'FWUPDATE_StartDownload':
'Invoking: ARM-GCC C Compiler'
../firmwareupdate_SSC.c:69:5: warning: 'return' with a value, in function returning void
"C:/DAVEv4-64Bit/DAVE-4.3.2/eclipse/ARM-GCC-49/bin/arm-none-eabi-gcc" -MMD -MT "firmwareupdate_SSC.o" -DXMC4800_F144x2048 -I"C:/Workspaces/SOES-FW-UPDATE/ETHCAT_FWUPDATE_SSC_APPLICATION_XMC48/Libraries/XMCLib/inc" -I"C:/Workspaces/SOES-FW-UPDATE/ETHCAT_FWUPDATE_SSC_APPLICATION_XMC48/SSC/Src" -I"C:/Workspaces/SOES-FW-UPDATE/ETHCAT_FWUPDATE_SSC_APPLICATION_XMC48/Libraries/CMSIS/Include" -I"C:/Workspaces/SOES-FW-UPDATE/ETHCAT_FWUPDATE_SSC_APPLICATION_XMC48/Libraries/CMSIS/Infineon/XMC4800_series/Include" -I"C:/Workspaces/SOES-FW-UPDATE/ETHCAT_FWUPDATE_SSC_APPLICATION_XMC48" -I"C:/Workspaces/SOES-FW-UPDATE/ETHCAT_FWUPDATE_SSC_APPLICATION_XMC48/Dave/Generated" -I"C:/Workspaces/SOES-FW-UPDATE/ETHCAT_FWUPDATE_SSC_APPLICATION_XMC48/Libraries" -O0 -ffunction-sections -fdata-sections -Wall -std=gnu99 -mfloat-abi=softfp -Wa,-adhlns="firmwareupdate_SSC.o.lst" -pipe -c -fmessage-length=0 -MMD -MP -MF"firmwareupdate_SSC.d" -MT"firmwareupdate_SSC.d firmwareupdate_SSC.o" -mcpu=cortex-m4 -mfpu=fpv4-sp-d16 -mthumb -g -gdwarf-2 -o "firmwareupdate_SSC.o" "../firmwareupdate_SSC.c" 
     return ECAT_FOE_ERRCODE_EXISTS;
'Finished building: ../firmwareupdate_SSC.c'
     ^

'Building file: ../flashprog.c'
'Invoking: ARM-GCC C Compiler'
"C:/DAVEv4-64Bit/DAVE-4.3.2/eclipse/ARM-GCC-49/bin/arm-none-eabi-gcc" -MMD -MT "flashprog.o" -DXMC4800_F144x2048 -I"C:/Workspaces/SOES-FW-UPDATE/ETHCAT_FWUPDATE_SSC_APPLICATION_XMC48/Libraries/XMCLib/inc" -I"C:/Workspaces/SOES-FW-UPDATE/ETHCAT_FWUPDATE_SSC_APPLICATION_XMC48/SSC/Src" -I"C:/Workspaces/SOES-FW-UPDATE/ETHCAT_FWUPDATE_SSC_APPLICATION_XMC48/Libraries/CMSIS/Include" -I"C:/Workspaces/SOES-FW-UPDATE/ETHCAT_FWUPDATE_SSC_APPLICATION_XMC48/Libraries/CMSIS/Infineon/XMC4800_series/Include" -I"C:/Workspaces/SOES-FW-UPDATE/ETHCAT_FWUPDATE_SSC_APPLICATION_XMC48" -I"C:/Workspaces/SOES-FW-UPDATE/ETHCAT_FWUPDATE_SSC_APPLICATION_XMC48/Dave/Generated" -I"C:/Workspaces/SOES-FW-UPDATE/ETHCAT_FWUPDATE_SSC_APPLICATION_XMC48/Libraries" -O0 -ffunction-sections -fdata-sections -Wall -std=gnu99 -mfloat-abi=softfp -Wa,-adhlns="flashprog.o.lst" -pipe -c -fmessage-length=0 -MMD -MP -MF"flashprog.d" -MT"flashprog.d flashprog.o" -mcpu=cortex-m4 -mfpu=fpv4-sp-d16 -mthumb -g -gdwarf-2 -o "flashprog.o" "../flashprog.c" 
'Finished building: ../flashprog.c'

'Building file: ../main.c'
'Invoking: ARM-GCC C Compiler'
"C:/DAVEv4-64Bit/DAVE-4.3.2/eclipse/ARM-GCC-49/bin/arm-none-eabi-gcc" -MMD -MT "main.o" -DXMC4800_F144x2048 -I"C:/Workspaces/SOES-FW-UPDATE/ETHCAT_FWUPDATE_SSC_APPLICATION_XMC48/Libraries/XMCLib/inc" -I"C:/Workspaces/SOES-FW-UPDATE/ETHCAT_FWUPDATE_SSC_APPLICATION_XMC48/SSC/Src" -I"C:/Workspaces/SOES-FW-UPDATE/ETHCAT_FWUPDATE_SSC_APPLICATION_XMC48/Libraries/CMSIS/Include" -I"C:/Workspaces/SOES-FW-UPDATE/ETHCAT_FWUPDATE_SSC_APPLICATION_XMC48/Libraries/CMSIS/Infineon/XMC4800_series/Include" -I"C:/Workspaces/SOES-FW-UPDATE/ETHCAT_FWUPDATE_SSC_APPLICATION_XMC48" -I"C:/Workspaces/SOES-FW-UPDATE/ETHCAT_FWUPDATE_SSC_APPLICATION_XMC48/Dave/Generated" -I"C:/Workspaces/SOES-FW-UPDATE/ETHCAT_FWUPDATE_SSC_APPLICATION_XMC48/Libraries" -O0 -ffunction-sections -fdata-sections -Wall -std=gnu99 -mfloat-abi=softfp -Wa,-adhlns="main.o.lst" -pipe -c -fmessage-length=0 -MMD -MP -MF"main.d" -MT"main.d main.o" -mcpu=cortex-m4 -mfpu=fpv4-sp-d16 -mthumb -g -gdwarf-2 -o "main.o" "../main.c" 
'Finished building: ../main.c'

'Building target: ETHCAT_FWUPDATE_SSC_APPLICATION_XMC48.elf'
'Invoking: ARM-GCC C Linker'
"C:/DAVEv4-64Bit/DAVE-4.3.2/eclipse/ARM-GCC-49/bin/arm-none-eabi-gcc" -T"../linker_script_IAP.ld" -nostartfiles -Xlinker --gc-sections -specs=nano.specs -specs=nosys.specs -Wl,-Map,"ETHCAT_FWUPDATE_SSC_APPLICATION_XMC48.map" -mfloat-abi=softfp -mfpu=fpv4-sp-d16 -mcpu=cortex-m4 -mthumb -g -gdwarf-2 -o "ETHCAT_FWUPDATE_SSC_APPLICATION_XMC48.elf" "@objects.rsp"  -lm
'Finished building target: ETHCAT_FWUPDATE_SSC_APPLICATION_XMC48.elf'

'Invoking: ARM-GCC Print Size'
"C:/DAVEv4-64Bit/DAVE-4.3.2/eclipse/ARM-GCC-49/bin/arm-none-eabi-size" --format=berkeley "ETHCAT_FWUPDATE_SSC_APPLICATION_XMC48.elf"
   text	   data	    bss	    dec	    hex	filename
  44694	   3352	   8312	  56358	   dc26	ETHCAT_FWUPDATE_SSC_APPLICATION_XMC48.elf
'Finished building: ETHCAT_FWUPDATE_SSC_APPLICATION_XMC48.siz'

'Invoking: ARM-GCC Create Flash Image'
"C:/DAVEv4-64Bit/DAVE-4.3.2/eclipse/ARM-GCC-49/bin/arm-none-eabi-objcopy" -O binary "ETHCAT_FWUPDATE_SSC_APPLICATION_XMC48.elf" firmware.bin & "../Utilities/srecord-1.63-win32/srec_cat" "@../Utilities/pad.srec" & "../Utilities/srecord-1.63-win32/srec_cat" "@../Utilities/crc.srec" & "../Utilities/srecord-1.63-win32/srec_cat" "@../Utilities/swap.srec"
'Finished building: ETHCAT_FWUPDATE_SSC_APPLICATION_XMC48.bin'

'Invoking: ARM-GCC Create Listing'
"C:/DAVEv4-64Bit/DAVE-4.3.2/eclipse/ARM-GCC-49/bin/arm-none-eabi-objdump" -h -S "ETHCAT_FWUPDATE_SSC_APPLICATION_XMC48.elf" > "ETHCAT_FWUPDATE_SSC_APPLICATION_XMC48.lst"
'Finished building: ETHCAT_FWUPDATE_SSC_APPLICATION_XMC48.lst'

21:36:41 **** Incremental Build of configuration Debug for project ETHCAT_FWUPDATE_SSC_APPLICATION_XMC48 ****
"\"C:\\DAVEv4-64Bit\\DAVE-4.3.2\\eclipse\\ARM-GCC-49\\bin\\make\"" --output-sync -j4 all 
'Invoking: ARM-GCC Print Size'
"C:/DAVEv4-64Bit/DAVE-4.3.2/eclipse/ARM-GCC-49/bin/arm-none-eabi-size" --format=berkeley "ETHCAT_FWUPDATE_SSC_APPLICATION_XMC48.elf"
   text	   data	    bss	    dec	    hex	filename
  44694	   3352	   8312	  56358	   dc26	ETHCAT_FWUPDATE_SSC_APPLICATION_XMC48.elf
'Finished building: ETHCAT_FWUPDATE_SSC_APPLICATION_XMC48.siz'

'Invoking: ARM-GCC Create Flash Image'
"C:/DAVEv4-64Bit/DAVE-4.3.2/eclipse/ARM-GCC-49/bin/arm-none-eabi-objcopy" -O binary "ETHCAT_FWUPDATE_SSC_APPLICATION_XMC48.elf" firmware.bin & "../Utilities/srecord-1.63-win32/srec_cat" "@../Utilities/pad.srec" & "../Utilities/srecord-1.63-win32/srec_cat" "@../Utilities/crc.srec" & "../Utilities/srecord-1.63-win32/srec_cat" "@../Utilities/swap.srec"
'Finished building: ETHCAT_FWUPDATE_SSC_APPLICATION_XMC48.bin'

