Archive member included because of file (symbol)

c:/davev4-64bit/dave-4.3.2/eclipse/arm-gcc-49/bin/../lib/gcc/arm-none-eabi/4.9.3/armv7e-m/softfp\libgcc.a(_aeabi_uldivmod.o)
                              ./Dave/Generated/TIMER/timer.o (__aeabi_uldivmod)
c:/davev4-64bit/dave-4.3.2/eclipse/arm-gcc-49/bin/../lib/gcc/arm-none-eabi/4.9.3/armv7e-m/softfp\libgcc.a(bpabi.o)
                              c:/davev4-64bit/dave-4.3.2/eclipse/arm-gcc-49/bin/../lib/gcc/arm-none-eabi/4.9.3/armv7e-m/softfp\libgcc.a(_aeabi_uldivmod.o) (__gnu_uldivmod_helper)
c:/davev4-64bit/dave-4.3.2/eclipse/arm-gcc-49/bin/../lib/gcc/arm-none-eabi/4.9.3/armv7e-m/softfp\libgcc.a(_dvmd_tls.o)
                              c:/davev4-64bit/dave-4.3.2/eclipse/arm-gcc-49/bin/../lib/gcc/arm-none-eabi/4.9.3/armv7e-m/softfp\libgcc.a(_aeabi_uldivmod.o) (__aeabi_ldiv0)
c:/davev4-64bit/dave-4.3.2/eclipse/arm-gcc-49/bin/../lib/gcc/arm-none-eabi/4.9.3/armv7e-m/softfp\libgcc.a(_divdi3.o)
                              c:/davev4-64bit/dave-4.3.2/eclipse/arm-gcc-49/bin/../lib/gcc/arm-none-eabi/4.9.3/armv7e-m/softfp\libgcc.a(bpabi.o) (__divdi3)
c:/davev4-64bit/dave-4.3.2/eclipse/arm-gcc-49/bin/../lib/gcc/arm-none-eabi/4.9.3/armv7e-m/softfp\libgcc.a(_udivdi3.o)
                              c:/davev4-64bit/dave-4.3.2/eclipse/arm-gcc-49/bin/../lib/gcc/arm-none-eabi/4.9.3/armv7e-m/softfp\libgcc.a(bpabi.o) (__udivdi3)
c:/davev4-64bit/dave-4.3.2/eclipse/arm-gcc-49/bin/../lib/gcc/arm-none-eabi/4.9.3/../../../../arm-none-eabi/lib/armv7e-m/softfp\libg_nano.a(lib_a-errno.o)
                              ./Libraries/Newlib/syscalls.o (__errno)
c:/davev4-64bit/dave-4.3.2/eclipse/arm-gcc-49/bin/../lib/gcc/arm-none-eabi/4.9.3/../../../../arm-none-eabi/lib/armv7e-m/softfp\libg_nano.a(lib_a-impure.o)
                              c:/davev4-64bit/dave-4.3.2/eclipse/arm-gcc-49/bin/../lib/gcc/arm-none-eabi/4.9.3/../../../../arm-none-eabi/lib/armv7e-m/softfp\libg_nano.a(lib_a-errno.o) (_impure_ptr)
c:/davev4-64bit/dave-4.3.2/eclipse/arm-gcc-49/bin/../lib/gcc/arm-none-eabi/4.9.3/../../../../arm-none-eabi/lib/armv7e-m/softfp\libg_nano.a(lib_a-init.o)
                              ./Startup/startup_XMC4800.o (__libc_init_array)
c:/davev4-64bit/dave-4.3.2/eclipse/arm-gcc-49/bin/../lib/gcc/arm-none-eabi/4.9.3/../../../../arm-none-eabi/lib/armv7e-m/softfp\libg_nano.a(lib_a-malloc.o)
                              ./SSC/Src/ecatcoe.o (malloc)
c:/davev4-64bit/dave-4.3.2/eclipse/arm-gcc-49/bin/../lib/gcc/arm-none-eabi/4.9.3/../../../../arm-none-eabi/lib/armv7e-m/softfp\libg_nano.a(lib_a-memcpy.o)
                              ./SSC/Src/XMC_ESC.o (memcpy)
c:/davev4-64bit/dave-4.3.2/eclipse/arm-gcc-49/bin/../lib/gcc/arm-none-eabi/4.9.3/../../../../arm-none-eabi/lib/armv7e-m/softfp\libg_nano.a(lib_a-memset.o)
                              ./SSC/Src/foeappl.o (memset)
c:/davev4-64bit/dave-4.3.2/eclipse/arm-gcc-49/bin/../lib/gcc/arm-none-eabi/4.9.3/../../../../arm-none-eabi/lib/armv7e-m/softfp\libg_nano.a(lib_a-nano-freer.o)
                              c:/davev4-64bit/dave-4.3.2/eclipse/arm-gcc-49/bin/../lib/gcc/arm-none-eabi/4.9.3/../../../../arm-none-eabi/lib/armv7e-m/softfp\libg_nano.a(lib_a-malloc.o) (_free_r)
c:/davev4-64bit/dave-4.3.2/eclipse/arm-gcc-49/bin/../lib/gcc/arm-none-eabi/4.9.3/../../../../arm-none-eabi/lib/armv7e-m/softfp\libg_nano.a(lib_a-nano-mallocr.o)
                              c:/davev4-64bit/dave-4.3.2/eclipse/arm-gcc-49/bin/../lib/gcc/arm-none-eabi/4.9.3/../../../../arm-none-eabi/lib/armv7e-m/softfp\libg_nano.a(lib_a-malloc.o) (_malloc_r)
c:/davev4-64bit/dave-4.3.2/eclipse/arm-gcc-49/bin/../lib/gcc/arm-none-eabi/4.9.3/../../../../arm-none-eabi/lib/armv7e-m/softfp\libg_nano.a(lib_a-sbrkr.o)
                              c:/davev4-64bit/dave-4.3.2/eclipse/arm-gcc-49/bin/../lib/gcc/arm-none-eabi/4.9.3/../../../../arm-none-eabi/lib/armv7e-m/softfp\libg_nano.a(lib_a-nano-mallocr.o) (_sbrk_r)
c:/davev4-64bit/dave-4.3.2/eclipse/arm-gcc-49/bin/../lib/gcc/arm-none-eabi/4.9.3/../../../../arm-none-eabi/lib/armv7e-m/softfp\libg_nano.a(lib_a-strlen.o)
                              ./SSC/Src/objdef.o (strlen)
c:/davev4-64bit/dave-4.3.2/eclipse/arm-gcc-49/bin/../lib/gcc/arm-none-eabi/4.9.3/../../../../arm-none-eabi/lib/armv7e-m/softfp\libg_nano.a(lib_a-reent.o)
                              c:/davev4-64bit/dave-4.3.2/eclipse/arm-gcc-49/bin/../lib/gcc/arm-none-eabi/4.9.3/../../../../arm-none-eabi/lib/armv7e-m/softfp\libg_nano.a(lib_a-sbrkr.o) (errno)

Allocating common symbols
Common symbol       size              file

b3BufferMode        0x1               ./SSC/Src/ecatslv.o
nEcatStateTrans     0x2               ./SSC/Src/ecatslv.o
asMbx               0x200             ./SSC/Src/mailbox.o
StartTimerCnt       0x4               ./SSC/Src/ecatappl.o
bApplEsmPending     0x1               ./SSC/Src/ecatslv.o
nFileWriteOffset    0x4               ./SSC/Src/foeappl.o
pCoeSendStored      0x4               ./SSC/Src/ecatcoe.o
[...]
Memory Configuration

Name             Origin             Length             Attributes
FLASH_0_cached   0x08000000         0x00010000         xr
FLASH_0_uncached 0x0c000000         0x00010000         xr
FLASH_1_cached   0x08020000         0x001e0000         xr
FLASH_1_uncached 0x0c020000         0x001e0000         xr
PSRAM_1          0x1ffe8000         0x00018000         !xr
DSRAM_1_system   0x20000000         0x00020000         !xr
DSRAM_2_comm     0x20020000         0x00020000         !xr
SRAM_combined    0x1ffe8000         0x00058000         !xr
*default*        0x00000000         0xffffffff

Linker script and memory map

LOAD ./Startup/startup_XMC4800.o
LOAD ./Startup/system_XMC4800.o
LOAD ./SSC/Src/XMC_ESC.o
LOAD ./SSC/Src/bootmode.o
LOAD ./SSC/Src/coeappl.o
LOAD ./SSC/Src/ecatappl.o
LOAD ./SSC/Src/ecatcoe.o
LOAD ./SSC/Src/ecatfoe.o
LOAD ./SSC/Src/ecatslv.o
LOAD ./SSC/Src/foeappl.o
LOAD ./SSC/Src/mailbox.o
LOAD ./SSC/Src/objdef.o
LOAD ./SSC/Src/sdoserv.o
LOAD ./Libraries/XMCLib/src/xmc4_eru.o
LOAD ./Libraries/XMCLib/src/xmc4_flash.o
LOAD ./Libraries/XMCLib/src/xmc4_gpio.o
LOAD ./Libraries/XMCLib/src/xmc4_rtc.o
LOAD ./Libraries/XMCLib/src/xmc4_scu.o
LOAD ./Libraries/XMCLib/src/xmc_can.o
LOAD ./Libraries/XMCLib/src/xmc_ccu4.o
LOAD ./Libraries/XMCLib/src/xmc_ccu8.o
LOAD ./Libraries/XMCLib/src/xmc_common.o
LOAD ./Libraries/XMCLib/src/xmc_dac.o
LOAD ./Libraries/XMCLib/src/xmc_dma.o
LOAD ./Libraries/XMCLib/src/xmc_dsd.o
LOAD ./Libraries/XMCLib/src/xmc_ebu.o
LOAD ./Libraries/XMCLib/src/xmc_ecat.o
LOAD ./Libraries/XMCLib/src/xmc_eru.o
LOAD ./Libraries/XMCLib/src/xmc_eth_mac.o
LOAD ./Libraries/XMCLib/src/xmc_fce.o
LOAD ./Libraries/XMCLib/src/xmc_gpio.o
LOAD ./Libraries/XMCLib/src/xmc_hrpwm.o
LOAD ./Libraries/XMCLib/src/xmc_i2c.o
LOAD ./Libraries/XMCLib/src/xmc_i2s.o
LOAD ./Libraries/XMCLib/src/xmc_ledts.o
LOAD ./Libraries/XMCLib/src/xmc_posif.o
LOAD ./Libraries/XMCLib/src/xmc_rtc.o
LOAD ./Libraries/XMCLib/src/xmc_sdmmc.o
LOAD ./Libraries/XMCLib/src/xmc_spi.o
LOAD ./Libraries/XMCLib/src/xmc_uart.o
LOAD ./Libraries/XMCLib/src/xmc_usbd.o
LOAD ./Libraries/XMCLib/src/xmc_usbh.o
LOAD ./Libraries/XMCLib/src/xmc_usic.o
LOAD ./Libraries/XMCLib/src/xmc_vadc.o
LOAD ./Libraries/XMCLib/src/xmc_wdt.o
LOAD ./Libraries/Newlib/syscalls.o
LOAD ./Dave/Generated/TIMER/timer.o
LOAD ./Dave/Generated/TIMER/timer_conf.o
LOAD ./Dave/Generated/PWM_CCU8/pwm_ccu8.o
LOAD ./Dave/Generated/PWM_CCU8/pwm_ccu8_conf.o
LOAD ./Dave/Generated/INTERRUPT/interrupt.o
LOAD ./Dave/Generated/INTERRUPT/interrupt_conf.o
LOAD ./Dave/Generated/GLOBAL_CCU8/global_ccu8.o
LOAD ./Dave/Generated/GLOBAL_CCU8/global_ccu8_conf.o
LOAD ./Dave/Generated/GLOBAL_CCU4/global_ccu4.o
LOAD ./Dave/Generated/GLOBAL_CCU4/global_ccu4_conf.o
LOAD ./Dave/Generated/E_EEPROM_XMC4/e_eeprom_xmc4.o
LOAD ./Dave/Generated/E_EEPROM_XMC4/e_eeprom_xmc4_conf.o
LOAD ./Dave/Generated/EVENT_GENERATOR/event_generator.o
LOAD ./Dave/Generated/EVENT_GENERATOR/event_generator_conf.o
LOAD ./Dave/Generated/EVENT_DETECTOR/event_detector.o
LOAD ./Dave/Generated/EVENT_DETECTOR/event_detector_conf.o
LOAD ./Dave/Generated/ECAT_SSC/ecat_ssc.o
LOAD ./Dave/Generated/ECAT_SSC/ecat_ssc_conf.o
LOAD ./Dave/Generated/ECAT_SSC/xmc_eschw.o
LOAD ./Dave/Generated/CPU_CTRL_XMC4/cpu_ctrl_xmc4.o
LOAD ./Dave/Generated/CPU_CTRL_XMC4/cpu_ctrl_xmc4_conf.o
LOAD ./Dave/Generated/CLOCK_XMC4/clock_xmc4.o
LOAD ./Dave/Generated/CLOCK_XMC4/clock_xmc4_conf.o
LOAD ./Dave/Generated/DAVE.o
LOAD ./firmwareupdate_SSC.o
LOAD ./flashprog.o
LOAD ./main.o
LOAD c:/davev4-64bit/dave-4.3.2/eclipse/arm-gcc-49/bin/../lib/gcc/arm-none-eabi/4.9.3/../../../../arm-none-eabi/lib/armv7e-m/softfp\libm.a
START GROUP
LOAD c:/davev4-64bit/dave-4.3.2/eclipse/arm-gcc-49/bin/../lib/gcc/arm-none-eabi/4.9.3/armv7e-m/softfp\libgcc.a
LOAD c:/davev4-64bit/dave-4.3.2/eclipse/arm-gcc-49/bin/../lib/gcc/arm-none-eabi/4.9.3/../../../../arm-none-eabi/lib/armv7e-m/softfp\libg_nano.a
LOAD c:/davev4-64bit/dave-4.3.2/eclipse/arm-gcc-49/bin/../lib/gcc/arm-none-eabi/4.9.3/../../../../arm-none-eabi/lib/armv7e-m/softfp\libc_nano.a
END GROUP
START GROUP
LOAD c:/davev4-64bit/dave-4.3.2/eclipse/arm-gcc-49/bin/../lib/gcc/arm-none-eabi/4.9.3/armv7e-m/softfp\libgcc.a
LOAD c:/davev4-64bit/dave-4.3.2/eclipse/arm-gcc-49/bin/../lib/gcc/arm-none-eabi/4.9.3/../../../../arm-none-eabi/lib/armv7e-m/softfp\libc_nano.a
LOAD c:/davev4-64bit/dave-4.3.2/eclipse/arm-gcc-49/bin/../lib/gcc/arm-none-eabi/4.9.3/../../../../arm-none-eabi/lib/armv7e-m/softfp\libnosys.a
END GROUP
START GROUP
LOAD c:/davev4-64bit/dave-4.3.2/eclipse/arm-gcc-49/bin/../lib/gcc/arm-none-eabi/4.9.3/armv7e-m/softfp\libgcc.a
LOAD c:/davev4-64bit/dave-4.3.2/eclipse/arm-gcc-49/bin/../lib/gcc/arm-none-eabi/4.9.3/../../../../arm-none-eabi/lib/armv7e-m/softfp\libc_nano.a
LOAD c:/davev4-64bit/dave-4.3.2/eclipse/arm-gcc-49/bin/../lib/gcc/arm-none-eabi/4.9.3/../../../../arm-none-eabi/lib/armv7e-m/softfp\libnosys.a
END GROUP
                0x00000800                stack_size = DEFINED (stack_size)?stack_size:0x800
                0x00000040                no_init_size = 0x40

.text           0x08020000     0xae96 load address 0x0c020000
                0x08020000                sText = .
 *(.reset)
 .reset         0x08020000      0x29c ./Startup/startup_XMC4800.o
                0x08020000                __Vectors
                0x08020200                Reset_Handler
                0x08020298                DSD0_7_IRQHandler
                0x08020298                DebugMon_Handler
                0x08020298                VADC0_C0_0_IRQHandler
                0x08020298                CAN0_4_IRQHandler
                0x08020298                VADC0_G2_0_IRQHandler
                0x08020298                USIC0_5_IRQHandler
                0x08020298                POSIF0_0_IRQHandler
                0x08020298                POSIF1_0_IRQHandler
                0x08020298                HardFault_Handler
                0x08020298                VADC0_G1_1_IRQHandler
                0x08020298                SysTick_Handler
                0x08020298                PendSV_Handler
                0x08020298                NMI_Handler
                0x08020298                USIC1_3_IRQHandler
                0x08020298                CCU40_2_IRQHandler
                0x08020298                SCU_0_IRQHandler
                0x08020298                ERU0_0_IRQHandler
                0x08020298                CCU41_0_IRQHandler
                0x08020298                USIC1_5_IRQHandler
                0x08020298                DSD0_4_IRQHandler
                0x08020298                CCU80_1_IRQHandler
                0x08020298                CCU81_0_IRQHandler
                0x08020298                UsageFault_Handler
                0x08020298                USIC0_0_IRQHandler
                0x08020298                POSIF1_1_IRQHandler
                0x08020298                ERU0_2_IRQHandler
                0x08020298                CCU81_1_IRQHandler
                0x08020298                ERU1_1_IRQHandler
                0x08020298                VADC0_G2_3_IRQHandler
                0x08020298                VADC0_G2_2_IRQHandler
                0x08020298                CCU42_3_IRQHandler
                0x08020298                ERU0_3_IRQHandler
                0x08020298                DSD0_5_IRQHandler
                0x08020298                VADC0_C0_3_IRQHandler
                0x08020298                CAN0_6_IRQHandler
                0x08020298                CCU43_0_IRQHandler
                0x08020298                VADC0_G0_1_IRQHandler
                0x08020298                CCU81_2_IRQHandler
                0x08020298                USIC2_4_IRQHandler
                0x08020298                CCU81_3_IRQHandler
                0x08020298                CCU42_1_IRQHandler
                0x08020298                USIC1_1_IRQHandler
                0x08020298                USIC2_5_IRQHandler
                0x08020298                CCU40_0_IRQHandler
                0x08020298                CAN0_0_IRQHandler
                0x08020298                CCU42_2_IRQHandler
                0x08020298                Default_Handler
                0x08020298                USIC1_4_IRQHandler
                0x08020298                USIC1_0_IRQHandler
                0x08020298                POSIF0_1_IRQHandler
                0x08020298                VADC0_G0_0_IRQHandler
                0x08020298                DSD0_2_IRQHandler
                0x08020298                CCU80_3_IRQHandler
                0x08020298                CCU41_3_IRQHandler
                0x08020298                CCU80_2_IRQHandler
                0x08020298                VADC0_G1_3_IRQHandler
                0x08020298                VADC0_G0_3_IRQHandler
                0x08020298                GPDMA0_0_IRQHandler
                0x08020298                PMU0_0_IRQHandler
                0x08020298                CAN0_7_IRQHandler
                0x08020298                DSD0_1_IRQHandler
                0x08020298                CCU41_2_IRQHandler
                0x08020298                VADC0_C0_1_IRQHandler
                0x08020298                CCU43_2_IRQHandler
                0x08020298                USIC2_2_IRQHandler
                0x08020298                MemManage_Handler
                0x08020298                VADC0_G3_1_IRQHandler
                0x08020298                DAC0_0_IRQHandler
                0x08020298                SVC_Handler
                0x08020298                VADC0_G3_3_IRQHandler
                0x08020298                ERU1_2_IRQHandler
                0x08020298                CCU41_1_IRQHandler
                0x08020298                DSD0_6_IRQHandler
                0x08020298                VADC0_G1_2_IRQHandler
                0x08020298                USIC2_3_IRQHandler
                0x08020298                CAN0_2_IRQHandler
                0x08020298                USIC2_0_IRQHandler
                0x08020298                VADC0_G0_2_IRQHandler
                0x08020298                VADC0_G2_1_IRQHandler
                0x08020298                CAN0_3_IRQHandler
                0x08020298                ETH0_0_IRQHandler
                0x08020298                USIC0_3_IRQHandler
                0x08020298                DSD0_0_IRQHandler
                0x08020298                VADC0_C0_2_IRQHandler
                0x08020298                CCU42_0_IRQHandler
                0x08020298                FCE0_0_IRQHandler
                0x08020298                VADC0_G1_0_IRQHandler
                0x08020298                USB0_0_IRQHandler
                0x08020298                CAN0_5_IRQHandler
                0x08020298                CCU80_0_IRQHandler
                0x08020298                CCU40_1_IRQHandler
                0x08020298                USIC2_1_IRQHandler
                0x08020298                USIC0_1_IRQHandler
                0x08020298                VADC0_G3_2_IRQHandler
                0x08020298                CCU40_3_IRQHandler
                0x08020298                BusFault_Handler
                0x08020298                LEDTS0_0_IRQHandler
                0x08020298                USIC0_4_IRQHandler
                0x08020298                CCU43_3_IRQHandler
                0x08020298                ERU0_1_IRQHandler
                0x08020298                VADC0_G3_0_IRQHandler
                0x08020298                USIC1_2_IRQHandler
                0x08020298                DSD0_3_IRQHandler
                0x08020298                SDMMC0_0_IRQHandler
                0x08020298                CAN0_1_IRQHandler
                0x08020298                USIC0_2_IRQHandler
                0x08020298                DAC0_1_IRQHandler
                0x08020298                GPDMA1_0_IRQHandler
 *(.text .text.* .gnu.linkonce.t.*)
 .text.SystemInit
                0x0802029c       0x20 ./Startup/system_XMC4800.o
                0x0802029c                SystemInit
 .text.SystemCoreClockUpdate
                0x080202bc       0xd4 ./Startup/system_XMC4800.o
                0x080202bc                SystemCoreClockUpdate
 .text.APPL_AckErrorInd
                0x08020390       0x14 ./SSC/Src/XMC_ESC.o
                0x08020390                APPL_AckErrorInd
 .text.APPL_StartMailboxHandler
                0x080203a4       0x10 ./SSC/Src/XMC_ESC.o
                0x080203a4                APPL_StartMailboxHandler
 .text.APPL_StopMailboxHandler
                0x080203b4       0x10 ./SSC/Src/XMC_ESC.o
                0x080203b4                APPL_StopMailboxHandler
 .text.APPL_StartInputHandler
                0x080203c4       0x18 ./SSC/Src/XMC_ESC.o
                0x080203c4                APPL_StartInputHandler
 .text.APPL_StopInputHandler
                0x080203dc       0x10 ./SSC/Src/XMC_ESC.o
                0x080203dc                APPL_StopInputHandler
 .text.APPL_StartOutputHandler
                0x080203ec       0x10 ./SSC/Src/XMC_ESC.o
                0x080203ec                APPL_StartOutputHandler
 .text.APPL_StopOutputHandler
                0x080203fc       0x10 ./SSC/Src/XMC_ESC.o
                0x080203fc                APPL_StopOutputHandler
 .text.APPL_GenerateMapping
                0x0802040c      0x168 ./SSC/Src/XMC_ESC.o
                0x0802040c                APPL_GenerateMapping
 .text.APPL_InputMapping
                0x08020574       0x1c ./SSC/Src/XMC_ESC.o
                0x08020574                APPL_InputMapping
 .text.APPL_OutputMapping
                0x08020590       0x1c ./SSC/Src/XMC_ESC.o
                0x08020590                APPL_OutputMapping
 .text.APPL_Application
                0x080205ac       0x18 ./SSC/Src/XMC_ESC.o
                0x080205ac                APPL_Application
 .text.BL_Start
                0x080205c4       0x14 ./SSC/Src/bootmode.o
                0x080205c4                BL_Start
 .text.COE_GetObjectDictionary
                0x080205d8       0x18 ./SSC/Src/coeappl.o
                0x080205d8                COE_GetObjectDictionary
 .text.COE_ObjInit
                0x080205f0      0x108 ./SSC/Src/coeappl.o
                0x080205f0                COE_ObjInit
 .text.COE_AddObjectToDic
                0x080206f8       0xe8 ./SSC/Src/coeappl.o
                0x080206f8                COE_AddObjectToDic
 .text.COE_RemoveDicEntry
                0x080207e0       0x80 ./SSC/Src/coeappl.o
                0x080207e0                COE_RemoveDicEntry
 .text.COE_ClearObjDictionary
                0x08020860       0x3c ./SSC/Src/coeappl.o
                0x08020860                COE_ClearObjDictionary
 .text.AddObjectsToObjDictionary
                0x0802089c       0x44 ./SSC/Src/coeappl.o
                0x0802089c                AddObjectsToObjDictionary
 .text.COE_ObjDictionaryInit
                0x080208e0       0x44 ./SSC/Src/coeappl.o
                0x080208e0                COE_ObjDictionaryInit
 .text.COE_Main
                0x08020924       0xe8 ./SSC/Src/coeappl.o
                0x08020924                COE_Main
 .text.NVIC_EnableIRQ
                0x08020a0c       0x30 ./SSC/Src/ecatappl.o
 .text.NVIC_DisableIRQ
                0x08020a3c       0x34 ./SSC/Src/ecatappl.o
 .text.XMC_ECAT_GetALEventRegister
                0x08020a70       0x1c ./SSC/Src/ecatappl.o
 .text.HW_EscRead
                0x08020a8c       0x2c ./SSC/Src/ecatappl.o
 .text.HW_EscReadIsr
                0x08020ab8       0x24 ./SSC/Src/ecatappl.o
 .text.HW_EscWrite
                0x08020adc       0x2c ./SSC/Src/ecatappl.o
 .text.HW_EscWriteIsr
                0x08020b08       0x24 ./SSC/Src/ecatappl.o
 .text.HW_GetALEventRegister
                0x08020b2c       0x10 ./SSC/Src/ecatappl.o
 .text.HW_GetALEventRegister_Isr
                0x08020b3c       0x10 ./SSC/Src/ecatappl.o
 .text.ENABLE_ESC_INT
                0x08020b4c        0xc ./SSC/Src/ecatappl.o
 .text.DISABLE_ESC_INT
                0x08020b58        0xc ./SSC/Src/ecatappl.o
 .text.PDO_InputMapping
                0x08020b64       0x2c ./SSC/Src/ecatappl.o
                0x08020b64                PDO_InputMapping
 .text.PDO_OutputMapping
                0x08020b90       0x2c ./SSC/Src/ecatappl.o
                0x08020b90                PDO_OutputMapping
 .text.ECAT_CheckTimer
                0x08020bbc       0x54 ./SSC/Src/ecatappl.o
                0x08020bbc                ECAT_CheckTimer
 .text.HandleBusCycleCalculation
                0x08020c10       0xd8 ./SSC/Src/ecatappl.o
                0x08020c10                HandleBusCycleCalculation
 .text.PDI_Isr  0x08020ce8      0x160 ./SSC/Src/ecatappl.o
                0x08020ce8                PDI_Isr
 .text.Sync0_Isr
                0x08020e48      0x15c ./SSC/Src/ecatappl.o
                0x08020e48                Sync0_Isr
 .text.Sync1_Isr
                0x08020fa4       0x44 ./SSC/Src/ecatappl.o
                0x08020fa4                Sync1_Isr
 .text.MainInit
                0x08020fe8       0x54 ./SSC/Src/ecatappl.o
                0x08020fe8                MainInit
 .text.MainLoop
                0x0802103c       0xd4 ./SSC/Src/ecatappl.o
                0x0802103c                MainLoop
 .text.ECAT_Application
                0x08021110        0xc ./SSC/Src/ecatappl.o
                0x08021110                ECAT_Application
 .text.EEPROM_CommandHandler
                0x0802111c      0x190 ./SSC/Src/ecatappl.o
                0x0802111c                EEPROM_CommandHandler
 .text.COE_Init
                0x080212ac       0x20 ./SSC/Src/ecatcoe.o
                0x080212ac                COE_Init
 .text.COE_ServiceInd
                0x080212cc       0x70 ./SSC/Src/ecatcoe.o
                0x080212cc                COE_ServiceInd
 .text.COE_ContinueInd
                0x0802133c       0x5c ./SSC/Src/ecatcoe.o
                0x0802133c                COE_ContinueInd
 .text.FOE_ServiceInd
                0x08021398      0x428 ./SSC/Src/ecatfoe.o
                0x08021398                FOE_ServiceInd
 .text.FOE_ContinueInd
                0x080217c0       0x2c ./SSC/Src/ecatfoe.o
                0x080217c0                FOE_ContinueInd
 .text.NVIC_EnableIRQ
                0x080217ec       0x30 ./SSC/Src/ecatslv.o
 .text.NVIC_DisableIRQ
                0x0802181c       0x34 ./SSC/Src/ecatslv.o
 .text.XMC_ECAT_GetALEventRegister
                0x08021850       0x1c ./SSC/Src/ecatslv.o
 .text.HW_EscRead
                0x0802186c       0x2c ./SSC/Src/ecatslv.o
 .text.HW_GetALEventRegister
                0x08021898       0x10 ./SSC/Src/ecatslv.o
 .text.ENABLE_ESC_INT
                0x080218a8        0xc ./SSC/Src/ecatslv.o
 .text.DISABLE_ESC_INT
                0x080218b4        0xc ./SSC/Src/ecatslv.o
 .text.ResetALEventMask
                0x080218c0       0x30 ./SSC/Src/ecatslv.o
                0x080218c0                ResetALEventMask
 .text.SetALEventMask
                0x080218f0       0x30 ./SSC/Src/ecatslv.o
                0x080218f0                SetALEventMask
 .text.UpdateEEPROMLoadedState
                0x08021920       0x44 ./SSC/Src/ecatslv.o
                0x08021920                UpdateEEPROMLoadedState
 .text.GetSyncMan
                0x08021964       0x30 ./SSC/Src/ecatslv.o
                0x08021964                GetSyncMan
 .text.DisableSyncManChannel
                0x08021994       0x54 ./SSC/Src/ecatslv.o
                0x08021994                DisableSyncManChannel
 .text.EnableSyncManChannel
                0x080219e8       0x54 ./SSC/Src/ecatslv.o
                0x080219e8                EnableSyncManChannel
 .text.CheckSmSettings
                0x08021a3c      0x3c0 ./SSC/Src/ecatslv.o
                0x08021a3c                CheckSmSettings
 .text.StartInputHandler
                0x08021dfc      0x764 ./SSC/Src/ecatslv.o
                0x08021dfc                StartInputHandler
 .text.StartOutputHandler
                0x08022560       0x50 ./SSC/Src/ecatslv.o
                0x08022560                StartOutputHandler
 .text.StopOutputHandler
                0x080225b0       0x20 ./SSC/Src/ecatslv.o
                0x080225b0                StopOutputHandler
 .text.StopInputHandler
                0x080225d0      0x108 ./SSC/Src/ecatslv.o
                0x080225d0                StopInputHandler
 .text.BackToInitTransition
                0x080226d8       0x18 ./SSC/Src/ecatslv.o
                0x080226d8                BackToInitTransition
 .text.SetALStatus
                0x080226f0       0xbc ./SSC/Src/ecatslv.o
                0x080226f0                SetALStatus
 .text.AL_ControlInd
                0x080227ac      0x768 ./SSC/Src/ecatslv.o
                0x080227ac                AL_ControlInd
 .text.AL_ControlRes
                0x08022f14      0x2c0 ./SSC/Src/ecatslv.o
                0x08022f14                AL_ControlRes
 .text.DC_CheckWatchdog
                0x080231d4      0x11c ./SSC/Src/ecatslv.o
                0x080231d4                DC_CheckWatchdog
 .text.CheckIfEcatError
                0x080232f0       0xa8 ./SSC/Src/ecatslv.o
                0x080232f0                CheckIfEcatError
 .text.ECAT_Init
                0x08023398      0x14c ./SSC/Src/ecatslv.o
                0x08023398                ECAT_Init
 .text.ECAT_Main
                0x080234e4      0x198 ./SSC/Src/ecatslv.o
                0x080234e4                ECAT_Main
 .text.FOE_Read
                0x0802367c       0xbc ./SSC/Src/foeappl.o
                0x0802367c                FOE_Read
 .text.FOE_Write
                0x08023738       0x40 ./SSC/Src/foeappl.o
                0x08023738                FOE_Write
 .text.FOE_Data
                0x08023778       0x34 ./SSC/Src/foeappl.o
                0x08023778                FOE_Data
 .text.FOE_Ack  0x080237ac       0x78 ./SSC/Src/foeappl.o
                0x080237ac                FOE_Ack
 .text.FOE_Busy
                0x08023824       0x20 ./SSC/Src/foeappl.o
                0x08023824                FOE_Busy
 .text.FOE_Error
                0x08023844       0x38 ./SSC/Src/foeappl.o
                0x08023844                FOE_Error
 .text.HW_EscRead
                0x0802387c       0x2c ./SSC/Src/mailbox.o
 .text.HW_EscReadMbxMem
                0x080238a8       0x24 ./SSC/Src/mailbox.o
 .text.HW_EscWrite
                0x080238cc       0x2c ./SSC/Src/mailbox.o
 .text.HW_EscWriteMbxMem
                0x080238f8       0x24 ./SSC/Src/mailbox.o
 .text.PutInMbxQueue
                0x0802391c       0x54 ./SSC/Src/mailbox.o
                0x0802391c                PutInMbxQueue
 .text.GetOutOfMbxQueue
                0x08023970       0x5c ./SSC/Src/mailbox.o
                0x08023970                GetOutOfMbxQueue
 .text.MBX_Init
                0x080239cc       0xf4 ./SSC/Src/mailbox.o
                0x080239cc                MBX_Init
 .text.MBX_StartMailboxHandler
                0x08023ac0       0xf4 ./SSC/Src/mailbox.o
                0x08023ac0                MBX_StartMailboxHandler
 .text.MBX_StopMailboxHandler
                0x08023bb4      0x138 ./SSC/Src/mailbox.o
                0x08023bb4                MBX_StopMailboxHandler
 .text.MailboxServiceInd
                0x08023cec       0x60 ./SSC/Src/mailbox.o
                0x08023cec                MailboxServiceInd
 .text.MBX_MailboxWriteInd
                0x08023d4c       0xbc ./SSC/Src/mailbox.o
                0x08023d4c                MBX_MailboxWriteInd
 .text.MBX_MailboxReadInd
                0x08023e08       0xf4 ./SSC/Src/mailbox.o
                0x08023e08                MBX_MailboxReadInd
 .text.MBX_MailboxRepeatReq
                0x08023efc       0x84 ./SSC/Src/mailbox.o
                0x08023efc                MBX_MailboxRepeatReq
 .text.MBX_MailboxSendReq
                0x08023f80       0xd4 ./SSC/Src/mailbox.o
                0x08023f80                MBX_MailboxSendReq
 .text.MBX_CheckAndCopyMailbox
                0x08024054      0x148 ./SSC/Src/mailbox.o
                0x08024054                MBX_CheckAndCopyMailbox
 .text.MBX_CopyToSendMailbox
                0x0802419c       0xe0 ./SSC/Src/mailbox.o
                0x0802419c                MBX_CopyToSendMailbox
 .text.MBX_Main
                0x0802427c       0x78 ./SSC/Src/mailbox.o
                0x0802427c                MBX_Main
 .text.OBJ_GetObjectHandle
                0x080242f4       0x38 ./SSC/Src/objdef.o
                0x080242f4                OBJ_GetObjectHandle
 .text.OBJ_GetObjectLength
                0x0802432c      0x10c ./SSC/Src/objdef.o
                0x0802432c                OBJ_GetObjectLength
 .text.OBJ_CopyNumberToString
                0x08024438       0x94 ./SSC/Src/objdef.o
                0x08024438                OBJ_CopyNumberToString
 .text.OBJ_GetNoOfObjects
                0x080244cc       0x98 ./SSC/Src/objdef.o
                0x080244cc                OBJ_GetNoOfObjects
 .text.OBJ_GetObjectList
                0x08024564       0xf8 ./SSC/Src/objdef.o
                0x08024564                OBJ_GetObjectList
 .text.OBJ_GetDesc
                0x0802465c      0x124 ./SSC/Src/objdef.o
                0x0802465c                OBJ_GetDesc
 .text.OBJ_GetEntryDesc
                0x08024780       0x58 ./SSC/Src/objdef.o
                0x08024780                OBJ_GetEntryDesc
 .text.OBJ_GetObjDesc
                0x080247d8       0x18 ./SSC/Src/objdef.o
                0x080247d8                OBJ_GetObjDesc
 .text.OBJ_GetEntryOffset
                0x080247f0      0x164 ./SSC/Src/objdef.o
                0x080247f0                OBJ_GetEntryOffset
 .text.CheckSyncTypeValue
                0x08024954      0x1ac ./SSC/Src/objdef.o
                0x08024954                CheckSyncTypeValue
 .text.OBJ_Read
                0x08024b00      0x5a8 ./SSC/Src/objdef.o
                0x08024b00                OBJ_Read
 .text.OBJ_Write
                0x080250a8      0x644 ./SSC/Src/objdef.o
                0x080250a8                OBJ_Write
 .text.SdoDownloadSegmentInd
                0x080256ec      0x284 ./SSC/Src/sdoserv.o
 .text.SdoUploadSegmentInd
                0x08025970      0x168 ./SSC/Src/sdoserv.o
 .text.SdoRes   0x08025ad8      0x168 ./SSC/Src/sdoserv.o
                0x08025ad8                SdoRes
 .text.SDOS_SdoInd
                0x08025c40      0x56c ./SSC/Src/sdoserv.o
                0x08025c40                SDOS_SdoInd
 .text.SDOS_SdoRes
                0x080261ac      0x124 ./SSC/Src/sdoserv.o
                0x080261ac                SDOS_SdoRes
 .text.SDOS_SdoInfoInd
                0x080262d0      0x3fc ./SSC/Src/sdoserv.o
                0x080262d0                SDOS_SdoInfoInd
 .text.XMC_ERU_Enable
                0x080266cc       0x2c ./Libraries/XMCLib/src/xmc4_eru.o
                0x080266cc                XMC_ERU_Enable
 .text.XMC_FLASH_lEnterPageModeCommand
                0x080266f8       0x20 ./Libraries/XMCLib/src/xmc4_flash.o
                0x080266f8                XMC_FLASH_lEnterPageModeCommand
 .text.XMC_FLASH_lLoadPageCommand
                0x08026718       0x30 ./Libraries/XMCLib/src/xmc4_flash.o
                0x08026718                XMC_FLASH_lLoadPageCommand
 .text.XMC_FLASH_lWritePageCommand
                0x08026748       0x44 ./Libraries/XMCLib/src/xmc4_flash.o
                0x08026748                XMC_FLASH_lWritePageCommand
 .text.XMC_FLASH_lEraseSectorCommand
                0x0802678c       0x58 ./Libraries/XMCLib/src/xmc4_flash.o
                0x0802678c                XMC_FLASH_lEraseSectorCommand
 .text.XMC_FLASH_lClearStatusCommand
                0x080267e4       0x20 ./Libraries/XMCLib/src/xmc4_flash.o
                0x080267e4                XMC_FLASH_lClearStatusCommand
 .text.XMC_FLASH_ClearStatus
                0x08026804        0xc ./Libraries/XMCLib/src/xmc4_flash.o
                0x08026804                XMC_FLASH_ClearStatus
 .text.XMC_FLASH_GetStatus
                0x08026810       0x1c ./Libraries/XMCLib/src/xmc4_flash.o
                0x08026810                XMC_FLASH_GetStatus
 .text.XMC_FLASH_ProgramPage
                0x0802682c       0x68 ./Libraries/XMCLib/src/xmc4_flash.o
                0x0802682c                XMC_FLASH_ProgramPage
 .text.XMC_FLASH_EraseSector
                0x08026894       0x30 ./Libraries/XMCLib/src/xmc4_flash.o
                0x08026894                XMC_FLASH_EraseSector
 .text.XMC_FLASH_lErasePhysicalSectorCommand
                0x080268c4       0x58 ./Libraries/XMCLib/src/xmc4_flash.o
                0x080268c4                XMC_FLASH_lErasePhysicalSectorCommand
 .text.XMC_FLASH_ErasePhysicalSector
                0x0802691c       0x30 ./Libraries/XMCLib/src/xmc4_flash.o
                0x0802691c                XMC_FLASH_ErasePhysicalSector
 .text.XMC_GPIO_Init
                0x0802694c      0x140 ./Libraries/XMCLib/src/xmc4_gpio.o
                0x0802694c                XMC_GPIO_Init
 .text.XMC_SCU_lDelay
                0x08026a8c       0x44 ./Libraries/XMCLib/src/xmc4_scu.o
 .text.XMC_SCU_SetBootMode
                0x08026ad0       0x20 ./Libraries/XMCLib/src/xmc4_scu.o
                0x08026ad0                XMC_SCU_SetBootMode
 .text.XMC_SCU_CLOCK_Init
                0x08026af0       0xe0 ./Libraries/XMCLib/src/xmc4_scu.o
                0x08026af0                XMC_SCU_CLOCK_Init
 .text.XMC_SCU_INTERRUPT_EnableNmiRequest
                0x08026bd0       0x24 ./Libraries/XMCLib/src/xmc4_scu.o
                0x08026bd0                XMC_SCU_INTERRUPT_EnableNmiRequest
 .text.XMC_SCU_RESET_DeassertPeripheralReset
                0x08026bf4       0x38 ./Libraries/XMCLib/src/xmc4_scu.o
                0x08026bf4                XMC_SCU_RESET_DeassertPeripheralReset
 .text.XMC_SCU_RESET_IsPeripheralResetAsserted
                0x08026c2c       0x48 ./Libraries/XMCLib/src/xmc4_scu.o
                0x08026c2c                XMC_SCU_RESET_IsPeripheralResetAsserted
 .text.XMC_SCU_CLOCK_SetSystemClockSource
                0x08026c74       0x28 ./Libraries/XMCLib/src/xmc4_scu.o
                0x08026c74                XMC_SCU_CLOCK_SetSystemClockSource
 .text.XMC_SCU_CLOCK_SetUsbClockSource
                0x08026c9c       0x28 ./Libraries/XMCLib/src/xmc4_scu.o
                0x08026c9c                XMC_SCU_CLOCK_SetUsbClockSource
 .text.XMC_SCU_CLOCK_SetWdtClockSource
                0x08026cc4       0x28 ./Libraries/XMCLib/src/xmc4_scu.o
                0x08026cc4                XMC_SCU_CLOCK_SetWdtClockSource
 .text.XMC_SCU_CLOCK_SetSystemPllClockSource
                0x08026cec       0x40 ./Libraries/XMCLib/src/xmc4_scu.o
                0x08026cec                XMC_SCU_CLOCK_SetSystemPllClockSource
 .text.XMC_SCU_HIB_SetRtcClockSource
                0x08026d2c       0x3c ./Libraries/XMCLib/src/xmc4_scu.o
                0x08026d2c                XMC_SCU_HIB_SetRtcClockSource
 .text.XMC_SCU_HIB_SetStandbyClockSource
                0x08026d68       0x3c ./Libraries/XMCLib/src/xmc4_scu.o
                0x08026d68                XMC_SCU_HIB_SetStandbyClockSource
 .text.XMC_SCU_CLOCK_SetSystemClockDivider
                0x08026da4       0x28 ./Libraries/XMCLib/src/xmc4_scu.o
                0x08026da4                XMC_SCU_CLOCK_SetSystemClockDivider
 .text.XMC_SCU_CLOCK_SetCcuClockDivider
                0x08026dcc       0x28 ./Libraries/XMCLib/src/xmc4_scu.o
                0x08026dcc                XMC_SCU_CLOCK_SetCcuClockDivider
 .text.XMC_SCU_CLOCK_SetCpuClockDivider
                0x08026df4       0x28 ./Libraries/XMCLib/src/xmc4_scu.o
                0x08026df4                XMC_SCU_CLOCK_SetCpuClockDivider
 .text.XMC_SCU_CLOCK_SetPeripheralClockDivider
                0x08026e1c       0x28 ./Libraries/XMCLib/src/xmc4_scu.o
                0x08026e1c                XMC_SCU_CLOCK_SetPeripheralClockDivider
 .text.XMC_SCU_CLOCK_SetUsbClockDivider
                0x08026e44       0x28 ./Libraries/XMCLib/src/xmc4_scu.o
                0x08026e44                XMC_SCU_CLOCK_SetUsbClockDivider
 .text.XMC_SCU_CLOCK_SetEbuClockDivider
                0x08026e6c       0x28 ./Libraries/XMCLib/src/xmc4_scu.o
                0x08026e6c                XMC_SCU_CLOCK_SetEbuClockDivider
 .text.XMC_SCU_CLOCK_SetWdtClockDivider
                0x08026e94       0x28 ./Libraries/XMCLib/src/xmc4_scu.o
                0x08026e94                XMC_SCU_CLOCK_SetWdtClockDivider
 .text.XMC_SCU_CLOCK_SetECATClockDivider
                0x08026ebc       0x28 ./Libraries/XMCLib/src/xmc4_scu.o
                0x08026ebc                XMC_SCU_CLOCK_SetECATClockDivider
 .text.XMC_SCU_CLOCK_EnableClock
                0x08026ee4       0x20 ./Libraries/XMCLib/src/xmc4_scu.o
                0x08026ee4                XMC_SCU_CLOCK_EnableClock
 .text.XMC_SCU_CLOCK_UngatePeripheralClock
                0x08026f04       0x38 ./Libraries/XMCLib/src/xmc4_scu.o
                0x08026f04                XMC_SCU_CLOCK_UngatePeripheralClock
 .text.XMC_SCU_CLOCK_StartUsbPll
                0x08026f3c       0x74 ./Libraries/XMCLib/src/xmc4_scu.o
                0x08026f3c                XMC_SCU_CLOCK_StartUsbPll
 .text.XMC_SCU_CLOCK_SetBackupClockCalibrationMode
                0x08026fb0       0x4c ./Libraries/XMCLib/src/xmc4_scu.o
                0x08026fb0                XMC_SCU_CLOCK_SetBackupClockCalibrationMode
 .text.XMC_SCU_HIB_EnableHibernateDomain
                0x08026ffc       0x58 ./Libraries/XMCLib/src/xmc4_scu.o
                0x08026ffc                XMC_SCU_HIB_EnableHibernateDomain
 .text.XMC_SCU_CLOCK_IsLowPowerOscillatorStable
                0x08027054       0x24 ./Libraries/XMCLib/src/xmc4_scu.o
                0x08027054                XMC_SCU_CLOCK_IsLowPowerOscillatorStable
 .text.XMC_SCU_CLOCK_EnableLowPowerOscillator
                0x08027078       0x64 ./Libraries/XMCLib/src/xmc4_scu.o
                0x08027078                XMC_SCU_CLOCK_EnableLowPowerOscillator
 .text.XMC_SCU_CLOCK_EnableHighPerformanceOscillator
                0x080270dc       0x50 ./Libraries/XMCLib/src/xmc4_scu.o
                0x080270dc                XMC_SCU_CLOCK_EnableHighPerformanceOscillator
 .text.XMC_SCU_CLOCK_IsHighPerformanceOscillatorStable
                0x0802712c       0x28 ./Libraries/XMCLib/src/xmc4_scu.o
                0x0802712c                XMC_SCU_CLOCK_IsHighPerformanceOscillatorStable
 .text.XMC_SCU_CLOCK_EnableSystemPll
                0x08027154       0x20 ./Libraries/XMCLib/src/xmc4_scu.o
                0x08027154                XMC_SCU_CLOCK_EnableSystemPll
 .text.XMC_SCU_CLOCK_DisableSystemPll
                0x08027174       0x20 ./Libraries/XMCLib/src/xmc4_scu.o
                0x08027174                XMC_SCU_CLOCK_DisableSystemPll
 .text.XMC_SCU_CLOCK_StartSystemPll
                0x08027194      0x174 ./Libraries/XMCLib/src/xmc4_scu.o
                0x08027194                XMC_SCU_CLOCK_StartSystemPll
 .text.XMC_SCU_CLOCK_StepSystemPllFrequency
                0x08027308       0x2c ./Libraries/XMCLib/src/xmc4_scu.o
                0x08027308                XMC_SCU_CLOCK_StepSystemPllFrequency
 .text.XMC_CCU4_StartPrescaler
                0x08027334       0x20 ./Libraries/XMCLib/src/xmc_ccu4.o
 .text.XMC_CCU4_lDeassertReset
                0x08027354       0x68 ./Libraries/XMCLib/src/xmc_ccu4.o
 .text.XMC_CCU4_lUngateClock
                0x080273bc       0x68 ./Libraries/XMCLib/src/xmc_ccu4.o
 .text.XMC_CCU4_EnableModule
                0x08027424       0x20 ./Libraries/XMCLib/src/xmc_ccu4.o
                0x08027424                XMC_CCU4_EnableModule
 .text.XMC_CCU4_Init
                0x08027444       0x3c ./Libraries/XMCLib/src/xmc_ccu4.o
                0x08027444                XMC_CCU4_Init
 .text.XMC_CCU4_SLICE_CompareInit
                0x08027480       0x6c ./Libraries/XMCLib/src/xmc_ccu4.o
                0x08027480                XMC_CCU4_SLICE_CompareInit
 .text.XMC_CCU4_SLICE_SetInterruptNode
                0x080274ec       0xb0 ./Libraries/XMCLib/src/xmc_ccu4.o
                0x080274ec                XMC_CCU4_SLICE_SetInterruptNode
 .text.XMC_CCU8_StartPrescaler
                0x0802759c       0x20 ./Libraries/XMCLib/src/xmc_ccu8.o
 .text.XMC_CCU8_SLICE_StopTimer
                0x080275bc       0x18 ./Libraries/XMCLib/src/xmc_ccu8.o
 .text.XMC_CCU8_lDeassertReset
                0x080275d4       0x38 ./Libraries/XMCLib/src/xmc_ccu8.o
 .text.XMC_CCU8_lUngateClock
                0x0802760c       0x38 ./Libraries/XMCLib/src/xmc_ccu8.o
 .text.XMC_CCU8_EnableModule
                0x08027644       0x20 ./Libraries/XMCLib/src/xmc_ccu8.o
                0x08027644                XMC_CCU8_EnableModule
 .text.XMC_CCU8_Init
                0x08027664       0x3c ./Libraries/XMCLib/src/xmc_ccu8.o
                0x08027664                XMC_CCU8_Init
 .text.XMC_CCU8_SLICE_CompareInit
                0x080276a0       0x74 ./Libraries/XMCLib/src/xmc_ccu8.o
                0x080276a0                XMC_CCU8_SLICE_CompareInit
 .text.XMC_CCU8_SetMultiChannelShadowTransferMode
                0x08027714       0x38 ./Libraries/XMCLib/src/xmc_ccu8.o
                0x08027714                XMC_CCU8_SetMultiChannelShadowTransferMode
 .text.XMC_CCU8_SLICE_StartConfig
                0x0802774c       0x5c ./Libraries/XMCLib/src/xmc_ccu8.o
                0x0802774c                XMC_CCU8_SLICE_StartConfig
 .text.XMC_CCU8_SLICE_StopConfig
                0x080277a8       0x58 ./Libraries/XMCLib/src/xmc_ccu8.o
                0x080277a8                XMC_CCU8_SLICE_StopConfig
 .text.XMC_CCU8_SLICE_LoadConfig
                0x08027800       0x34 ./Libraries/XMCLib/src/xmc_ccu8.o
                0x08027800                XMC_CCU8_SLICE_LoadConfig
 .text.XMC_CCU8_SLICE_LoadSelector
                0x08027834       0x34 ./Libraries/XMCLib/src/xmc_ccu8.o
                0x08027834                XMC_CCU8_SLICE_LoadSelector
 .text.XMC_CCU8_SLICE_ModulationConfig
                0x08027868       0x90 ./Libraries/XMCLib/src/xmc_ccu8.o
                0x08027868                XMC_CCU8_SLICE_ModulationConfig
 .text.XMC_CCU8_SLICE_CountConfig
                0x080278f8       0x34 ./Libraries/XMCLib/src/xmc_ccu8.o
                0x080278f8                XMC_CCU8_SLICE_CountConfig
 .text.XMC_CCU8_SLICE_GateConfig
                0x0802792c       0x34 ./Libraries/XMCLib/src/xmc_ccu8.o
                0x0802792c                XMC_CCU8_SLICE_GateConfig
 .text.XMC_CCU8_SLICE_DirectionConfig
                0x08027960       0x34 ./Libraries/XMCLib/src/xmc_ccu8.o
                0x08027960                XMC_CCU8_SLICE_DirectionConfig
 .text.XMC_CCU8_SLICE_StatusBitOverrideConfig
                0x08027994       0x30 ./Libraries/XMCLib/src/xmc_ccu8.o
                0x08027994                XMC_CCU8_SLICE_StatusBitOverrideConfig
 .text.XMC_CCU8_SLICE_TrapConfig
                0x080279c4       0x74 ./Libraries/XMCLib/src/xmc_ccu8.o
                0x080279c4                XMC_CCU8_SLICE_TrapConfig
 .text.XMC_CCU8_SLICE_ConfigureStatusBitOverrideEvent
                0x08027a38       0xc4 ./Libraries/XMCLib/src/xmc_ccu8.o
                0x08027a38                XMC_CCU8_SLICE_ConfigureStatusBitOverrideEvent
 .text.XMC_CCU8_SLICE_ConfigureEvent
                0x08027afc       0xd4 ./Libraries/XMCLib/src/xmc_ccu8.o
                0x08027afc                XMC_CCU8_SLICE_ConfigureEvent
 .text.XMC_CCU8_SLICE_SetTimerPeriodMatch
                0x08027bd0       0x1c ./Libraries/XMCLib/src/xmc_ccu8.o
                0x08027bd0                XMC_CCU8_SLICE_SetTimerPeriodMatch
 .text.XMC_CCU8_SLICE_SetTimerCompareMatch
                0x08027bec       0x30 ./Libraries/XMCLib/src/xmc_ccu8.o
                0x08027bec                XMC_CCU8_SLICE_SetTimerCompareMatch
 .text.XMC_CCU8_SLICE_SetInterruptNode
                0x08027c1c       0xb8 ./Libraries/XMCLib/src/xmc_ccu8.o
                0x08027c1c                XMC_CCU8_SLICE_SetInterruptNode
 .text.XMC_CCU8_SLICE_DeadTimeInit
                0x08027cd4       0x2c ./Libraries/XMCLib/src/xmc_ccu8.o
                0x08027cd4                XMC_CCU8_SLICE_DeadTimeInit
 .text.XMC_ECAT_Enable
                0x08027d00       0x24 ./Libraries/XMCLib/src/xmc_ecat.o
                0x08027d00                XMC_ECAT_Enable
 .text.XMC_ECAT_Init
                0x08027d24       0x78 ./Libraries/XMCLib/src/xmc_ecat.o
                0x08027d24                XMC_ECAT_Init
 .text.XMC_ECAT_DisableEvent
                0x08027d9c       0x28 ./Libraries/XMCLib/src/xmc_ecat.o
                0x08027d9c                XMC_ECAT_DisableEvent
 .text.XMC_ECAT_DisableSyncManChannel
                0x08027dc4       0x38 ./Libraries/XMCLib/src/xmc_ecat.o
                0x08027dc4                XMC_ECAT_DisableSyncManChannel
 .text.XMC_ERU_ETL_Init
                0x08027dfc       0x4c ./Libraries/XMCLib/src/xmc_eru.o
                0x08027dfc                XMC_ERU_ETL_Init
 .text.XMC_ERU_OGU_Init
                0x08027e48       0x28 ./Libraries/XMCLib/src/xmc_eru.o
                0x08027e48                XMC_ERU_OGU_Init
 .text.XMC_FCE_Init
                0x08027e70       0x2c ./Libraries/XMCLib/src/xmc_fce.o
                0x08027e70                XMC_FCE_Init
 .text.XMC_FCE_Enable
                0x08027e9c       0x28 ./Libraries/XMCLib/src/xmc_fce.o
                0x08027e9c                XMC_FCE_Enable
 .text.XMC_FCE_CalculateCRC32
                0x08027ec4       0x64 ./Libraries/XMCLib/src/xmc_fce.o
                0x08027ec4                XMC_FCE_CalculateCRC32
 .text.XMC_GPIO_SetMode
                0x08027f28       0x80 ./Libraries/XMCLib/src/xmc_gpio.o
                0x08027f28                XMC_GPIO_SetMode
 .text.XMC_GPIO_SetHardwareControl
                0x08027fa8       0x44 ./Libraries/XMCLib/src/xmc_gpio.o
                0x08027fa8                XMC_GPIO_SetHardwareControl
 .text._sbrk    0x08027fec       0x68 ./Libraries/Newlib/syscalls.o
                0x08027fec                _sbrk
 .text._init    0x08028054        0xc ./Libraries/Newlib/syscalls.o
                0x08028054                _init
 .text.XMC_CCU4_EnableClock
                0x08028060       0x28 ./Dave/Generated/TIMER/timer.o
 .text.XMC_CCU4_SLICE_StartTimer
                0x08028088       0x18 ./Dave/Generated/TIMER/timer.o
 .text.XMC_CCU4_SLICE_ClearTimer
                0x080280a0       0x18 ./Dave/Generated/TIMER/timer.o
 .text.XMC_CCU4_SLICE_SetTimerPeriodMatch
                0x080280b8       0x1c ./Dave/Generated/TIMER/timer.o
 .text.XMC_CCU4_SLICE_SetTimerCompareMatch
                0x080280d4       0x1c ./Dave/Generated/TIMER/timer.o
 .text.XMC_CCU4_EnableShadowTransfer
                0x080280f0       0x1c ./Dave/Generated/TIMER/timer.o
 .text.XMC_CCU4_SLICE_EnableEvent
                0x0802810c       0x2c ./Dave/Generated/TIMER/timer.o
 .text.TIMER_Init
                0x08028138       0x3c ./Dave/Generated/TIMER/timer.o
                0x08028138                TIMER_Init
 .text.TIMER_Start
                0x08028174       0x3c ./Dave/Generated/TIMER/timer.o
                0x08028174                TIMER_Start
 .text.TIMER_CCU4_lInit
                0x080281b0       0x98 ./Dave/Generated/TIMER/timer.o
                0x080281b0                TIMER_CCU4_lInit
 .text.TIMER_CCU4_lShadowTransfer
                0x08028248       0x3c ./Dave/Generated/TIMER/timer.o
                0x08028248                TIMER_CCU4_lShadowTransfer
 .text.XMC_CCU8_EnableClock
                0x08028284       0x28 ./Dave/Generated/PWM_CCU8/pwm_ccu8.o
 .text.XMC_CCU8_SLICE_EnableTrap
                0x080282ac       0x24 ./Dave/Generated/PWM_CCU8/pwm_ccu8.o
 .text.XMC_CCU8_SLICE_StartTimer
                0x080282d0       0x18 ./Dave/Generated/PWM_CCU8/pwm_ccu8.o
 .text.XMC_CCU8_EnableShadowTransfer
                0x080282e8       0x1c ./Dave/Generated/PWM_CCU8/pwm_ccu8.o
 .text.XMC_CCU8_SLICE_EnableEvent
                0x08028304       0x2c ./Dave/Generated/PWM_CCU8/pwm_ccu8.o
 .text.XMC_CCU8_SLICE_SetShadowTransferMode
                0x08028330       0x30 ./Dave/Generated/PWM_CCU8/pwm_ccu8.o
 .text.PWM_CCU8_Init
                0x08028360      0x170 ./Dave/Generated/PWM_CCU8/pwm_ccu8.o
                0x08028360                PWM_CCU8_Init
 .text.PWM_CCU8_lInit_Interrupt
                0x080284d0      0x188 ./Dave/Generated/PWM_CCU8/pwm_ccu8.o
 .text.PWM_CCU8_lInit_GPIO
                0x08028658       0xbc ./Dave/Generated/PWM_CCU8/pwm_ccu8.o
 .text.PWM_CCU8_lConfigure_Events
                0x08028714      0x1e0 ./Dave/Generated/PWM_CCU8/pwm_ccu8.o
 .text.PWM_CCU8_Start
                0x080288f4       0x58 ./Dave/Generated/PWM_CCU8/pwm_ccu8.o
                0x080288f4                PWM_CCU8_Start
 .text.NVIC_GetPriorityGrouping
                0x0802894c       0x1c ./Dave/Generated/INTERRUPT/interrupt.o
 .text.NVIC_EnableIRQ
                0x08028968       0x30 ./Dave/Generated/INTERRUPT/interrupt.o
 .text.NVIC_SetPriority
                0x08028998       0x54 ./Dave/Generated/INTERRUPT/interrupt.o
 .text.NVIC_EncodePriority
                0x080289ec       0x64 ./Dave/Generated/INTERRUPT/interrupt.o
 .text.INTERRUPT_Enable
                0x08028a50       0x1c ./Dave/Generated/INTERRUPT/interrupt.o
 .text.INTERRUPT_Init
                0x08028a6c       0x4c ./Dave/Generated/INTERRUPT/interrupt.o
                0x08028a6c                INTERRUPT_Init
 .text.XMC_CCU8_StartPrescaler
                0x08028ab8       0x20 ./Dave/Generated/GLOBAL_CCU8/global_ccu8.o
 .text.GLOBAL_CCU8_Init
                0x08028ad8       0x40 ./Dave/Generated/GLOBAL_CCU8/global_ccu8.o
                0x08028ad8                GLOBAL_CCU8_Init
 .text.XMC_CCU4_StartPrescaler
                0x08028b18       0x20 ./Dave/Generated/GLOBAL_CCU4/global_ccu4.o
 .text.GLOBAL_CCU4_Init
                0x08028b38       0x40 ./Dave/Generated/GLOBAL_CCU4/global_ccu4.o
                0x08028b38                GLOBAL_CCU4_Init
 .text.XMC_FLASH_SetMargin
                0x08028b78       0x34 ./Dave/Generated/E_EEPROM_XMC4/e_eeprom_xmc4.o
 .text.XMC_FLASH_EnableDoubleBitErrorTrap
                0x08028bac       0x28 ./Dave/Generated/E_EEPROM_XMC4/e_eeprom_xmc4.o
 .text.XMC_FLASH_DisableDoubleBitErrorTrap
                0x08028bd4       0x28 ./Dave/Generated/E_EEPROM_XMC4/e_eeprom_xmc4.o
 .text.XMC_FCE_InitializeSeedValue
                0x08028bfc       0x1c ./Dave/Generated/E_EEPROM_XMC4/e_eeprom_xmc4.o
 .text.E_EEPROM_XMC4_Init
                0x08028c18       0xd4 ./Dave/Generated/E_EEPROM_XMC4/e_eeprom_xmc4.o
                0x08028c18                E_EEPROM_XMC4_Init
 .text.E_EEPROM_XMC4_WriteArray
                0x08028cec       0x4c ./Dave/Generated/E_EEPROM_XMC4/e_eeprom_xmc4.o
                0x08028cec                E_EEPROM_XMC4_WriteArray
 .text.E_EEPROM_XMC4_ReadArray
                0x08028d38       0x4c ./Dave/Generated/E_EEPROM_XMC4/e_eeprom_xmc4.o
                0x08028d38                E_EEPROM_XMC4_ReadArray
 .text.E_EEPROM_XMC4_UpdateFlashContents
                0x08028d84       0xa4 ./Dave/Generated/E_EEPROM_XMC4/e_eeprom_xmc4.o
                0x08028d84                E_EEPROM_XMC4_UpdateFlashContents
 .text.E_EEPROM_XMC4_IsFlashEmpty
                0x08028e28       0x28 ./Dave/Generated/E_EEPROM_XMC4/e_eeprom_xmc4.o
                0x08028e28                E_EEPROM_XMC4_IsFlashEmpty
 .text.E_EEPROM_XMC4_lWriteToFlash
                0x08028e50       0x78 ./Dave/Generated/E_EEPROM_XMC4/e_eeprom_xmc4.o
 .text.E_EEPROM_XMC4_lInitReadSectorInfo
                0x08028ec8       0xac ./Dave/Generated/E_EEPROM_XMC4/e_eeprom_xmc4.o
 .text.E_EEPROM_XMC4_lInitEraseStateMachine
                0x08028f74       0x80 ./Dave/Generated/E_EEPROM_XMC4/e_eeprom_xmc4.o
 .text.E_EEPROM_XMC4_lCalculateCRC
                0x08028ff4       0x30 ./Dave/Generated/E_EEPROM_XMC4/e_eeprom_xmc4.o
 .text.E_EEPROM_XMC4_lCopyFlashToRam
                0x08029024       0x4c ./Dave/Generated/E_EEPROM_XMC4/e_eeprom_xmc4.o
 .text.EVENT_GENERATOR_Init
                0x08029070       0x48 ./Dave/Generated/EVENT_GENERATOR/event_generator.o
                0x08029070                EVENT_GENERATOR_Init
 .text.EVENT_DETECTOR_Init
                0x080290b8       0x3c ./Dave/Generated/EVENT_DETECTOR/event_detector.o
                0x080290b8                EVENT_DETECTOR_Init
 .text.ECAT_SSC_Init
                0x080290f4       0xb4 ./Dave/Generated/ECAT_SSC/ecat_ssc.o
                0x080290f4                ECAT_SSC_Init
 .text.NVIC_GetPriorityGrouping
                0x080291a8       0x1c ./Dave/Generated/ECAT_SSC/xmc_eschw.o
 .text.NVIC_EnableIRQ
                0x080291c4       0x30 ./Dave/Generated/ECAT_SSC/xmc_eschw.o
 .text.NVIC_SetPriority
                0x080291f4       0x54 ./Dave/Generated/ECAT_SSC/xmc_eschw.o
 .text.NVIC_EncodePriority
                0x08029248       0x64 ./Dave/Generated/ECAT_SSC/xmc_eschw.o
 .text.XMC_ECAT_SetPortControl
                0x080292ac       0x2c ./Dave/Generated/ECAT_SSC/xmc_eschw.o
 .text.HW_EscRead
                0x080292d8       0x2c ./Dave/Generated/ECAT_SSC/xmc_eschw.o
 .text.HW_EscWrite
                0x08029304       0x2c ./Dave/Generated/ECAT_SSC/xmc_eschw.o
 .text.ENABLE_ESC_INT
                0x08029330        0xc ./Dave/Generated/ECAT_SSC/xmc_eschw.o
 .text.HW_Init  0x0802933c      0x3a8 ./Dave/Generated/ECAT_SSC/xmc_eschw.o
                0x0802933c                HW_Init
 .text.HW_EepromWrite
                0x080296e4       0x8c ./Dave/Generated/ECAT_SSC/xmc_eschw.o
                0x080296e4                HW_EepromWrite
 .text.HW_EepromReload
                0x08029770       0x8c ./Dave/Generated/ECAT_SSC/xmc_eschw.o
                0x08029770                HW_EepromReload
 .text.ECAT0_0_IRQHandler
                0x080297fc        0xc ./Dave/Generated/ECAT_SSC/xmc_eschw.o
                0x080297fc                ECAT0_0_IRQHandler
 .text.CCU43_1_IRQHandler
                0x08029808       0x18 ./Dave/Generated/ECAT_SSC/xmc_eschw.o
                0x08029808                CCU43_1_IRQHandler
 .text.HW_GetTimer
                0x08029820       0x18 ./Dave/Generated/ECAT_SSC/xmc_eschw.o
                0x08029820                HW_GetTimer
 .text.NVIC_SetPriorityGrouping
                0x08029838       0x48 ./Dave/Generated/CPU_CTRL_XMC4/cpu_ctrl_xmc4_conf.o
 .text.SystemCoreSetup
                0x08029880       0xa0 ./Dave/Generated/CPU_CTRL_XMC4/cpu_ctrl_xmc4_conf.o
                0x08029880                SystemCoreSetup
 .text.CLOCK_XMC4_Init
                0x08029920       0x20 ./Dave/Generated/CLOCK_XMC4/clock_xmc4.o
                0x08029920                CLOCK_XMC4_Init
 .text.OSCHP_GetFrequency
                0x08029940       0x14 ./Dave/Generated/CLOCK_XMC4/clock_xmc4.o
                0x08029940                OSCHP_GetFrequency
 .text.XMC_SCU_CLOCK_SetECATClockSource
                0x08029954       0x28 ./Dave/Generated/CLOCK_XMC4/clock_xmc4_conf.o
 .text.SystemCoreClockSetup
                0x0802997c       0x60 ./Dave/Generated/CLOCK_XMC4/clock_xmc4_conf.o
                0x0802997c                SystemCoreClockSetup
 .text.DAVE_Init
                0x080299dc       0xc4 ./Dave/Generated/DAVE.o
                0x080299dc                DAVE_Init
 .text.FWUPDATE_StartDownload
                0x08029aa0       0x2c ./firmwareupdate_SSC.o
                0x08029aa0                FWUPDATE_StartDownload
 .text.FWUPDATE_StateTransitionInit
                0x08029acc       0x24 ./firmwareupdate_SSC.o
                0x08029acc                FWUPDATE_StateTransitionInit
 .text.FWUPDATE_GetDownloadFinished
                0x08029af0       0x18 ./firmwareupdate_SSC.o
                0x08029af0                FWUPDATE_GetDownloadFinished
 .text.FWUPDATE_Data
                0x08029b08       0xd4 ./firmwareupdate_SSC.o
                0x08029b08                FWUPDATE_Data
 .text.XMC_FCE_GetCRCResult
                0x08029bdc       0x20 ./flashprog.o
 .text.Flash_lGetPhysicalSector
                0x08029bfc       0x54 ./flashprog.o
                0x08029bfc                Flash_lGetPhysicalSector
 .text.Flash_lGetPhysicalSectorNumber
                0x08029c50       0x40 ./flashprog.o
                0x08029c50                Flash_lGetPhysicalSectorNumber
 .text.FLASHPROG_Init
                0x08029c90       0x78 ./flashprog.o
                0x08029c90                FLASHPROG_Init
 .text.FLASHPROG_Data
                0x08029d08      0x148 ./flashprog.o
                0x08029d08                FLASHPROG_Data
 .text.FLASHPROG_Close
                0x08029e50       0x58 ./flashprog.o
                0x08029e50                FLASHPROG_Close
 .text.FLASHPROG_Bytes_written
                0x08029ea8       0x18 ./flashprog.o
                0x08029ea8                FLASHPROG_Bytes_written
 .text.FLASHPROG_CRC32_check
                0x08029ec0       0x68 ./flashprog.o
                0x08029ec0                FLASHPROG_CRC32_check
 .text.XMC_SCU_RESET_ClearDeviceResetReason
                0x08029f28       0x18 ./main.o
 .text.XMC_GPIO_SetOutputLevel
                0x08029f40       0x24 ./main.o
 .text.XMC_GPIO_SetOutputHigh
                0x08029f64       0x20 ./main.o
 .text.XMC_GPIO_GetInput
                0x08029f84       0x28 ./main.o
 .text.XMC_GPIO_EnableDigitalInput
                0x08029fac       0x2c ./main.o
 .text.Init_ECAT_Adapt_LED
                0x08029fd8       0xa8 ./main.o
                0x08029fd8                Init_ECAT_Adapt_LED
 .text.Init_Relax_Button
                0x0802a080       0x30 ./main.o
                0x0802a080                Init_Relax_Button
 .text.process_app
                0x0802a0b0      0x190 ./main.o
                0x0802a0b0                process_app
 .text.main     0x0802a240       0x20 ./main.o
                0x0802a240                main
 .text.ERU1_0_IRQHandler
                0x0802a260        0xc ./main.o
                0x0802a260                ERU1_0_IRQHandler
 .text.ERU1_3_IRQHandler
                0x0802a26c        0xc ./main.o
                0x0802a26c                ERU1_3_IRQHandler
 .text.__errno  0x0802a278        0xc c:/davev4-64bit/dave-4.3.2/eclipse/arm-gcc-49/bin/../lib/gcc/arm-none-eabi/4.9.3/../../../../arm-none-eabi/lib/armv7e-m/softfp\libg_nano.a(lib_a-errno.o)
                0x0802a278                __errno
 .text.__libc_init_array
                0x0802a284       0x4c c:/davev4-64bit/dave-4.3.2/eclipse/arm-gcc-49/bin/../lib/gcc/arm-none-eabi/4.9.3/../../../../arm-none-eabi/lib/armv7e-m/softfp\libg_nano.a(lib_a-init.o)
                0x0802a284                __libc_init_array
 .text.malloc   0x0802a2d0       0x10 c:/davev4-64bit/dave-4.3.2/eclipse/arm-gcc-49/bin/../lib/gcc/arm-none-eabi/4.9.3/../../../../arm-none-eabi/lib/armv7e-m/softfp\libg_nano.a(lib_a-malloc.o)
                0x0802a2d0                malloc
 .text.free     0x0802a2e0       0x10 c:/davev4-64bit/dave-4.3.2/eclipse/arm-gcc-49/bin/../lib/gcc/arm-none-eabi/4.9.3/../../../../arm-none-eabi/lib/armv7e-m/softfp\libg_nano.a(lib_a-malloc.o)
                0x0802a2e0                free
 .text.memcpy   0x0802a2f0       0x16 c:/davev4-64bit/dave-4.3.2/eclipse/arm-gcc-49/bin/../lib/gcc/arm-none-eabi/4.9.3/../../../../arm-none-eabi/lib/armv7e-m/softfp\libg_nano.a(lib_a-memcpy.o)
                0x0802a2f0                memcpy
 .text.memset   0x0802a306       0x10 c:/davev4-64bit/dave-4.3.2/eclipse/arm-gcc-49/bin/../lib/gcc/arm-none-eabi/4.9.3/../../../../arm-none-eabi/lib/armv7e-m/softfp\libg_nano.a(lib_a-memset.o)
                0x0802a306                memset
 *fill*         0x0802a316        0x2 
 .text._free_r  0x0802a318       0x88 c:/davev4-64bit/dave-4.3.2/eclipse/arm-gcc-49/bin/../lib/gcc/arm-none-eabi/4.9.3/../../../../arm-none-eabi/lib/armv7e-m/softfp\libg_nano.a(lib_a-nano-freer.o)
                0x0802a318                _free_r
 .text._malloc_r
                0x0802a3a0       0xac c:/davev4-64bit/dave-4.3.2/eclipse/arm-gcc-49/bin/../lib/gcc/arm-none-eabi/4.9.3/../../../../arm-none-eabi/lib/armv7e-m/softfp\libg_nano.a(lib_a-nano-mallocr.o)
                0x0802a3a0                _malloc_r
 .text._sbrk_r  0x0802a44c       0x20 c:/davev4-64bit/dave-4.3.2/eclipse/arm-gcc-49/bin/../lib/gcc/arm-none-eabi/4.9.3/../../../../arm-none-eabi/lib/armv7e-m/softfp\libg_nano.a(lib_a-sbrkr.o)
                0x0802a44c                _sbrk_r
 .text.strlen   0x0802a46c       0x10 c:/davev4-64bit/dave-4.3.2/eclipse/arm-gcc-49/bin/../lib/gcc/arm-none-eabi/4.9.3/../../../../arm-none-eabi/lib/armv7e-m/softfp\libg_nano.a(lib_a-strlen.o)
                0x0802a46c                strlen
 *(.init)
 *(.fini)
 *crtbegin.o(.ctors)
 *crtbegin?.o(.ctors)
 *(EXCLUDE_FILE(*crtend.o *crtend?.o) .ctors)
 *(SORT(.ctors.*))
 *(.ctors)
 *crtbegin.o(.dtors)
 *crtbegin?.o(.dtors)
 *(EXCLUDE_FILE(*crtend.o *crtend?.o) .dtors)
 *(SORT(.dtors.*))
 *(.dtors)
 *(.rodata .rodata.*)
 .rodata.asEntryDesc0x1600
                0x0802a47c       0x50 ./SSC/Src/coeappl.o
                0x0802a47c                asEntryDesc0x1600
 .rodata.aName0x1600
                0x0802a4cc       0xc0 ./SSC/Src/coeappl.o
                0x0802a4cc                aName0x1600
 .rodata.asEntryDesc0x1A00
                0x0802a58c       0x50 ./SSC/Src/coeappl.o
                0x0802a58c                asEntryDesc0x1A00
 .rodata.aName0x1A00
                0x0802a5dc       0xc0 ./SSC/Src/coeappl.o
                0x0802a5dc                aName0x1A00
 .rodata.asEntryDesc0x1C12
                0x0802a69c        0xc ./SSC/Src/coeappl.o
                0x0802a69c                asEntryDesc0x1C12
 .rodata.aName0x1C12
                0x0802a6a8       0x1c ./SSC/Src/coeappl.o
                0x0802a6a8                aName0x1C12
 .rodata.asEntryDesc0x1C13
                0x0802a6c4        0xc ./SSC/Src/coeappl.o
                0x0802a6c4                asEntryDesc0x1C13
 .rodata.aName0x1C13
                0x0802a6d0       0x1c ./SSC/Src/coeappl.o
                0x0802a6d0                aName0x1C13
 .rodata.asEntryDesc0x6000
                0x0802a6ec       0x50 ./SSC/Src/coeappl.o
                0x0802a6ec                asEntryDesc0x6000
 .rodata.aName0x6000
                0x0802a73c       0xa0 ./SSC/Src/coeappl.o
                0x0802a73c                aName0x6000
 .rodata.asEntryDesc0x7000
                0x0802a7dc       0x50 ./SSC/Src/coeappl.o
                0x0802a7dc                asEntryDesc0x7000
 .rodata.aName0x7000
                0x0802a82c       0xac ./SSC/Src/coeappl.o
                0x0802a82c                aName0x7000
 .rodata.sEntryDesc0x1000
                0x0802a8d8        0x8 ./SSC/Src/coeappl.o
                0x0802a8d8                sEntryDesc0x1000
 .rodata.aName0x1000
                0x0802a8e0        0xc ./SSC/Src/coeappl.o
                0x0802a8e0                aName0x1000
 .rodata.sEntryDesc0x1001
                0x0802a8ec        0x8 ./SSC/Src/coeappl.o
                0x0802a8ec                sEntryDesc0x1001
 .rodata.aName0x1001
                0x0802a8f4       0x10 ./SSC/Src/coeappl.o
                0x0802a8f4                aName0x1001
 .rodata.sEntryDesc0x1008
                0x0802a904        0x8 ./SSC/Src/coeappl.o
                0x0802a904                sEntryDesc0x1008
 .rodata.aName0x1008
                0x0802a90c        0xc ./SSC/Src/coeappl.o
                0x0802a90c                aName0x1008
 .rodata.sEntryDesc0x1009
                0x0802a918        0x8 ./SSC/Src/coeappl.o
                0x0802a918                sEntryDesc0x1009
 .rodata.aName0x1009
                0x0802a920       0x14 ./SSC/Src/coeappl.o
                0x0802a920                aName0x1009
 .rodata.sEntryDesc0x100A
                0x0802a934        0x8 ./SSC/Src/coeappl.o
                0x0802a934                sEntryDesc0x100A
 .rodata.aName0x100A
                0x0802a93c       0x14 ./SSC/Src/coeappl.o
                0x0802a93c                aName0x100A
 .rodata.asEntryDesc0x1018
                0x0802a950       0x20 ./SSC/Src/coeappl.o
                0x0802a950                asEntryDesc0x1018
 .rodata.aName0x1018
                0x0802a970       0x3c ./SSC/Src/coeappl.o
                0x0802a970                aName0x1018
 .rodata.asEntryDesc0x10F1
                0x0802a9ac       0x14 ./SSC/Src/coeappl.o
                0x0802a9ac                asEntryDesc0x10F1
 .rodata.aName0x10F1
                0x0802a9c0       0x40 ./SSC/Src/coeappl.o
                0x0802a9c0                aName0x10F1
 .rodata.asEntryDesc0x1C00
                0x0802aa00        0xc ./SSC/Src/coeappl.o
                0x0802aa00                asEntryDesc0x1C00
 .rodata.aName0x1C00
                0x0802aa0c       0x14 ./SSC/Src/coeappl.o
                0x0802aa0c                aName0x1C00
 .rodata.asEntryDesc0x1C3x
                0x0802aa20       0xc8 ./SSC/Src/coeappl.o
                0x0802aa20                asEntryDesc0x1C3x
 .rodata.aName0x1C32
                0x0802aae8      0x100 ./SSC/Src/coeappl.o
                0x0802aae8                aName0x1C32
 .rodata.aName0x1C33
                0x0802abe8      0x100 ./SSC/Src/coeappl.o
                0x0802abe8                aName0x1C33
 .rodata.cBitMask
                0x0802ace8       0x20 ./SSC/Src/objdef.o
                0x0802ace8                cBitMask
 .rodata.cAbortCode
                0x0802ad08       0x78 ./SSC/Src/sdoserv.o
                0x0802ad08                cAbortCode
 .rodata.PWM_CCU8_0_timer_handle
                0x0802ad80       0x10 ./Dave/Generated/PWM_CCU8/pwm_ccu8_conf.o
                0x0802ad80                PWM_CCU8_0_timer_handle
 .rodata.PWM_CCU8_0_event0_config
                0x0802ad90        0x4 ./Dave/Generated/PWM_CCU8/pwm_ccu8_conf.o
                0x0802ad90                PWM_CCU8_0_event0_config
 .rodata.PWM_CCU8_0_event1_config
                0x0802ad94        0x4 ./Dave/Generated/PWM_CCU8/pwm_ccu8_conf.o
                0x0802ad94                PWM_CCU8_0_event1_config
 .rodata.PWM_CCU8_0_event2_config
                0x0802ad98        0x4 ./Dave/Generated/PWM_CCU8/pwm_ccu8_conf.o
                0x0802ad98                PWM_CCU8_0_event2_config
 .rodata.PWM_CCU8_0_dt_config
                0x0802ad9c        0xc ./Dave/Generated/PWM_CCU8/pwm_ccu8_conf.o
                0x0802ad9c                PWM_CCU8_0_dt_config
 .rodata.PWM_CCU8_0_ch1_out1_config
                0x0802ada8        0xc ./Dave/Generated/PWM_CCU8/pwm_ccu8_conf.o
                0x0802ada8                PWM_CCU8_0_ch1_out1_config
 .rodata.PWM_CCU8_0_config_handle
                0x0802adb4       0x90 ./Dave/Generated/PWM_CCU8/pwm_ccu8_conf.o
                0x0802adb4                PWM_CCU8_0_config_handle
 .rodata.INTERRUPT_0
                0x0802ae44        0x4 ./Dave/Generated/INTERRUPT/interrupt_conf.o
                0x0802ae44                INTERRUPT_0
 .rodata.INT_SYNC1
                0x0802ae48        0x4 ./Dave/Generated/INTERRUPT/interrupt_conf.o
                0x0802ae48                INT_SYNC1
 .rodata.INT_SYNC0
                0x0802ae4c        0x4 ./Dave/Generated/INTERRUPT/interrupt_conf.o
                0x0802ae4c                INT_SYNC0
 .rodata.e_eeprom_xmc4_fce
                0x0802ae50        0xc ./Dave/Generated/E_EEPROM_XMC4/e_eeprom_xmc4.o
 .rodata.EG_SYNC1_OGU_Config
                0x0802ae5c        0x4 ./Dave/Generated/EVENT_GENERATOR/event_generator_conf.o
                0x0802ae5c                EG_SYNC1_OGU_Config
 .rodata.EG_SYNC0_OGU_Config
                0x0802ae60        0x4 ./Dave/Generated/EVENT_GENERATOR/event_generator_conf.o
                0x0802ae60                EG_SYNC0_OGU_Config
 .rodata.ED_SYNC1_ETL_Config
                0x0802ae64        0x8 ./Dave/Generated/EVENT_DETECTOR/event_detector_conf.o
                0x0802ae64                ED_SYNC1_ETL_Config
 .rodata.ED_SYNC0_ETL_Config
                0x0802ae6c        0x8 ./Dave/Generated/EVENT_DETECTOR/event_detector_conf.o
                0x0802ae6c                ED_SYNC0_ETL_Config
 .rodata.ECAT_SSC_0
                0x0802ae74        0xc ./Dave/Generated/ECAT_SSC/ecat_ssc_conf.o
                0x0802ae74                ECAT_SSC_0
 .rodata        0x0802ae80       0x14 ./Dave/Generated/CLOCK_XMC4/clock_xmc4_conf.o
 .rodata.str1.1
                0x0802ae94        0x2 c:/davev4-64bit/dave-4.3.2/eclipse/arm-gcc-49/bin/../lib/gcc/arm-none-eabi/4.9.3/../../../../arm-none-eabi/lib/armv7e-m/softfp\libg_nano.a(lib_a-impure.o)
 *(.gnu.linkonce.r*)

.glue_7         0x0802ae98        0x0 load address 0x0c02ae96
 .glue_7        0x00000000        0x0 linker stubs

.glue_7t        0x0802ae98        0x0 load address 0x0c02ae96
 .glue_7t       0x00000000        0x0 linker stubs

.vfp11_veneer   0x0802ae98        0x0 load address 0x0c02ae96
 .vfp11_veneer  0x00000000        0x0 linker stubs

.v4_bx          0x0802ae98        0x0 load address 0x0c02ae96
 .v4_bx         0x00000000        0x0 linker stubs

.iplt           0x0802ae98        0x0 load address 0x0c02ae96
 .iplt          0x00000000        0x0 ./Startup/startup_XMC4800.o

.rel.dyn        0x0802ae98        0x0 load address 0x0c02ae96
 .rel.iplt      0x00000000        0x0 ./Startup/startup_XMC4800.o

.eh_frame_hdr
 *(.eh_frame_hdr)

.eh_frame
 *(.eh_frame)

.ARM.extab
 *(.ARM.extab* .gnu.linkonce.armextab.*)
                0x0802ae98                . = ALIGN (0x4)
                0x0802ae98                __exidx_start = .

.ARM.exidx
 *(.ARM.exidx* .gnu.linkonce.armexidx.*)
                0x0802ae98                __exidx_end = .
                0x0802ae98                . = ALIGN (0x4)

Stack           0x1ffe8000      0x800
                0x1ffe8000                __stack_start = .
                0x1ffe8800                . = (. + stack_size)
 *fill*         0x1ffe8000      0x800 
                0x1ffe8800                __stack_end = .
                0x1ffe8800                __initial_sp = .

.ram_code       0x1ffe8800        0x0 load address 0x0c02ae96
                0x1ffe8800                . = ALIGN (0x4)
                0x1ffe8800                __ram_code_start = .
 *(.ram_code)
                0x1ffe8800                . = ALIGN (0x4)
                0x1ffe8800                __ram_code_end = .
                0x0c02ae96                __ram_code_load = LOADADDR (.ram_code)
                0x00000000                __ram_code_size = (__ram_code_end - __ram_code_start)

.data           0x1ffe8800      0xd18 load address 0x0c02ae96
                0x1ffe8800                . = ALIGN (0x4)
                0x1ffe8800                __data_start = .
 *(vtable)
 *(.data)
 *(.data*)
 .data.OUT_GENERICProcessDataMapping0x1600
                0x1ffe8800       0x34 ./SSC/Src/XMC_ESC.o
                0x1ffe8800                OUT_GENERICProcessDataMapping0x1600
 .data.IN_GENERICProcessDataMapping0x1A00
                0x1ffe8834       0x34 ./SSC/Src/XMC_ESC.o
                0x1ffe8834                IN_GENERICProcessDataMapping0x1A00
 .data.sRxPDOassign
                0x1ffe8868        0x4 ./SSC/Src/XMC_ESC.o
                0x1ffe8868                sRxPDOassign
 .data.sTxPDOassign
                0x1ffe886c        0x4 ./SSC/Src/XMC_ESC.o
                0x1ffe886c                sTxPDOassign
 .data.IN_GENERIC0x6000
                0x1ffe8870        0xc ./SSC/Src/XMC_ESC.o
                0x1ffe8870                IN_GENERIC0x6000
 .data.OUT_GENERIC0x7000
                0x1ffe887c        0xc ./SSC/Src/XMC_ESC.o
                0x1ffe887c                OUT_GENERIC0x7000
 .data.ApplicationObjDic
                0x1ffe8888      0x118 ./SSC/Src/coeappl.o
                0x1ffe8888                ApplicationObjDic
 .data.u32Devicetype
                0x1ffe89a0        0x4 ./SSC/Src/coeappl.o
                0x1ffe89a0                u32Devicetype
 .data.acDevicename
                0x1ffe89a4        0x8 ./SSC/Src/coeappl.o
                0x1ffe89a4                acDevicename
 .data.acHardwareversion
                0x1ffe89ac        0x4 ./SSC/Src/coeappl.o
                0x1ffe89ac                acHardwareversion
 .data.acSoftwareversion
                0x1ffe89b0        0x8 ./SSC/Src/coeappl.o
                0x1ffe89b0                acSoftwareversion
 .data.sIdentity
                0x1ffe89b8       0x14 ./SSC/Src/coeappl.o
                0x1ffe89b8                sIdentity
 .data.sSyncmanagertype
                0x1ffe89cc        0x8 ./SSC/Src/coeappl.o
                0x1ffe89cc                sSyncmanagertype
 .data.GenObjDic
                0x1ffe89d4      0x1b8 ./SSC/Src/coeappl.o
                0x1ffe89d4                GenObjDic
 .data.aEepromData
                0x1ffe8b8c      0x800 ./SSC/Src/ecatappl.o
                0x1ffe8b8c                aEepromData
 .data.sErrorSettings
                0x1ffe938c        0xc ./SSC/Src/objdef.o
                0x1ffe938c                sErrorSettings
 .data.aSubindexDesc
                0x1ffe9398       0x10 ./SSC/Src/objdef.o
                0x1ffe9398                aSubindexDesc
 .data.TIMER_0_config
                0x1ffe93a8        0x8 ./Dave/Generated/TIMER/timer_conf.o
                0x1ffe93a8                TIMER_0_config
 .data.TIMER_0  0x1ffe93b0       0x28 ./Dave/Generated/TIMER/timer_conf.o
                0x1ffe93b0                TIMER_0
 .data.PWM_CCU8_0
                0x1ffe93d8       0x34 ./Dave/Generated/PWM_CCU8/pwm_ccu8_conf.o
                0x1ffe93d8                PWM_CCU8_0
 .data.GLOBAL_CCU8_0
                0x1ffe940c       0x10 ./Dave/Generated/GLOBAL_CCU8/global_ccu8_conf.o
                0x1ffe940c                GLOBAL_CCU8_0
 .data.GLOBAL_CCU4_0
                0x1ffe941c       0x10 ./Dave/Generated/GLOBAL_CCU4/global_ccu4_conf.o
                0x1ffe941c                GLOBAL_CCU4_0
 .data.e_eeprom_xmc4_sector_info
                0x1ffe942c       0x10 ./Dave/Generated/E_EEPROM_XMC4/e_eeprom_xmc4.o
 .data.EG_SYNC1
                0x1ffe943c       0x10 ./Dave/Generated/EVENT_GENERATOR/event_generator_conf.o
                0x1ffe943c                EG_SYNC1
 .data.EG_SYNC0
                0x1ffe944c       0x10 ./Dave/Generated/EVENT_GENERATOR/event_generator_conf.o
                0x1ffe944c                EG_SYNC0
 .data.ED_SYNC1
                0x1ffe945c       0x10 ./Dave/Generated/EVENT_DETECTOR/event_detector_conf.o
                0x1ffe945c                ED_SYNC1
 .data.ED_SYNC0
                0x1ffe946c       0x10 ./Dave/Generated/EVENT_DETECTOR/event_detector_conf.o
                0x1ffe946c                ED_SYNC0
 .data.physical_sector_addresses
                0x1ffe947c       0x2c ./flashprog.o
                0x1ffe947c                physical_sector_addresses
 .data.FCE_config0
                0x1ffe94a8        0xc ./flashprog.o
 .data.impure_data
                0x1ffe94b4       0x60 c:/davev4-64bit/dave-4.3.2/eclipse/arm-gcc-49/bin/../lib/gcc/arm-none-eabi/4.9.3/../../../../arm-none-eabi/lib/armv7e-m/softfp\libg_nano.a(lib_a-impure.o)
 .data._impure_ptr
                0x1ffe9514        0x4 c:/davev4-64bit/dave-4.3.2/eclipse/arm-gcc-49/bin/../lib/gcc/arm-none-eabi/4.9.3/../../../../arm-none-eabi/lib/armv7e-m/softfp\libg_nano.a(lib_a-impure.o)
                0x1ffe9514                _impure_ptr
 *(*.data)
 *(.gnu.linkonce.d*)
                0x1ffe9518                . = ALIGN (0x4)
                0x1ffe9518                PROVIDE (__preinit_array_start, .)
 *(.preinit_array)
                0x1ffe9518                PROVIDE (__preinit_array_end, .)
                0x1ffe9518                . = ALIGN (0x4)
                0x1ffe9518                PROVIDE (__init_array_start, .)
 *(SORT(.init_array.*))
 *(.init_array)
                0x1ffe9518                PROVIDE (__init_array_end, .)
                0x1ffe9518                . = ALIGN (0x4)
                0x1ffe9518                PROVIDE (__fini_array_start, .)
 *(SORT(.fini_array.*))
 *(.fini_array)
                0x1ffe9518                PROVIDE (__fini_array_end, .)
                0x1ffe9518                . = ALIGN (0x4)
                0x1ffe9518                __data_end = .
                0x0c02ae96                __data_load = LOADADDR (.data)
                0x00000d18                __data_size = (__data_end - __data_start)

.igot.plt       0x1ffe9518        0x0 load address 0x0c02bbae
 .igot.plt      0x00000000        0x0 ./Startup/startup_XMC4800.o

.bss            0x1ffe9518     0x1864 load address 0x0c02bbae
                0x1ffe9518                . = ALIGN (0x4)
                0x1ffe9518                __bss_start = .
 *(.bss)
 *(.bss*)
 .bss.u16ErrorRegister
                0x1ffe9518        0x2 ./SSC/Src/coeappl.o
                0x1ffe9518                u16ErrorRegister
 *fill*         0x1ffe951a        0x2 
 .bss.ObjDicList
                0x1ffe951c        0x4 ./SSC/Src/coeappl.o
                0x1ffe951c                ObjDicList
 .bss.bInitFinished
                0x1ffe9520        0x1 ./SSC/Src/ecatappl.o
                0x1ffe9520                bInitFinished
 .bss.SMActivate
                0x1ffe9521        0x1 ./SSC/Src/ecatslv.o
                0x1ffe9521                SMActivate
 .bss.EepromLoaded
                0x1ffe9522        0x1 ./SSC/Src/ecatslv.o
                0x1ffe9522                EepromLoaded
 .bss.bSdoInWork
                0x1ffe9523        0x1 ./SSC/Src/sdoserv.o
                0x1ffe9523                bSdoInWork
 .bss.heap_ptr.4327
                0x1ffe9524        0x4 ./Libraries/Newlib/syscalls.o
 .bss.e_eeprom_xmc4_data_buffer
                0x1ffe9528     0x1000 ./Dave/Generated/E_EEPROM_XMC4/e_eeprom_xmc4.o
 .bss.E_EEPROM_XMC4_0
                0x1ffea528        0x4 ./Dave/Generated/E_EEPROM_XMC4/e_eeprom_xmc4_conf.o
                0x1ffea528                E_EEPROM_XMC4_0
 .bss.ticks     0x1ffea52c        0x4 ./Dave/Generated/ECAT_SSC/xmc_eschw.o
 .bss.CLOCK_XMC4_0
                0x1ffea530        0x4 ./Dave/Generated/CLOCK_XMC4/clock_xmc4_conf.o
                0x1ffea530                CLOCK_XMC4_0
 .bss.meta_page
                0x1ffea534      0x100 ./firmwareupdate_SSC.o
 .bss.g_firmware_download_started
                0x1ffea634        0x1 ./firmwareupdate_SSC.o
 .bss.g_firmware_download_finished
                0x1ffea635        0x1 ./firmwareupdate_SSC.o
 *fill*         0x1ffea636        0x2 
 .bss.gl_flash_write_address
                0x1ffea638        0x4 ./flashprog.o
 .bss.gl_flash_write_start_address
                0x1ffea63c        0x4 ./flashprog.o
 .bss.gl_flash_bytes_written
                0x1ffea640        0x4 ./flashprog.o
 .bss.gl_flash_check_prog
                0x1ffea644        0x1 ./flashprog.o
 *fill*         0x1ffea645        0x1 
 .bss.gl_flash_erased
                0x1ffea646        0x2 ./flashprog.o
 .bss.gl_flash_max_size
                0x1ffea648        0x4 ./flashprog.o
 .bss.gl_flash_page_prep
                0x1ffea64c      0x100 ./flashprog.o
 .bss.gl_flash_page_prep_index
                0x1ffea74c        0x4 ./flashprog.o
 .bss.__malloc_sbrk_start
                0x1ffea750        0x4 c:/davev4-64bit/dave-4.3.2/eclipse/arm-gcc-49/bin/../lib/gcc/arm-none-eabi/4.9.3/../../../../arm-none-eabi/lib/armv7e-m/softfp\libg_nano.a(lib_a-nano-mallocr.o)
                0x1ffea750                __malloc_sbrk_start
 .bss.__malloc_free_list
                0x1ffea754        0x4 c:/davev4-64bit/dave-4.3.2/eclipse/arm-gcc-49/bin/../lib/gcc/arm-none-eabi/4.9.3/../../../../arm-none-eabi/lib/armv7e-m/softfp\libg_nano.a(lib_a-nano-mallocr.o)
                0x1ffea754                __malloc_free_list
 *(COMMON)
 COMMON         0x1ffea758       0xae ./SSC/Src/ecatappl.o
                0x1ffea758                StartTimerCnt
                0x1ffea75c                bCycleTimeMeasurementStarted
                0x1ffea760                pAPPL_EEPROM_Read
                0x1ffea764                pAPPL_EEPROM_Write
                0x1ffea768                bRunApplication
                0x1ffea769                bEcatWaitForInputUpdate
                0x1ffea76c                aPdOutputData
                0x1ffea7b0                bEtherCATErrorLed
                0x1ffea7b4                aPdInputData
                0x1ffea7f8                pEEPROM
                0x1ffea7fc                bEtherCATRunLed
                0x1ffea800                pAPPL_EEPROM_Reload
                0x1ffea804                u16BusCycleCntMs
 *fill*         0x1ffea806        0x2 
 COMMON         0x1ffea808        0x4 ./SSC/Src/ecatcoe.o
                0x1ffea808                pCoeSendStored
 COMMON         0x1ffea80c       0x14 ./SSC/Src/ecatfoe.o
                0x1ffea80c                u32FileOffset
                0x1ffea810                u16FileAccessState
                0x1ffea814                u32PacketNo
                0x1ffea818                pFoeSendStored
                0x1ffea81c                u32LastFileOffset
 COMMON         0x1ffea820       0x4c ./SSC/Src/ecatslv.o
                0x1ffea820                b3BufferMode
                0x1ffea822                nEcatStateTrans
                0x1ffea824                bApplEsmPending
                0x1ffea825                nAlStatus
                0x1ffea826                nPdOutputSize
                0x1ffea828                u16LocalErrorCode
                0x1ffea82a                Sync0WdCounter
                0x1ffea82c                bLocalErrorFlag
                0x1ffea82e                LatchInputSync0Counter
                0x1ffea830                i16WaitForPllRunningCnt
                0x1ffea832                nEscAddrOutputData
                0x1ffea834                Sync0WdValue
                0x1ffea836                u8EcatRunLed
                0x1ffea838                i16WaitForPllRunningTimeout
                0x1ffea83a                Sync1WdValue
                0x1ffea83c                u8dummy
                0x1ffea83e                u16ALEventMask
                0x1ffea840                bDcRunning
                0x1ffea844                SyncManInfo
                0x1ffea84c                LatchInputSync0Value
                0x1ffea84e                bEcatWaitForAlControlRes
                0x1ffea850                nPdInputSize
                0x1ffea852                u16SmSync0Value
                0x1ffea854                nMaxEscAddress
                0x1ffea856                bEcatFirstOutputsReceived
                0x1ffea857                bSmSyncSequenceValid
                0x1ffea858                EsmTimeoutCounter
                0x1ffea85a                bBootMode
                0x1ffea85b                bDcSyncActive
                0x1ffea85c                bEcatOutputUpdateRunning
                0x1ffea85e                Sync1WdCounter
                0x1ffea860                EcatWdValue
                0x1ffea862                bEcatInputUpdateRunning
                0x1ffea863                bEscIntEnabled
                0x1ffea864                bWdTrigger
                0x1ffea866                u16SmSync0Counter
                0x1ffea868                nMaxSyncMan
                0x1ffea869                u8EcatErrorLed
                0x1ffea86a                nEscAddrInputData
 COMMON         0x1ffea86c      0x198 ./SSC/Src/foeappl.o
                0x1ffea86c                nFileWriteOffset
                0x1ffea870                aFileData
                0x1ffea9f0                nFileSize
                0x1ffea9f4                aFileName
 COMMON         0x1ffeaa04      0x294 ./SSC/Src/mailbox.o
                0x1ffeaa04                asMbx
                0x1ffeac04                u8MbxReadCounter
                0x1ffeac08                sMbxSendQueue
                0x1ffeac3c                sMbxReceiveQueue
                0x1ffeac70                bNoMbxMemoryAvailable
                0x1ffeac71                bSendMbxIsFull
                0x1ffeac72                bMbxRunning
                0x1ffeac74                u16EscAddrReceiveMbx
                0x1ffeac78                psStoreMbx
                0x1ffeac7c                u16SendMbxSize
                0x1ffeac80                psReadMbx
                0x1ffeac84                bReceiveMbxIsLocked
                0x1ffeac86                u16EscAddrSendMbx
                0x1ffeac88                psWriteMbx
                0x1ffeac8c                u8MbxWriteCounter
                0x1ffeac8d                u8MailboxSendReqStored
                0x1ffeac8e                u16ReceiveMbxSize
                0x1ffeac90                bMbxRepeatToggle
                0x1ffeac94                psRepeatMbx
 COMMON         0x1ffeac98       0x8e ./SSC/Src/objdef.o
                0x1ffeac98                sSyncManInPar
                0x1ffeacdc                sSyncManOutPar
                0x1ffead20                bSyncSetByUser
                0x1ffead24                sCycleDiag
 *fill*         0x1ffead26        0x2 
 COMMON         0x1ffead28       0x4d ./SSC/Src/sdoserv.o
                0x1ffead28                nSdoInfoIndex
                0x1ffead2c                pStoreData
                0x1ffead30                nSdoSegBytesToHandle
                0x1ffead34                bSdoSegAccess
                0x1ffead35                bSdoSegFollows
                0x1ffead38                nSdoSegCompleteSize
                0x1ffead3c                pSdoPendFunc
                0x1ffead40                u8PendingSdo
                0x1ffead41                bStoreCompleteAccess
                0x1ffead42                bSdoSegLastToggle
                0x1ffead43                nSdoSegService
                0x1ffead44                pSdoInfoObjEntry
                0x1ffead48                nSdoInfoFragmentsLeft
                0x1ffead4c                pSdoResStored
                0x1ffead50                u32StoreDataSize
                0x1ffead54                pSdoSegData
                0x1ffead58                nSdoSegIndex
                0x1ffead5c                aSdoInfoHeader
                0x1ffead6c                pSdoSegObjEntry
                0x1ffead70                nSdoSegSubindex
                0x1ffead72                u16StoreIndex
                0x1ffead74                u8StoreSubindex
 *fill*         0x1ffead75        0x3 
 COMMON         0x1ffead78        0x4 c:/davev4-64bit/dave-4.3.2/eclipse/arm-gcc-49/bin/../lib/gcc/arm-none-eabi/4.9.3/../../../../arm-none-eabi/lib/armv7e-m/softfp\libg_nano.a(lib_a-reent.o)
                0x1ffead78                errno
 *(.gnu.linkonce.b*)
                0x1ffead7c                . = ALIGN (0x4)
                0x1ffead7c                __bss_end = .
                0x00001864                __bss_size = (__bss_end - __bss_start)
                0x00015284                __shift_loc = (__bss_end >= ORIGIN (DSRAM_1_system))?0x0:(ORIGIN (DSRAM_1_system) - __bss_end)

USB_RAM         0x20000000        0x0
                0x20000000                . = ALIGN (0x4)
                0x20000000                USB_RAM_start = .
 *(USB_RAM)
                0x20000000                . = ALIGN (0x4)
                0x20000000                USB_RAM_end = .
                0x00000000                USB_RAM_size = (USB_RAM_end - USB_RAM_start)

ETH_RAM         0x20000000        0x0
                0x20000000                . = ALIGN (0x4)
                0x20000000                ETH_RAM_start = .
 *(ETH_RAM)
                0x20000000                . = ALIGN (0x4)
                0x20000000                ETH_RAM_end = .
                0x20000000                . = ALIGN (0x8)
                0x20000000                Heap_Bank1_Start = .
                0x00000000                ETH_RAM_size = (ETH_RAM_end - ETH_RAM_start)

.no_init        0x2003ffc0       0x14
                0x2003ffc0                Heap_Bank1_End = .
 *(.no_init)
 .no_init       0x2003ffc0       0x14 ./Startup/system_XMC4800.o
                0x2003ffc0                SystemCoreClock
                0x2003ffc4                g_chipid
                0x0003ffc0                Heap_Bank1_Size = (Heap_Bank1_End - Heap_Bank1_Start)
                0x00000001                ASSERT ((Heap_Bank1_Start <= Heap_Bank1_End), region SRAM_combined overflowed no_init section)

/DISCARD/
 *(.comment)

.stab
 *(.stab)

.stabstr
 *(.stabstr)

.debug
 *(.debug)

.line
 *(.line)

.debug_srcinfo
 *(.debug_srcinfo)

.debug_sfnames
 *(.debug_sfnames)

.debug_aranges  0x00000000     0x15b0
 *(.debug_aranges)
 .debug_aranges
                0x00000000       0x20 ./Startup/startup_XMC4800.o
 .debug_aranges
                0x00000020       0x48 ./Startup/system_XMC4800.o
 .debug_aranges
                0x00000068       0x70 ./SSC/Src/XMC_ESC.o
 .debug_aranges
                0x000000d8       0x30 ./SSC/Src/bootmode.o
 .debug_aranges
                0x00000108       0x58 ./SSC/Src/coeappl.o
 .debug_aranges
                0x00000160       0xc8 ./SSC/Src/ecatappl.o
 .debug_aranges
                0x00000228       0x30 ./SSC/Src/ecatcoe.o
 .debug_aranges
                0x00000258       0x30 ./SSC/Src/ecatfoe.o
 .debug_aranges
                0x00000288       0xf0 ./SSC/Src/ecatslv.o
 .debug_aranges
                0x00000378       0x48 ./SSC/Src/foeappl.o
 .debug_aranges
                0x000003c0       0xa0 ./SSC/Src/mailbox.o
 .debug_aranges
                0x00000460       0x78 ./SSC/Src/objdef.o
 .debug_aranges
                0x000004d8       0x48 ./SSC/Src/sdoserv.o
 .debug_aranges
                0x00000520       0x28 ./Libraries/XMCLib/src/xmc4_eru.o
 .debug_aranges
                0x00000548       0xe0 ./Libraries/XMCLib/src/xmc4_flash.o
 .debug_aranges
                0x00000628       0x28 ./Libraries/XMCLib/src/xmc4_gpio.o
 .debug_aranges
                0x00000650      0x3f0 ./Libraries/XMCLib/src/xmc4_scu.o
 .debug_aranges
                0x00000a40      0x138 ./Libraries/XMCLib/src/xmc_ccu4.o
 .debug_aranges
                0x00000b78      0x190 ./Libraries/XMCLib/src/xmc_ccu8.o
 .debug_aranges
                0x00000d08       0x70 ./Libraries/XMCLib/src/xmc_ecat.o
 .debug_aranges
                0x00000d78       0x88 ./Libraries/XMCLib/src/xmc_eru.o
 .debug_aranges
                0x00000e00       0x60 ./Libraries/XMCLib/src/xmc_fce.o
 .debug_aranges
                0x00000e60       0x28 ./Libraries/XMCLib/src/xmc_gpio.o
 .debug_aranges
                0x00000e88       0x28 ./Libraries/Newlib/syscalls.o
 .debug_aranges
                0x00000eb0       0xd8 ./Dave/Generated/TIMER/timer.o
 .debug_aranges
                0x00000f88       0x18 ./Dave/Generated/TIMER/timer_conf.o
 .debug_aranges
                0x00000fa0      0x128 ./Dave/Generated/PWM_CCU8/pwm_ccu8.o
 .debug_aranges
                0x000010c8       0x18 ./Dave/Generated/PWM_CCU8/pwm_ccu8_conf.o
 .debug_aranges
                0x000010e0       0x50 ./Dave/Generated/INTERRUPT/interrupt.o
 .debug_aranges
                0x00001130       0x18 ./Dave/Generated/INTERRUPT/interrupt_conf.o
 .debug_aranges
                0x00001148       0x30 ./Dave/Generated/GLOBAL_CCU8/global_ccu8.o
 .debug_aranges
                0x00001178       0x18 ./Dave/Generated/GLOBAL_CCU8/global_ccu8_conf.o
 .debug_aranges
                0x00001190       0x30 ./Dave/Generated/GLOBAL_CCU4/global_ccu4.o
 .debug_aranges
                0x000011c0       0x18 ./Dave/Generated/GLOBAL_CCU4/global_ccu4_conf.o
 .debug_aranges
                0x000011d8       0xa0 ./Dave/Generated/E_EEPROM_XMC4/e_eeprom_xmc4.o
 .debug_aranges
                0x00001278       0x18 ./Dave/Generated/E_EEPROM_XMC4/e_eeprom_xmc4_conf.o
 .debug_aranges
                0x00001290       0x28 ./Dave/Generated/EVENT_GENERATOR/event_generator.o
 .debug_aranges
                0x000012b8       0x18 ./Dave/Generated/EVENT_GENERATOR/event_generator_conf.o
 .debug_aranges
                0x000012d0       0x28 ./Dave/Generated/EVENT_DETECTOR/event_detector.o
 .debug_aranges
                0x000012f8       0x18 ./Dave/Generated/EVENT_DETECTOR/event_detector_conf.o
 .debug_aranges
                0x00001310       0x28 ./Dave/Generated/ECAT_SSC/ecat_ssc.o
 .debug_aranges
                0x00001338       0x18 ./Dave/Generated/ECAT_SSC/ecat_ssc_conf.o
 .debug_aranges
                0x00001350       0x98 ./Dave/Generated/ECAT_SSC/xmc_eschw.o
 .debug_aranges
                0x000013e8       0x28 ./Dave/Generated/CPU_CTRL_XMC4/cpu_ctrl_xmc4_conf.o
 .debug_aranges
                0x00001410       0x38 ./Dave/Generated/CLOCK_XMC4/clock_xmc4.o
 .debug_aranges
                0x00001448       0x28 ./Dave/Generated/CLOCK_XMC4/clock_xmc4_conf.o
 .debug_aranges
                0x00001470       0x20 ./Dave/Generated/DAVE.o
 .debug_aranges
                0x00001490       0x38 ./firmwareupdate_SSC.o
 .debug_aranges
                0x000014c8       0x78 ./flashprog.o
 .debug_aranges
                0x00001540       0x70 ./main.o

.debug_pubnames
 *(.debug_pubnames)

.debug_pubtypes
 *(.debug_pubtypes)

.debug_info     0x00000000    0x225c0
 *(.debug_info .gnu.linkonce.wi.*)
 .debug_info    0x00000000       0x8e ./Startup/startup_XMC4800.o
 .debug_info    0x0000008e      0x942 ./Startup/system_XMC4800.o
 .debug_info    0x000009d0      0x8b3 ./SSC/Src/XMC_ESC.o
 .debug_info    0x00001283      0x17c ./SSC/Src/bootmode.o
 .debug_info    0x000013ff     0x1013 ./SSC/Src/coeappl.o
 .debug_info    0x00002412     0x17e9 ./SSC/Src/ecatappl.o
 .debug_info    0x00003bfb      0x51e ./SSC/Src/ecatcoe.o
 .debug_info    0x00004119      0x44a ./SSC/Src/ecatfoe.o
 .debug_info    0x00004563     0x1bd4 ./SSC/Src/ecatslv.o
 .debug_info    0x00006137      0x37d ./SSC/Src/foeappl.o
 .debug_info    0x000064b4     0x1474 ./SSC/Src/mailbox.o
 .debug_info    0x00007928      0xd25 ./SSC/Src/objdef.o
 .debug_info    0x0000864d      0xe31 ./SSC/Src/sdoserv.o
 .debug_info    0x0000947e      0x5af ./Libraries/XMCLib/src/xmc4_eru.o
 .debug_info    0x00009a2d      0x849 ./Libraries/XMCLib/src/xmc4_flash.o
 .debug_info    0x0000a276      0x422 ./Libraries/XMCLib/src/xmc4_gpio.o
 .debug_info    0x0000a698     0x23fa ./Libraries/XMCLib/src/xmc4_scu.o
 .debug_info    0x0000ca92     0x167b ./Libraries/XMCLib/src/xmc_ccu4.o
 .debug_info    0x0000e10d     0x1d9b ./Libraries/XMCLib/src/xmc_ccu8.o
 .debug_info    0x0000fea8     0x10bf ./Libraries/XMCLib/src/xmc_ecat.o
 .debug_info    0x00010f67      0xaaf ./Libraries/XMCLib/src/xmc_eru.o
 .debug_info    0x00011a16      0x7a4 ./Libraries/XMCLib/src/xmc_fce.o
 .debug_info    0x000121ba      0x39d ./Libraries/XMCLib/src/xmc_gpio.o
 .debug_info    0x00012557      0x11f ./Libraries/Newlib/syscalls.o
 .debug_info    0x00012676      0xd8b ./Dave/Generated/TIMER/timer.o
 .debug_info    0x00013401      0x833 ./Dave/Generated/TIMER/timer_conf.o
 .debug_info    0x00013c34     0x1ea3 ./Dave/Generated/PWM_CCU8/pwm_ccu8.o
 .debug_info    0x00015ad7     0x1500 ./Dave/Generated/PWM_CCU8/pwm_ccu8_conf.o
 .debug_info    0x00016fd7      0x917 ./Dave/Generated/INTERRUPT/interrupt.o
 .debug_info    0x000178ee      0x430 ./Dave/Generated/INTERRUPT/interrupt_conf.o
 .debug_info    0x00017d1e      0x395 ./Dave/Generated/GLOBAL_CCU8/global_ccu8.o
 .debug_info    0x000180b3      0x295 ./Dave/Generated/GLOBAL_CCU8/global_ccu8_conf.o
 .debug_info    0x00018348      0x386 ./Dave/Generated/GLOBAL_CCU4/global_ccu4.o
 .debug_info    0x000186ce      0x286 ./Dave/Generated/GLOBAL_CCU4/global_ccu4_conf.o
 .debug_info    0x00018954      0xa42 ./Dave/Generated/E_EEPROM_XMC4/e_eeprom_xmc4.o
 .debug_info    0x00019396       0xda ./Dave/Generated/E_EEPROM_XMC4/e_eeprom_xmc4_conf.o
 .debug_info    0x00019470      0x545 ./Dave/Generated/EVENT_GENERATOR/event_generator.o
 .debug_info    0x000199b5      0x4dc ./Dave/Generated/EVENT_GENERATOR/event_generator_conf.o
 .debug_info    0x00019e91      0x59a ./Dave/Generated/EVENT_DETECTOR/event_detector.o
 .debug_info    0x0001a42b      0x618 ./Dave/Generated/EVENT_DETECTOR/event_detector_conf.o
 .debug_info    0x0001aa43      0xbec ./Dave/Generated/ECAT_SSC/ecat_ssc.o
 .debug_info    0x0001b62f      0xb2d ./Dave/Generated/ECAT_SSC/ecat_ssc_conf.o
 .debug_info    0x0001c15c     0x1e04 ./Dave/Generated/ECAT_SSC/xmc_eschw.o
 .debug_info    0x0001df60      0x475 ./Dave/Generated/CPU_CTRL_XMC4/cpu_ctrl_xmc4_conf.o
 .debug_info    0x0001e3d5      0x224 ./Dave/Generated/CLOCK_XMC4/clock_xmc4.o
 .debug_info    0x0001e5f9      0x5a0 ./Dave/Generated/CLOCK_XMC4/clock_xmc4_conf.o
 .debug_info    0x0001eb99     0x228b ./Dave/Generated/DAVE.o
 .debug_info    0x00020e24      0x1d6 ./firmwareupdate_SSC.o
 .debug_info    0x00020ffa      0x696 ./flashprog.o
 .debug_info    0x00021690      0xf30 ./main.o

.debug_abbrev   0x00000000     0x52ef
 *(.debug_abbrev)
 .debug_abbrev  0x00000000       0x14 ./Startup/startup_XMC4800.o
 .debug_abbrev  0x00000014      0x1a1 ./Startup/system_XMC4800.o
 .debug_abbrev  0x000001b5      0x20b ./SSC/Src/XMC_ESC.o
 .debug_abbrev  0x000003c0       0x9f ./SSC/Src/bootmode.o
 .debug_abbrev  0x0000045f      0x1e4 ./SSC/Src/coeappl.o