Archive member included because of file (symbol)

C:\Workspaces\SOES-SAMPLE\soes\Debug\libsoes.a(esc.o)
                              ./xmc4800_slave.o (ESC_ALerror)
C:\Workspaces\SOES-SAMPLE\soes\Debug\libsoes.a(esc_coe.o)
                              C:\Workspaces\SOES-SAMPLE\soes\Debug\libsoes.a(esc.o) (COE_getSyncMgrPara)
C:\Workspaces\SOES-SAMPLE\soes\Debug\libsoes.a(esc_eep.o)
                              ./esc_hw.o (EEP_process)
C:\Workspaces\SOES-SAMPLE\soes\Debug\libsoes.a(esc_foe.o)
                              ./xmc4800_slave.o (FOE_init)
c:/davev4-64bit/dave-4.3.2/eclipse/arm-gcc-49/bin/../lib/gcc/arm-none-eabi/4.9.3/../../../../arm-none-eabi/lib/armv7e-m/softfp\libg.a(lib_a-errno.o)
                              ./Libraries/Newlib/syscalls.o (__errno)
c:/davev4-64bit/dave-4.3.2/eclipse/arm-gcc-49/bin/../lib/gcc/arm-none-eabi/4.9.3/../../../../arm-none-eabi/lib/armv7e-m/softfp\libg.a(lib_a-impure.o)
                              c:/davev4-64bit/dave-4.3.2/eclipse/arm-gcc-49/bin/../lib/gcc/arm-none-eabi/4.9.3/../../../../arm-none-eabi/lib/armv7e-m/softfp\libg.a(lib_a-errno.o) (_impure_ptr)
c:/davev4-64bit/dave-4.3.2/eclipse/arm-gcc-49/bin/../lib/gcc/arm-none-eabi/4.9.3/../../../../arm-none-eabi/lib/armv7e-m/softfp\libg.a(lib_a-init.o)
                              ./Startup/startup_XMC4800.o (__libc_init_array)
c:/davev4-64bit/dave-4.3.2/eclipse/arm-gcc-49/bin/../lib/gcc/arm-none-eabi/4.9.3/../../../../arm-none-eabi/lib/armv7e-m/softfp\libg.a(lib_a-memcpy.o)
                              ./Libraries/XMCLib/src/xmc_eth_mac.o (memcpy)
c:/davev4-64bit/dave-4.3.2/eclipse/arm-gcc-49/bin/../lib/gcc/arm-none-eabi/4.9.3/../../../../arm-none-eabi/lib/armv7e-m/softfp\libg.a(lib_a-memset.o)
                              ./Libraries/XMCLib/src/xmc_usbd.o (memset)
c:/davev4-64bit/dave-4.3.2/eclipse/arm-gcc-49/bin/../lib/gcc/arm-none-eabi/4.9.3/../../../../arm-none-eabi/lib/armv7e-m/softfp\libg.a(lib_a-strncmp.o)
                              C:\Workspaces\SOES-SAMPLE\soes\Debug\libsoes.a(esc_foe.o) (strncmp)

Allocating common symbols
Common symbol       size              file

ESCvar              0xd4              ./xmc4800_slave.o
Mb                  0x0               ./xmc4800_slave.o
MBX                 0x180             ./xmc4800_slave.o
dma0_event_handlers
                    0x20              ./Libraries/XMCLib/src/xmc_dma.o
pipe                0x1c0             ./Libraries/XMCLib/src/xmc_usbh.o
dma1_event_handlers
                    0x10              ./Libraries/XMCLib/src/xmc_dma.o
event_handler_list  0x80              ./Libraries/XMCLib/src/xmc4_scu.o
Cb                  0x0               ./xmc4800_slave.o
is_nack             0xe               ./Libraries/XMCLib/src/xmc_usbh.o
usbd_init           0x4               ./Libraries/XMCLib/src/xmc_usbd.o
foe_file_name       0x10              C:\Workspaces\SOES-SAMPLE\soes\Debug\libsoes.a(esc_foe.o)
Wb                  0x3               ./xmc4800_slave.o
MBXcontrol          0x3               ./xmc4800_slave.o
Rb                  0x2               ./xmc4800_slave.o
xmc_device          0x208             ./Libraries/XMCLib/src/xmc_usbd.o

Discarded input sections

 .text          0x00000000        0x0 ./Startup/startup_XMC4800.o
 .data          0x00000000        0x0 ./Startup/startup_XMC4800.o
 .bss           0x00000000        0x0 ./Startup/startup_XMC4800.o
 .text          0x00000000        0x0 ./Startup/system_XMC4800.o
 .data          0x00000000        0x0 ./Startup/system_XMC4800.o
 .bss           0x00000000        0x0 ./Startup/system_XMC4800.o
 .comment       0x00000000       0x71 ./Startup/system_XMC4800.o
 .text          0x00000000        0x0 ./Libraries/XMCLib/src/xmc4_eru.o
 .data          0x00000000        0x0 ./Libraries/XMCLib/src/xmc4_eru.o
 .bss           0x00000000        0x0 ./Libraries/XMCLib/src/xmc4_eru.o
 .text.XMC_ERU_Enable
                0x00000000       0x2c ./Libraries/XMCLib/src/xmc4_eru.o
 .text.XMC_ERU_Disable
                0x00000000       0x2c ./Libraries/XMCLib/src/xmc4_eru.o
 .debug_info    0x00000000      0x5af ./Libraries/XMCLib/src/xmc4_eru.o
 .debug_abbrev  0x00000000      0x13b ./Libraries/XMCLib/src/xmc4_eru.o
 .debug_loc     0x00000000       0xa0 ./Libraries/XMCLib/src/xmc4_eru.o
 .debug_aranges
                0x00000000       0x28 ./Libraries/XMCLib/src/xmc4_eru.o
 .debug_ranges  0x00000000       0x18 ./Libraries/XMCLib/src/xmc4_eru.o
 .debug_line    0x00000000      0x232 ./Libraries/XMCLib/src/xmc4_eru.o
 .debug_str     0x00000000      0x960 ./Libraries/XMCLib/src/xmc4_eru.o
 .comment       0x00000000       0x71 ./Libraries/XMCLib/src/xmc4_eru.o
 .debug_frame   0x00000000       0x60 ./Libraries/XMCLib/src/xmc4_eru.o
 .ARM.attributes
                0x00000000       0x37 ./Libraries/XMCLib/src/xmc4_eru.o
 .text          0x00000000        0x0 ./Libraries/XMCLib/src/xmc4_flash.o
 .data          0x00000000        0x0 ./Libraries/XMCLib/src/xmc4_flash.o
[...]
Memory Configuration

Name             Origin             Length             Attributes
FLASH_1_cached   0x08000000         0x00200000         xr
FLASH_1_uncached 0x0c000000         0x00200000         xr
PSRAM_1          0x1ffe8000         0x00018000         !xr
DSRAM_1_system   0x20000000         0x00020000         !xr
DSRAM_2_comm     0x20020000         0x00020000         !xr
SRAM_combined    0x1ffe8000         0x00058000         !xr
*default*        0x00000000         0xffffffff

Linker script and memory map

LOAD ./Startup/startup_XMC4800.o
LOAD ./Startup/system_XMC4800.o
LOAD ./Libraries/XMCLib/src/xmc4_eru.o
LOAD ./Libraries/XMCLib/src/xmc4_flash.o
LOAD ./Libraries/XMCLib/src/xmc4_gpio.o
LOAD ./Libraries/XMCLib/src/xmc4_rtc.o
LOAD ./Libraries/XMCLib/src/xmc4_scu.o
LOAD ./Libraries/XMCLib/src/xmc_can.o
LOAD ./Libraries/XMCLib/src/xmc_ccu4.o
LOAD ./Libraries/XMCLib/src/xmc_ccu8.o
LOAD ./Libraries/XMCLib/src/xmc_common.o
LOAD ./Libraries/XMCLib/src/xmc_dac.o
LOAD ./Libraries/XMCLib/src/xmc_dma.o
LOAD ./Libraries/XMCLib/src/xmc_dsd.o
LOAD ./Libraries/XMCLib/src/xmc_ebu.o
LOAD ./Libraries/XMCLib/src/xmc_ecat.o
LOAD ./Libraries/XMCLib/src/xmc_eru.o
LOAD ./Libraries/XMCLib/src/xmc_eth_mac.o
LOAD ./Libraries/XMCLib/src/xmc_fce.o
LOAD ./Libraries/XMCLib/src/xmc_gpio.o
LOAD ./Libraries/XMCLib/src/xmc_hrpwm.o
LOAD ./Libraries/XMCLib/src/xmc_i2c.o
LOAD ./Libraries/XMCLib/src/xmc_i2s.o
LOAD ./Libraries/XMCLib/src/xmc_ledts.o
LOAD ./Libraries/XMCLib/src/xmc_posif.o
LOAD ./Libraries/XMCLib/src/xmc_rtc.o
LOAD ./Libraries/XMCLib/src/xmc_sdmmc.o
LOAD ./Libraries/XMCLib/src/xmc_spi.o
LOAD ./Libraries/XMCLib/src/xmc_uart.o
LOAD ./Libraries/XMCLib/src/xmc_usbd.o
LOAD ./Libraries/XMCLib/src/xmc_usbh.o
LOAD ./Libraries/XMCLib/src/xmc_usic.o
LOAD ./Libraries/XMCLib/src/xmc_vadc.o
LOAD ./Libraries/XMCLib/src/xmc_wdt.o
LOAD ./Libraries/Newlib/syscalls.o
LOAD ./esc_hw.o
LOAD ./esc_hw_eep.o
LOAD ./main.o
LOAD ./xmc4800_slave.o
LOAD ./xmc4800_slave_objectlist.o
LOAD ./xmc4800_slave_objectlist_v1.o
LOAD ./xmc4800_slave_v1.o
LOAD sii_eeprom.o
LOAD c:/davev4-64bit/dave-4.3.2/eclipse/arm-gcc-49/bin/../lib/gcc/arm-none-eabi/4.9.3/../../../../arm-none-eabi/lib/armv7e-m/softfp\libm.a
LOAD C:\Workspaces\SOES-SAMPLE\soes\Debug\libsoes.a
START GROUP
LOAD c:/davev4-64bit/dave-4.3.2/eclipse/arm-gcc-49/bin/../lib/gcc/arm-none-eabi/4.9.3/armv7e-m/softfp\libgcc.a
LOAD c:/davev4-64bit/dave-4.3.2/eclipse/arm-gcc-49/bin/../lib/gcc/arm-none-eabi/4.9.3/../../../../arm-none-eabi/lib/armv7e-m/softfp\libg.a
LOAD c:/davev4-64bit/dave-4.3.2/eclipse/arm-gcc-49/bin/../lib/gcc/arm-none-eabi/4.9.3/../../../../arm-none-eabi/lib/armv7e-m/softfp\libc.a
END GROUP
START GROUP
LOAD c:/davev4-64bit/dave-4.3.2/eclipse/arm-gcc-49/bin/../lib/gcc/arm-none-eabi/4.9.3/armv7e-m/softfp\libgcc.a
LOAD c:/davev4-64bit/dave-4.3.2/eclipse/arm-gcc-49/bin/../lib/gcc/arm-none-eabi/4.9.3/../../../../arm-none-eabi/lib/armv7e-m/softfp\libc.a
LOAD c:/davev4-64bit/dave-4.3.2/eclipse/arm-gcc-49/bin/../lib/gcc/arm-none-eabi/4.9.3/../../../../arm-none-eabi/lib/armv7e-m/softfp\libnosys.a
END GROUP
                0x00000800                stack_size = DEFINED (stack_size)?stack_size:0x800
                0x00000040                no_init_size = 0x40

.text           0x08000000     0x560c load address 0x0c000000
                0x08000000                sText = .
 *(.reset)
 .reset         0x08000000      0x29c ./Startup/startup_XMC4800.o
                0x08000000                __Vectors
                0x08000200                Reset_Handler
                0x08000298                DSD0_7_IRQHandler
                0x08000298                DebugMon_Handler
                0x08000298                VADC0_C0_0_IRQHandler
                0x08000298                CAN0_4_IRQHandler
                0x08000298                VADC0_G2_0_IRQHandler
                0x08000298                USIC0_5_IRQHandler
                0x08000298                POSIF0_0_IRQHandler
                0x08000298                POSIF1_0_IRQHandler
                0x08000298                HardFault_Handler
                0x08000298                VADC0_G1_1_IRQHandler
                0x08000298                SysTick_Handler
                0x08000298                PendSV_Handler
                0x08000298                NMI_Handler
                0x08000298                USIC1_3_IRQHandler
                0x08000298                CCU40_2_IRQHandler
                0x08000298                SCU_0_IRQHandler
                0x08000298                ERU0_0_IRQHandler
                0x08000298                CCU41_0_IRQHandler
                0x08000298                USIC1_5_IRQHandler
                0x08000298                DSD0_4_IRQHandler
                0x08000298                CCU80_1_IRQHandler
                0x08000298                CCU81_0_IRQHandler
                0x08000298                UsageFault_Handler
                0x08000298                USIC0_0_IRQHandler
                0x08000298                POSIF1_1_IRQHandler
                0x08000298                ERU0_2_IRQHandler
                0x08000298                CCU81_1_IRQHandler
                0x08000298                ERU1_1_IRQHandler
                0x08000298                VADC0_G2_3_IRQHandler
                0x08000298                VADC0_G2_2_IRQHandler
                0x08000298                CCU42_3_IRQHandler
                0x08000298                ERU0_3_IRQHandler
                0x08000298                DSD0_5_IRQHandler
                0x08000298                VADC0_C0_3_IRQHandler
                0x08000298                CAN0_6_IRQHandler
                0x08000298                CCU43_0_IRQHandler
                0x08000298                VADC0_G0_1_IRQHandler
                0x08000298                CCU81_2_IRQHandler
                0x08000298                USIC2_4_IRQHandler
                0x08000298                CCU81_3_IRQHandler
                0x08000298                CCU42_1_IRQHandler
                0x08000298                USIC1_1_IRQHandler
                0x08000298                USIC2_5_IRQHandler
                0x08000298                CCU40_0_IRQHandler
                0x08000298                CAN0_0_IRQHandler
                0x08000298                ERU1_0_IRQHandler
                0x08000298                CCU42_2_IRQHandler
                0x08000298                Default_Handler
                0x08000298                USIC1_4_IRQHandler
                0x08000298                ERU1_3_IRQHandler
                0x08000298                USIC1_0_IRQHandler
                0x08000298                POSIF0_1_IRQHandler
                0x08000298                VADC0_G0_0_IRQHandler
                0x08000298                DSD0_2_IRQHandler
                0x08000298                CCU80_3_IRQHandler
                0x08000298                CCU41_3_IRQHandler
                0x08000298                CCU80_2_IRQHandler
                0x08000298                VADC0_G1_3_IRQHandler
                0x08000298                VADC0_G0_3_IRQHandler
                0x08000298                GPDMA0_0_IRQHandler
                0x08000298                PMU0_0_IRQHandler
                0x08000298                CAN0_7_IRQHandler
                0x08000298                DSD0_1_IRQHandler
                0x08000298                CCU41_2_IRQHandler
                0x08000298                VADC0_C0_1_IRQHandler
                0x08000298                CCU43_2_IRQHandler
                0x08000298                USIC2_2_IRQHandler
                0x08000298                MemManage_Handler
                0x08000298                VADC0_G3_1_IRQHandler
                0x08000298                DAC0_0_IRQHandler
                0x08000298                SVC_Handler
                0x08000298                VADC0_G3_3_IRQHandler
                0x08000298                ERU1_2_IRQHandler
                0x08000298                CCU41_1_IRQHandler
                0x08000298                DSD0_6_IRQHandler
                0x08000298                CCU43_1_IRQHandler
                0x08000298                VADC0_G1_2_IRQHandler
                0x08000298                USIC2_3_IRQHandler
                0x08000298                CAN0_2_IRQHandler
                0x08000298                USIC2_0_IRQHandler
                0x08000298                VADC0_G0_2_IRQHandler
                0x08000298                ECAT0_0_IRQHandler
                0x08000298                VADC0_G2_1_IRQHandler
                0x08000298                CAN0_3_IRQHandler
                0x08000298                ETH0_0_IRQHandler
                0x08000298                USIC0_3_IRQHandler
                0x08000298                DSD0_0_IRQHandler
                0x08000298                VADC0_C0_2_IRQHandler
                0x08000298                CCU42_0_IRQHandler
                0x08000298                FCE0_0_IRQHandler
                0x08000298                VADC0_G1_0_IRQHandler
                0x08000298                USB0_0_IRQHandler
                0x08000298                CAN0_5_IRQHandler
                0x08000298                CCU80_0_IRQHandler
                0x08000298                CCU40_1_IRQHandler
                0x08000298                USIC2_1_IRQHandler
                0x08000298                USIC0_1_IRQHandler
                0x08000298                VADC0_G3_2_IRQHandler
                0x08000298                CCU40_3_IRQHandler
                0x08000298                BusFault_Handler
                0x08000298                LEDTS0_0_IRQHandler
                0x08000298                USIC0_4_IRQHandler
                0x08000298                CCU43_3_IRQHandler
                0x08000298                ERU0_1_IRQHandler
                0x08000298                VADC0_G3_0_IRQHandler
                0x08000298                USIC1_2_IRQHandler
                0x08000298                DSD0_3_IRQHandler
                0x08000298                SDMMC0_0_IRQHandler
                0x08000298                CAN0_1_IRQHandler
                0x08000298                USIC0_2_IRQHandler
                0x08000298                DAC0_1_IRQHandler
                0x08000298                GPDMA1_0_IRQHandler
 *(.text .text.* .gnu.linkonce.t.*)
 .text.delay    0x0800029c       0x28 ./Startup/system_XMC4800.o
 .text.SystemInit
                0x080002c4       0x20 ./Startup/system_XMC4800.o
                0x080002c4                SystemInit
 .text.SystemCoreSetup
                0x080002e4       0x70 ./Startup/system_XMC4800.o
                0x080002e4                SystemCoreSetup
 .text.SystemCoreClockSetup
                0x08000354      0x2e0 ./Startup/system_XMC4800.o
                0x08000354                SystemCoreClockSetup
 .text.SystemCoreClockUpdate
                0x08000634       0xd4 ./Startup/system_XMC4800.o
                0x08000634                SystemCoreClockUpdate
 .text.OSCHP_GetFrequency
                0x08000708       0x14 ./Startup/system_XMC4800.o
                0x08000708                OSCHP_GetFrequency
 .text.XMC_FLASH_lEnterPageModeCommand
                0x0800071c       0x20 ./Libraries/XMCLib/src/xmc4_flash.o
                0x0800071c                XMC_FLASH_lEnterPageModeCommand
 .text.XMC_FLASH_lLoadPageCommand
                0x0800073c       0x30 ./Libraries/XMCLib/src/xmc4_flash.o
                0x0800073c                XMC_FLASH_lLoadPageCommand
 .text.XMC_FLASH_lWritePageCommand
                0x0800076c       0x44 ./Libraries/XMCLib/src/xmc4_flash.o
                0x0800076c                XMC_FLASH_lWritePageCommand
 .text.XMC_FLASH_lEraseSectorCommand
                0x080007b0       0x58 ./Libraries/XMCLib/src/xmc4_flash.o
                0x080007b0                XMC_FLASH_lEraseSectorCommand
 .text.XMC_FLASH_lClearStatusCommand
                0x08000808       0x20 ./Libraries/XMCLib/src/xmc4_flash.o
                0x08000808                XMC_FLASH_lClearStatusCommand
 .text.XMC_FLASH_ProgramPage
                0x08000828       0x68 ./Libraries/XMCLib/src/xmc4_flash.o
                0x08000828                XMC_FLASH_ProgramPage
 .text.XMC_FLASH_EraseSector
                0x08000890       0x30 ./Libraries/XMCLib/src/xmc4_flash.o
                0x08000890                XMC_FLASH_EraseSector
 .text.XMC_GPIO_Init
                0x080008c0      0x140 ./Libraries/XMCLib/src/xmc4_gpio.o
                0x080008c0                XMC_GPIO_Init
 .text.XMC_SCU_RESET_AssertPeripheralReset
                0x08000a00       0x38 ./Libraries/XMCLib/src/xmc4_scu.o
                0x08000a00                XMC_SCU_RESET_AssertPeripheralReset
 .text.XMC_SCU_RESET_DeassertPeripheralReset
                0x08000a38       0x38 ./Libraries/XMCLib/src/xmc4_scu.o
                0x08000a38                XMC_SCU_RESET_DeassertPeripheralReset
 .text.XMC_SCU_RESET_IsPeripheralResetAsserted
                0x08000a70       0x48 ./Libraries/XMCLib/src/xmc4_scu.o
                0x08000a70                XMC_SCU_RESET_IsPeripheralResetAsserted
 .text.XMC_SCU_CLOCK_GatePeripheralClock
                0x08000ab8       0x38 ./Libraries/XMCLib/src/xmc4_scu.o
                0x08000ab8                XMC_SCU_CLOCK_GatePeripheralClock
 .text.XMC_SCU_CLOCK_UngatePeripheralClock
                0x08000af0       0x38 ./Libraries/XMCLib/src/xmc4_scu.o
                0x08000af0                XMC_SCU_CLOCK_UngatePeripheralClock
 .text.XMC_ECAT_Enable
                0x08000b28       0x24 ./Libraries/XMCLib/src/xmc_ecat.o
                0x08000b28                XMC_ECAT_Enable
 .text.XMC_ECAT_Disable
                0x08000b4c       0x2c ./Libraries/XMCLib/src/xmc_ecat.o
                0x08000b4c                XMC_ECAT_Disable
 .text.XMC_ECAT_Init
                0x08000b78       0x78 ./Libraries/XMCLib/src/xmc_ecat.o
                0x08000b78                XMC_ECAT_Init
 .text.XMC_FCE_Init
                0x08000bf0       0x2c ./Libraries/XMCLib/src/xmc_fce.o
                0x08000bf0                XMC_FCE_Init
 .text.XMC_FCE_Enable
                0x08000c1c       0x28 ./Libraries/XMCLib/src/xmc_fce.o
                0x08000c1c                XMC_FCE_Enable
 .text.XMC_FCE_CalculateCRC32
                0x08000c44       0x64 ./Libraries/XMCLib/src/xmc_fce.o
                0x08000c44                XMC_FCE_CalculateCRC32
 .text.XMC_GPIO_SetHardwareControl
                0x08000ca8       0x44 ./Libraries/XMCLib/src/xmc_gpio.o
                0x08000ca8                XMC_GPIO_SetHardwareControl
 .text._init    0x08000cec        0xc ./Libraries/Newlib/syscalls.o
                0x08000cec                _init
 .text.XMC_ECAT_SetPortControl
                0x08000cf8       0x2c ./esc_hw.o
 .text.init_input
                0x08000d24       0x24 ./esc_hw.o
 .text.init_output
                0x08000d48       0x40 ./esc_hw.o
 .text.ESC_read
                0x08000d88       0x48 ./esc_hw.o
                0x08000d88                ESC_read
 .text.ESC_write
                0x08000dd0       0x48 ./esc_hw.o
                0x08000dd0                ESC_write
 .text.ESC_eep_handler
                0x08000e18       0x10 ./esc_hw.o
                0x08000e18                ESC_eep_handler
 .text.ESC_reset
                0x08000e28       0x10 ./esc_hw.o
                0x08000e28                ESC_reset
 .text.ESC_init
                0x08000e38      0x1d8 ./esc_hw.o
                0x08000e38                ESC_init
 .text.XMC_GPIO_SetOutputHigh
                0x08001010       0x20 ./esc_hw_eep.o
 .text.XMC_GPIO_SetOutputLow
                0x08001030       0x24 ./esc_hw_eep.o
 .text.XMC_GPIO_GetInput
                0x08001054       0x28 ./esc_hw_eep.o
 .text.XMC_FCE_InitializeSeedValue
                0x0800107c       0x1c ./esc_hw_eep.o
 .text.XMC_FCE_GetCRCResult
                0x08001098       0x20 ./esc_hw_eep.o
 .text.EEP_init
                0x080010b8       0xdc ./esc_hw_eep.o
                0x080010b8                EEP_init
 .text.EEP_hw_process
                0x08001194      0x134 ./esc_hw_eep.o
                0x08001194                EEP_hw_process
 .text.EEP_read
                0x080012c8       0x3c ./esc_hw_eep.o
                0x080012c8                EEP_read
 .text.EEP_write
                0x08001304       0x64 ./esc_hw_eep.o
                0x08001304                EEP_write
 .text.init_flash_data
                0x08001368       0x9c ./esc_hw_eep.o
 .text.find_latest_block
                0x08001404       0x68 ./esc_hw_eep.o
 .text.get_next_block
                0x0800146c       0x34 ./esc_hw_eep.o
 .text.cleanup_unused_sect
                0x080014a0       0x48 ./esc_hw_eep.o
 .text.is_sector_empty
                0x080014e8       0x3c ./esc_hw_eep.o
 .text.crc32    0x08001524       0x40 ./esc_hw_eep.o
 .text.XMC_GPIO_SetOutputHigh
                0x08001564       0x20 ./main.o
 .text.XMC_GPIO_SetOutputLow
                0x08001584       0x24 ./main.o
 .text.XMC_GPIO_GetInput
                0x080015a8       0x28 ./main.o
 .text.cb_get_Buttons
                0x080015d0       0x30 ./main.o
                0x080015d0                cb_get_Buttons
 .text.cb_set_LEDs
                0x08001600       0x64 ./main.o
                0x08001600                cb_set_LEDs
 .text.main     0x08001664       0x6c ./main.o
                0x08001664                main
 .text.ESC_pre_objecthandler
                0x080016d0       0x3c ./xmc4800_slave.o
                0x080016d0                ESC_pre_objecthandler
 .text.ESC_objecthandler
                0x0800170c       0x34 ./xmc4800_slave.o
                0x0800170c                ESC_objecthandler
 .text.APP_safeoutput
                0x08001740       0x30 ./xmc4800_slave.o
                0x08001740                APP_safeoutput
 .text.TXPDO_update
                0x08001770       0x34 ./xmc4800_slave.o
                0x08001770                TXPDO_update
 .text.RXPDO_update
                0x080017a4       0x34 ./xmc4800_slave.o
                0x080017a4                RXPDO_update
 .text.DIG_process
                0x080017d8      0x224 ./xmc4800_slave.o
                0x080017d8                DIG_process
 .text.ecat_slv_poll
                0x080019fc       0x5c ./xmc4800_slave.o
                0x080019fc                ecat_slv_poll
 .text.ecat_slv
                0x08001a58       0x10 ./xmc4800_slave.o
                0x08001a58                ecat_slv
 .text.ecat_slv_init
                0x08001a68       0xb8 ./xmc4800_slave.o
                0x08001a68                ecat_slv_init
 .text.ESC_ALerror
                0x08001b20       0x30 C:\Workspaces\SOES-SAMPLE\soes\Debug\libsoes.a(esc.o)
                0x08001b20                ESC_ALerror
 .text.ESC_ALstatus
                0x08001b50       0x34 C:\Workspaces\SOES-SAMPLE\soes\Debug\libsoes.a(esc.o)
                0x08001b50                ESC_ALstatus
 .text.ESC_SMack
                0x08001b84       0x2c C:\Workspaces\SOES-SAMPLE\soes\Debug\libsoes.a(esc.o)
                0x08001b84                ESC_SMack
 .text.ESC_SMstatus
                0x08001bb0       0x50 C:\Workspaces\SOES-SAMPLE\soes\Debug\libsoes.a(esc.o)
                0x08001bb0                ESC_SMstatus
 .text.ESC_SMwritepdi
                0x08001c00       0x3c C:\Workspaces\SOES-SAMPLE\soes\Debug\libsoes.a(esc.o)
                0x08001c00                ESC_SMwritepdi
 .text.ESC_SMenable
                0x08001c3c       0x38 C:\Workspaces\SOES-SAMPLE\soes\Debug\libsoes.a(esc.o)
                0x08001c3c                ESC_SMenable
 .text.ESC_SMdisable
                0x08001c74       0x38 C:\Workspaces\SOES-SAMPLE\soes\Debug\libsoes.a(esc.o)
                0x08001c74                ESC_SMdisable
 .text.ESC_address
                0x08001cac       0x28 C:\Workspaces\SOES-SAMPLE\soes\Debug\libsoes.a(esc.o)
                0x08001cac                ESC_address
 .text.ESC_SYNCactivation
                0x08001cd4       0x20 C:\Workspaces\SOES-SAMPLE\soes\Debug\libsoes.a(esc.o)
                0x08001cd4                ESC_SYNCactivation
 .text.ESC_SYNC0cycletime
                0x08001cf4       0x24 C:\Workspaces\SOES-SAMPLE\soes\Debug\libsoes.a(esc.o)
                0x08001cf4                ESC_SYNC0cycletime
 .text.ESC_checkDC
                0x08001d18      0x10c C:\Workspaces\SOES-SAMPLE\soes\Debug\libsoes.a(esc.o)
                0x08001d18                ESC_checkDC
 .text.ESC_checkmbx
                0x08001e24       0xf8 C:\Workspaces\SOES-SAMPLE\soes\Debug\libsoes.a(esc.o)
                0x08001e24                ESC_checkmbx
 .text.ESC_startmbx
                0x08001f1c       0x9c C:\Workspaces\SOES-SAMPLE\soes\Debug\libsoes.a(esc.o)
                0x08001f1c                ESC_startmbx
 .text.ESC_startmbxboot
                0x08001fb8       0x9c C:\Workspaces\SOES-SAMPLE\soes\Debug\libsoes.a(esc.o)
                0x08001fb8                ESC_startmbxboot
 .text.ESC_stopmbx
                0x08002054       0xa8 C:\Workspaces\SOES-SAMPLE\soes\Debug\libsoes.a(esc.o)
                0x08002054                ESC_stopmbx
 .text.ESC_readmbx
                0x080020fc       0x9c C:\Workspaces\SOES-SAMPLE\soes\Debug\libsoes.a(esc.o)
                0x080020fc                ESC_readmbx
 .text.ESC_writembx
                0x08002198       0x9c C:\Workspaces\SOES-SAMPLE\soes\Debug\libsoes.a(esc.o)
                0x08002198                ESC_writembx
 .text.ESC_ackmbxread
                0x08002234       0x30 C:\Workspaces\SOES-SAMPLE\soes\Debug\libsoes.a(esc.o)
                0x08002234                ESC_ackmbxread
 .text.ESC_claimbuffer
                0x08002264       0xdc C:\Workspaces\SOES-SAMPLE\soes\Debug\libsoes.a(esc.o)
                0x08002264                ESC_claimbuffer
 .text.ESC_outreqbuffer
                0x08002340       0x40 C:\Workspaces\SOES-SAMPLE\soes\Debug\libsoes.a(esc.o)
                0x08002340                ESC_outreqbuffer
 .text.MBX_error
                0x08002380       0x70 C:\Workspaces\SOES-SAMPLE\soes\Debug\libsoes.a(esc.o)
                0x08002380                MBX_error
 .text.ESC_mbxprocess
                0x080023f0      0x278 C:\Workspaces\SOES-SAMPLE\soes\Debug\libsoes.a(esc.o)
                0x080023f0                ESC_mbxprocess
 .text.ESC_xoeprocess
                0x08002668       0x68 C:\Workspaces\SOES-SAMPLE\soes\Debug\libsoes.a(esc.o)
                0x08002668                ESC_xoeprocess
 .text.ESC_checkSM23
                0x080026d0       0xdc C:\Workspaces\SOES-SAMPLE\soes\Debug\libsoes.a(esc.o)
                0x080026d0                ESC_checkSM23
 .text.ESC_startinput
                0x080027ac       0xdc C:\Workspaces\SOES-SAMPLE\soes\Debug\libsoes.a(esc.o)
                0x080027ac                ESC_startinput
 .text.ESC_stopinput
                0x08002888       0x44 C:\Workspaces\SOES-SAMPLE\soes\Debug\libsoes.a(esc.o)
                0x08002888                ESC_stopinput
 .text.ESC_startoutput
                0x080028cc       0x38 C:\Workspaces\SOES-SAMPLE\soes\Debug\libsoes.a(esc.o)
                0x080028cc                ESC_startoutput
 .text.ESC_stopoutput
                0x08002904       0x30 C:\Workspaces\SOES-SAMPLE\soes\Debug\libsoes.a(esc.o)
                0x08002904                ESC_stopoutput
 .text.ESC_sm_act_event
                0x08002934      0x168 C:\Workspaces\SOES-SAMPLE\soes\Debug\libsoes.a(esc.o)
                0x08002934                ESC_sm_act_event
 .text.ESC_state
                0x08002a9c      0x438 C:\Workspaces\SOES-SAMPLE\soes\Debug\libsoes.a(esc.o)
                0x08002a9c                ESC_state
 .text.ESC_config
                0x08002ed4       0xf4 C:\Workspaces\SOES-SAMPLE\soes\Debug\libsoes.a(esc.o)
                0x08002ed4                ESC_config
 .text.SDO_findsubindex
                0x08002fc8       0xac C:\Workspaces\SOES-SAMPLE\soes\Debug\libsoes.a(esc_coe.o)
                0x08002fc8                SDO_findsubindex
 .text.SDO_findobject
                0x08003074       0x60 C:\Workspaces\SOES-SAMPLE\soes\Debug\libsoes.a(esc_coe.o)
                0x08003074                SDO_findobject
 .text.COE_getSyncMgrPara
                0x080030d4      0x1b0 C:\Workspaces\SOES-SAMPLE\soes\Debug\libsoes.a(esc_coe.o)
                0x080030d4                COE_getSyncMgrPara
 .text.COE_initDefaultSyncMgrPara
                0x08003284      0x15c C:\Workspaces\SOES-SAMPLE\soes\Debug\libsoes.a(esc_coe.o)
                0x08003284                COE_initDefaultSyncMgrPara
 .text.sizeOfPDO
                0x080033e0      0x14c C:\Workspaces\SOES-SAMPLE\soes\Debug\libsoes.a(esc_coe.o)
                0x080033e0                sizeOfPDO
 .text.copy2mbx
                0x0800352c       0x20 C:\Workspaces\SOES-SAMPLE\soes\Debug\libsoes.a(esc_coe.o)
                0x0800352c                copy2mbx
 .text.SDO_abort
                0x0800354c       0x8c C:\Workspaces\SOES-SAMPLE\soes\Debug\libsoes.a(esc_coe.o)
                0x0800354c                SDO_abort
 .text.SDO_upload
                0x080035d8      0x264 C:\Workspaces\SOES-SAMPLE\soes\Debug\libsoes.a(esc_coe.o)
                0x080035d8                SDO_upload
 .text.SDO_uploadsegment
                0x0800383c      0x164 C:\Workspaces\SOES-SAMPLE\soes\Debug\libsoes.a(esc_coe.o)
                0x0800383c                SDO_uploadsegment
 .text.SDO_download
                0x080039a0      0x260 C:\Workspaces\SOES-SAMPLE\soes\Debug\libsoes.a(esc_coe.o)
                0x080039a0                SDO_download
 .text.SDO_infoerror
                0x08003c00       0xa8 C:\Workspaces\SOES-SAMPLE\soes\Debug\libsoes.a(esc_coe.o)
                0x08003c00                SDO_infoerror
 .text.SDO_getodlist
                0x08003ca8      0x25c C:\Workspaces\SOES-SAMPLE\soes\Debug\libsoes.a(esc_coe.o)
                0x08003ca8                SDO_getodlist
 .text.SDO_getodlistcont
                0x08003f04      0x168 C:\Workspaces\SOES-SAMPLE\soes\Debug\libsoes.a(esc_coe.o)
                0x08003f04                SDO_getodlistcont
 .text.SDO_getod
                0x0800406c      0x1bc C:\Workspaces\SOES-SAMPLE\soes\Debug\libsoes.a(esc_coe.o)
                0x0800406c                SDO_getod
 .text.SDO_geted
                0x08004228      0x1c4 C:\Workspaces\SOES-SAMPLE\soes\Debug\libsoes.a(esc_coe.o)
                0x08004228                SDO_geted
 .text.ESC_coeprocess
                0x080043ec      0x188 C:\Workspaces\SOES-SAMPLE\soes\Debug\libsoes.a(esc_coe.o)
                0x080043ec                ESC_coeprocess
 .text.EEP_process
                0x08004574      0x110 C:\Workspaces\SOES-SAMPLE\soes\Debug\libsoes.a(esc_eep.o)
                0x08004574                EEP_process
 .text.FOE_fopen
                0x08004684      0x150 C:\Workspaces\SOES-SAMPLE\soes\Debug\libsoes.a(esc_foe.o)
                0x08004684                FOE_fopen
 .text.FOE_fwrite
                0x080047d4       0xec C:\Workspaces\SOES-SAMPLE\soes\Debug\libsoes.a(esc_foe.o)
                0x080047d4                FOE_fwrite
 .text.FOE_fclose
                0x080048c0       0xa4 C:\Workspaces\SOES-SAMPLE\soes\Debug\libsoes.a(esc_foe.o)
                0x080048c0                FOE_fclose
 .text.FOE_init
                0x08004964       0x58 C:\Workspaces\SOES-SAMPLE\soes\Debug\libsoes.a(esc_foe.o)
                0x08004964                FOE_init
 .text.FOE_abort
                0x080049bc       0x74 C:\Workspaces\SOES-SAMPLE\soes\Debug\libsoes.a(esc_foe.o)
                0x080049bc                FOE_abort
 .text.FOE_send_ack
                0x08004a30       0x88 C:\Workspaces\SOES-SAMPLE\soes\Debug\libsoes.a(esc_foe.o)
                0x08004a30                FOE_send_ack
 .text.FOE_write
                0x08004ab8       0x84 C:\Workspaces\SOES-SAMPLE\soes\Debug\libsoes.a(esc_foe.o)
                0x08004ab8                FOE_write
 .text.FOE_data
                0x08004b3c      0x108 C:\Workspaces\SOES-SAMPLE\soes\Debug\libsoes.a(esc_foe.o)
                0x08004b3c                FOE_data
 .text.FOE_error
                0x08004c44        0xc C:\Workspaces\SOES-SAMPLE\soes\Debug\libsoes.a(esc_foe.o)
                0x08004c44                FOE_error
 .text.ESC_foeprocess
                0x08004c50       0xac C:\Workspaces\SOES-SAMPLE\soes\Debug\libsoes.a(esc_foe.o)
                0x08004c50                ESC_foeprocess
 .text.__libc_init_array
                0x08004cfc       0x50 c:/davev4-64bit/dave-4.3.2/eclipse/arm-gcc-49/bin/../lib/gcc/arm-none-eabi/4.9.3/../../../../arm-none-eabi/lib/armv7e-m/softfp\libg.a(lib_a-init.o)
                0x08004cfc                __libc_init_array
 .text          0x08004d4c      0x134 c:/davev4-64bit/dave-4.3.2/eclipse/arm-gcc-49/bin/../lib/gcc/arm-none-eabi/4.9.3/../../../../arm-none-eabi/lib/armv7e-m/softfp\libg.a(lib_a-memcpy.o)
                0x08004d4c                memcpy
 .text.memset   0x08004e80       0x9c c:/davev4-64bit/dave-4.3.2/eclipse/arm-gcc-49/bin/../lib/gcc/arm-none-eabi/4.9.3/../../../../arm-none-eabi/lib/armv7e-m/softfp\libg.a(lib_a-memset.o)
                0x08004e80                memset
 .text.strncmp  0x08004f1c       0x98 c:/davev4-64bit/dave-4.3.2/eclipse/arm-gcc-49/bin/../lib/gcc/arm-none-eabi/4.9.3/../../../../arm-none-eabi/lib/armv7e-m/softfp\libg.a(lib_a-strncmp.o)
                0x08004f1c                strncmp
 *(.init)
 *(.fini)
 *crtbegin.o(.ctors)
 *crtbegin?.o(.ctors)
 *(EXCLUDE_FILE(*crtend.o *crtend?.o) .ctors)
 *(SORT(.ctors.*))
 *(.ctors)
 *crtbegin.o(.dtors)
 *crtbegin?.o(.dtors)
 *(EXCLUDE_FILE(*crtend.o *crtend?.o) .dtors)
 *(SORT(.dtors.*))
 *(.dtors)
 *(.rodata .rodata.*)
 .rodata.port_control
                0x08004fb4        0xc ./esc_hw.o
 .rodata.gpio_config_input
                0x08004fc0        0xc ./esc_hw.o
 .rodata.fce_config
                0x08004fcc        0xc ./esc_hw_eep.o
 .rodata.gpio_config_btn
                0x08004fd8        0xc ./esc_hw_eep.o
 .rodata.gpio_config_led
                0x08004fe4        0xc ./esc_hw_eep.o
 .rodata.gpio_config_btn1
                0x08004ff0        0xc ./main.o
 .rodata.gpio_config_btn2
                0x08004ffc        0xc ./main.o
 .rodata.gpio_config_led1
                0x08005008        0xc ./main.o
 .rodata.gpio_config_led2
                0x08005014        0xc ./main.o
 .rodata.gpio_config_led3
                0x08005020        0xc ./main.o
 .rodata.acName1000
                0x0800502c        0xc ./xmc4800_slave_objectlist.o
 .rodata.acName1000_0
                0x08005038        0xc ./xmc4800_slave_objectlist.o
 .rodata.acName1008
                0x08005044        0xc ./xmc4800_slave_objectlist.o
 .rodata.acName1008_0
                0x08005050        0xc ./xmc4800_slave_objectlist.o
 .rodata.acName1009
                0x0800505c       0x14 ./xmc4800_slave_objectlist.o
 .rodata.acName1009_0
                0x08005070       0x14 ./xmc4800_slave_objectlist.o
 .rodata.acName100A
                0x08005084       0x14 ./xmc4800_slave_objectlist.o
 .rodata.acName100A_0
                0x08005098       0x14 ./xmc4800_slave_objectlist.o
 .rodata.acName1018
                0x080050ac       0x10 ./xmc4800_slave_objectlist.o
 .rodata.acName1018_00
                0x080050bc       0x10 ./xmc4800_slave_objectlist.o
 .rodata.acName1018_01
                0x080050cc        0xc ./xmc4800_slave_objectlist.o
 .rodata.acName1018_02
                0x080050d8       0x10 ./xmc4800_slave_objectlist.o
 .rodata.acName1018_03
                0x080050e8       0x10 ./xmc4800_slave_objectlist.o
 .rodata.acName1018_04
                0x080050f8       0x10 ./xmc4800_slave_objectlist.o
 .rodata.acName1600
                0x08005108        0x8 ./xmc4800_slave_objectlist.o
 .rodata.acName1600_00
                0x08005110       0x10 ./xmc4800_slave_objectlist.o
 .rodata.acName1600_01
                0x08005120        0x8 ./xmc4800_slave_objectlist.o
 .rodata.acName1600_02
                0x08005128        0x8 ./xmc4800_slave_objectlist.o
 .rodata.acName1600_03
                0x08005130        0x8 ./xmc4800_slave_objectlist.o
 .rodata.acName1A00
                0x08005138        0x8 ./xmc4800_slave_objectlist.o
 .rodata.acName1A00_00
                0x08005140       0x10 ./xmc4800_slave_objectlist.o
 .rodata.acName1A00_01
                0x08005150        0x8 ./xmc4800_slave_objectlist.o
 .rodata.acName1A00_02
                0x08005158        0x8 ./xmc4800_slave_objectlist.o
 .rodata.acName1C00
                0x08005160       0x20 ./xmc4800_slave_objectlist.o
 .rodata.acName1C00_00
                0x08005180       0x10 ./xmc4800_slave_objectlist.o
 .rodata.acName1C00_01
                0x08005190       0x18 ./xmc4800_slave_objectlist.o
 .rodata.acName1C00_02
                0x080051a8       0x18 ./xmc4800_slave_objectlist.o
 .rodata.acName1C00_03
                0x080051c0       0x18 ./xmc4800_slave_objectlist.o
 .rodata.acName1C00_04
                0x080051d8       0x18 ./xmc4800_slave_objectlist.o
 .rodata.acName1C12
                0x080051f0       0x20 ./xmc4800_slave_objectlist.o
 .rodata.acName1C12_00
                0x08005210       0x10 ./xmc4800_slave_objectlist.o
 .rodata.acName1C12_01
                0x08005220        0xc ./xmc4800_slave_objectlist.o
 .rodata.acName1C13
                0x0800522c       0x20 ./xmc4800_slave_objectlist.o
 .rodata.acName1C13_00
                0x0800524c       0x10 ./xmc4800_slave_objectlist.o
 .rodata.acName1C13_01
                0x0800525c        0xc ./xmc4800_slave_objectlist.o
 .rodata.acName6000
                0x08005268        0x8 ./xmc4800_slave_objectlist.o
 .rodata.acName6000_00
                0x08005270       0x10 ./xmc4800_slave_objectlist.o
 .rodata.acName6000_01
                0x08005280        0x8 ./xmc4800_slave_objectlist.o
 .rodata.acName6000_02
                0x08005288        0x8 ./xmc4800_slave_objectlist.o
 .rodata.acName7000
                0x08005290        0x8 ./xmc4800_slave_objectlist.o
 .rodata.acName7000_00
                0x08005298       0x10 ./xmc4800_slave_objectlist.o
 .rodata.acName7000_01
                0x080052a8        0x8 ./xmc4800_slave_objectlist.o
 .rodata.acName7000_02
                0x080052b0        0x8 ./xmc4800_slave_objectlist.o
 .rodata.acName7000_03
                0x080052b8        0x8 ./xmc4800_slave_objectlist.o
 .rodata.SDO1000
                0x080052c0       0x14 ./xmc4800_slave_objectlist.o
                0x080052c0                SDO1000
 .rodata        0x080052d4       0x14 ./xmc4800_slave_objectlist.o
 .rodata.SDO1008
                0x080052e8       0x14 ./xmc4800_slave_objectlist.o
                0x080052e8                SDO1008
 .rodata.SDO1009
                0x080052fc       0x14 ./xmc4800_slave_objectlist.o
                0x080052fc                SDO1009
 .rodata.SDO100A
                0x08005310       0x14 ./xmc4800_slave_objectlist.o
                0x08005310                SDO100A
 .rodata.SDO1018
                0x08005324       0x64 ./xmc4800_slave_objectlist.o
                0x08005324                SDO1018
 .rodata.SDO1600
                0x08005388       0x50 ./xmc4800_slave_objectlist.o
                0x08005388                SDO1600
 .rodata.SDO1A00
                0x080053d8       0x3c ./xmc4800_slave_objectlist.o
                0x080053d8                SDO1A00
 .rodata.SDO1C00
                0x08005414       0x64 ./xmc4800_slave_objectlist.o
                0x08005414                SDO1C00
 .rodata.SDO1C12
                0x08005478       0x28 ./xmc4800_slave_objectlist.o
                0x08005478                SDO1C12
 .rodata.SDO1C13
                0x080054a0       0x28 ./xmc4800_slave_objectlist.o
                0x080054a0                SDO1C13
 .rodata.SDO6000
                0x080054c8       0x3c ./xmc4800_slave_objectlist.o
                0x080054c8                SDO6000
 .rodata.SDO7000
                0x08005504       0x50 ./xmc4800_slave_objectlist.o
                0x08005504                SDO7000
 .rodata.SDOobjects
                0x08005554       0xb8 ./xmc4800_slave_objectlist.o
                0x08005554                SDOobjects
 *(.gnu.linkonce.r*)

.glue_7         0x0800560c        0x0 load address 0x0c00560c
 .glue_7        0x00000000        0x0 linker stubs

.glue_7t        0x0800560c        0x0 load address 0x0c00560c
 .glue_7t       0x00000000        0x0 linker stubs

.vfp11_veneer   0x0800560c        0x0 load address 0x0c00560c
 .vfp11_veneer  0x00000000        0x0 linker stubs

.v4_bx          0x0800560c        0x0 load address 0x0c00560c
 .v4_bx         0x00000000        0x0 linker stubs

.iplt           0x0800560c        0x0 load address 0x0c00560c
 .iplt          0x00000000        0x0 ./Startup/startup_XMC4800.o

.rel.dyn        0x0800560c        0x0 load address 0x0c00560c
 .rel.iplt      0x00000000        0x0 ./Startup/startup_XMC4800.o

.eh_frame_hdr
 *(.eh_frame_hdr)

.eh_frame
 *(.eh_frame)

.ARM.extab
 *(.ARM.extab* .gnu.linkonce.armextab.*)
                0x0800560c                . = ALIGN (0x4)
                0x0800560c                __exidx_start = .

.ARM.exidx
 *(.ARM.exidx* .gnu.linkonce.armexidx.*)
                0x0800560c                __exidx_end = .
                0x0800560c                . = ALIGN (0x4)

Stack           0x1ffe8000      0x800
                0x1ffe8000                __stack_start = .
                0x1ffe8800                . = (. + stack_size)
 *fill*         0x1ffe8000      0x800 
                0x1ffe8800                __stack_end = .
                0x1ffe8800                __initial_sp = .

.ram_code       0x1ffe8800        0x0 load address 0x0c00560c
                0x1ffe8800                . = ALIGN (0x4)
                0x1ffe8800                __ram_code_start = .
 *(.ram_code)
                0x1ffe8800                . = ALIGN (0x4)
                0x1ffe8800                __ram_code_end = .
                0x0c00560c                __ram_code_load = LOADADDR (.ram_code)
                0x00000000                __ram_code_size = (__ram_code_end - __ram_code_start)

.data           0x1ffe8800      0x174 load address 0x0c00560c
                0x1ffe8800                . = ALIGN (0x4)
                0x1ffe8800                __data_start = .
 *(vtable)
 *(.data)
 .data          0x1ffe8800      0x100 sii_eeprom.o
                0x1ffe8800                _binary_sii_eeprom_bin_start
                0x1ffe8900                _binary_sii_eeprom_bin_end
 *(.data*)
 .data.config   0x1ffe8900       0x74 ./main.o
 *(*.data)
 *(.gnu.linkonce.d*)
                0x1ffe8974                . = ALIGN (0x4)
                0x1ffe8974                PROVIDE (__preinit_array_start, .)
 *(.preinit_array)
                0x1ffe8974                PROVIDE (__preinit_array_end, .)
                0x1ffe8974                . = ALIGN (0x4)
                0x1ffe8974                PROVIDE (__init_array_start, .)
 *(SORT(.init_array.*))
 *(.init_array)
                0x1ffe8974                PROVIDE (__init_array_end, .)
                0x1ffe8974                . = ALIGN (0x4)
                0x1ffe8974                PROVIDE (__fini_array_start, .)
 *(SORT(.fini_array.*))
 *(.fini_array)
                0x1ffe8974                PROVIDE (__fini_array_end, .)
                0x1ffe8974                . = ALIGN (0x4)
                0x1ffe8974                __data_end = .
                0x0c00560c                __data_load = LOADADDR (.data)
                0x00000174                __data_size = (__data_end - __data_start)

.igot.plt       0x1ffe8974        0x0 load address 0x0c005780
 .igot.plt      0x00000000        0x0 ./Startup/startup_XMC4800.o

.bss            0x1ffe8974     0x223c load address 0x0c005780
                0x1ffe8974                . = ALIGN (0x4)
                0x1ffe8974                __bss_start = .
 *(.bss)
 *(.bss*)
 .bss.eep_buf   0x1ffe8974      0xf80 ./esc_hw_eep.o
 .bss.eep_buf_dirty
                0x1ffe98f4        0x1 ./esc_hw_eep.o
 *fill*         0x1ffe98f5        0x3 
 .bss.eep_last_write
                0x1ffe98f8        0x4 ./esc_hw_eep.o
 .bss.eep_write_req
                0x1ffe98fc        0x1 ./esc_hw_eep.o
 *fill*         0x1ffe98fd        0x3 
 .bss.eep_curr_block
                0x1ffe9900        0x4 ./esc_hw_eep.o
 .bss.eep_next_block
                0x1ffe9904        0x4 ./esc_hw_eep.o
 .bss.eep_write_src
                0x1ffe9908        0x4 ./esc_hw_eep.o
 .bss.eep_write_dst
                0x1ffe990c        0x4 ./esc_hw_eep.o
 .bss.eep_write_page
                0x1ffe9910        0x4 ./esc_hw_eep.o
 .bss.eep_write_buf
                0x1ffe9914     0x1000 ./esc_hw_eep.o
 .bss.watchdog  0x1ffea914        0x4 ./xmc4800_slave.o
 .bss.eep_buf   0x1ffea918        0x8 C:\Workspaces\SOES-SAMPLE\soes\Debug\libsoes.a(esc_eep.o)
 .bss.foe_cfg   0x1ffea920        0x4 C:\Workspaces\SOES-SAMPLE\soes\Debug\libsoes.a(esc_foe.o)
 .bss.foe_files
                0x1ffea924        0x4 C:\Workspaces\SOES-SAMPLE\soes\Debug\libsoes.a(esc_foe.o)
 .bss.foe_file  0x1ffea928        0x4 C:\Workspaces\SOES-SAMPLE\soes\Debug\libsoes.a(esc_foe.o)
 .bss.FOEvar    0x1ffea92c       0x14 C:\Workspaces\SOES-SAMPLE\soes\Debug\libsoes.a(esc_foe.o)
 *(COMMON)
 COMMON         0x1ffea940      0x25e ./xmc4800_slave.o
                0x1ffea940                ESCvar
                0x1ffeaa14                MBX
                0x1ffeaa14                Mb
                0x1ffeab94                Wb
                0x1ffeab94                Cb
                0x1ffeab98                MBXcontrol
                0x1ffeab9c                Rb
 *fill*         0x1ffeab9e        0x2 
 COMMON         0x1ffeaba0       0x10 C:\Workspaces\SOES-SAMPLE\soes\Debug\libsoes.a(esc_foe.o)
                0x1ffeaba0                foe_file_name
 *(.gnu.linkonce.b*)
                0x1ffeabb0                . = ALIGN (0x4)
                0x1ffeabb0                __bss_end = .
                0x0000223c                __bss_size = (__bss_end - __bss_start)
                0x00015450                __shift_loc = (__bss_end >= ORIGIN (DSRAM_1_system))?0x0:(ORIGIN (DSRAM_1_system) - __bss_end)

USB_RAM         0x20000000        0x0
                0x20000000                . = ALIGN (0x4)
                0x20000000                USB_RAM_start = .
 *(USB_RAM)
                0x20000000                . = ALIGN (0x4)
                0x20000000                USB_RAM_end = .
                0x00000000                USB_RAM_size = (USB_RAM_end - USB_RAM_start)

ETH_RAM         0x20000000        0x0
                0x20000000                . = ALIGN (0x4)
                0x20000000                ETH_RAM_start = .
 *(ETH_RAM)
                0x20000000                . = ALIGN (0x4)
                0x20000000                ETH_RAM_end = .
                0x20000000                . = ALIGN (0x8)
                0x20000000                Heap_Bank1_Start = .
                0x00000000                ETH_RAM_size = (ETH_RAM_end - ETH_RAM_start)

.no_init        0x2003ffc0       0x14
                0x2003ffc0                Heap_Bank1_End = .
 *(.no_init)
 .no_init       0x2003ffc0       0x14 ./Startup/system_XMC4800.o
                0x2003ffc0                SystemCoreClock
                0x2003ffc4                g_chipid
                0x0003ffc0                Heap_Bank1_Size = (Heap_Bank1_End - Heap_Bank1_Start)
                0x00000001                ASSERT ((Heap_Bank1_Start <= Heap_Bank1_End), region SRAM_combined overflowed no_init section)

/DISCARD/
 *(.comment)

.stab
 *(.stab)

.stabstr
 *(.stabstr)

.debug
 *(.debug)

.line
 *(.line)

.debug_srcinfo
 *(.debug_srcinfo)

.debug_sfnames
 *(.debug_sfnames)

.debug_aranges  0x00000000      0xaa8
 *(.debug_aranges)
 .debug_aranges
                0x00000000       0x20 ./Startup/startup_XMC4800.o
 .debug_aranges
                0x00000020       0x48 ./Startup/system_XMC4800.o
 .debug_aranges
                0x00000068       0xe0 ./Libraries/XMCLib/src/xmc4_flash.o
 .debug_aranges
                0x00000148       0x28 ./Libraries/XMCLib/src/xmc4_gpio.o
 .debug_aranges
                0x00000170      0x3f0 ./Libraries/XMCLib/src/xmc4_scu.o
 .debug_aranges
                0x00000560       0x70 ./Libraries/XMCLib/src/xmc_ecat.o
 .debug_aranges
                0x000005d0       0x60 ./Libraries/XMCLib/src/xmc_fce.o
 .debug_aranges
                0x00000630       0x28 ./Libraries/XMCLib/src/xmc_gpio.o
 .debug_aranges
                0x00000658       0x28 ./Libraries/Newlib/syscalls.o
 .debug_aranges
                0x00000680       0x58 ./esc_hw.o
 .debug_aranges
                0x000006d8       0x90 ./esc_hw_eep.o
 .debug_aranges
                0x00000768       0x48 ./main.o
 .debug_aranges
                0x000007b0       0x70 ./xmc4800_slave.o
 .debug_aranges
                0x00000820       0x18 ./xmc4800_slave_objectlist.o
 .debug_aranges
                0x00000838      0x140 C:\Workspaces\SOES-SAMPLE\soes\Debug\libsoes.a(esc.o)
 .debug_aranges
                0x00000978       0x98 C:\Workspaces\SOES-SAMPLE\soes\Debug\libsoes.a(esc_coe.o)
 .debug_aranges
                0x00000a10       0x20 C:\Workspaces\SOES-SAMPLE\soes\Debug\libsoes.a(esc_eep.o)
 .debug_aranges
                0x00000a30       0x78 C:\Workspaces\SOES-SAMPLE\soes\Debug\libsoes.a(esc_foe.o)

.debug_pubnames
 *(.debug_pubnames)

.debug_pubtypes
 *(.debug_pubtypes)

.debug_info     0x00000000     0xdd3f
 *(.debug_info .gnu.linkonce.wi.*)
 .debug_info    0x00000000       0x75 ./Startup/startup_XMC4800.o
 .debug_info    0x00000075      0x942 ./Startup/system_XMC4800.o
 .debug_info    0x000009b7      0x849 ./Libraries/XMCLib/src/xmc4_flash.o
 .debug_info    0x00001200      0x422 ./Libraries/XMCLib/src/xmc4_gpio.o
 .debug_info    0x00001622     0x23fa ./Libraries/XMCLib/src/xmc4_scu.o
 .debug_info    0x00003a1c     0x10bf ./Libraries/XMCLib/src/xmc_ecat.o
 .debug_info    0x00004adb      0x7a4 ./Libraries/XMCLib/src/xmc_fce.o
 .debug_info    0x0000527f      0x39d ./Libraries/XMCLib/src/xmc_gpio.o
 .debug_info    0x0000561c      0x11f ./Libraries/Newlib/syscalls.o
 .debug_info    0x0000573b     0x1d5f ./esc_hw.o
 .debug_info    0x0000749a     0x10b8 ./esc_hw_eep.o
 .debug_info    0x00008552      0x7c5 ./main.o
 .debug_info    0x00008d17      0xb8c ./xmc4800_slave.o
 .debug_info    0x000098a3      0x861 ./xmc4800_slave_objectlist.o
 .debug_info    0x0000a104     0x1232 C:\Workspaces\SOES-SAMPLE\soes\Debug\libsoes.a(esc.o)
 .debug_info    0x0000b336     0x1359 C:\Workspaces\SOES-SAMPLE\soes\Debug\libsoes.a(esc_coe.o)
 .debug_info    0x0000c68f      0x8b4 C:\Workspaces\SOES-SAMPLE\soes\Debug\libsoes.a(esc_eep.o)
 .debug_info    0x0000cf43      0xdfc C:\Workspaces\SOES-SAMPLE\soes\Debug\libsoes.a(esc_foe.o)

.debug_abbrev   0x00000000     0x2019
 *(.debug_abbrev)
 .debug_abbrev  0x00000000       0x14 ./Startup/startup_XMC4800.o
 .debug_abbrev  0x00000014      0x1a1 ./Startup/system_XMC4800.o
 .debug_abbrev  0x000001b5      0x1c2 ./Libraries/XMCLib/src/xmc4_flash.o
 .debug_abbrev  0x00000377      0x11b ./Libraries/XMCLib/src/xmc4_gpio.o
 .debug_abbrev  0x00000492      0x2a7 ./Libraries/XMCLib/src/xmc4_scu.o
 .debug_abbrev  0x00000739      0x21d ./Libraries/XMCLib/src/xmc_ecat.o
 .debug_abbrev  0x00000956      0x1a7 ./Libraries/XMCLib/src/xmc_fce.o
 .debug_abbrev  0x00000afd      0x10c ./Libraries/XMCLib/src/xmc_gpio.o
 .debug_abbrev  0x00000c09       0xbd ./Libraries/Newlib/syscalls.o
 .debug_abbrev  0x00000cc6      0x29d ./esc_hw.o
 .debug_abbrev  0x00000f63      0x301 ./esc_hw_eep.o
 .debug_abbrev  0x00001264      0x1ca ./main.o
 .debug_abbrev  0x0000142e      0x203 ./xmc4800_slave.o
 .debug_abbrev  0x00001631       0xa9 ./xmc4800_slave_objectlist.o
 .debug_abbrev  0x000016da      0x2a1 C:\Workspaces\SOES-SAMPLE\soes\Debug\libsoes.a(esc.o)
 .debug_abbrev  0x0000197b      0x23d C:\Workspaces\SOES-SAMPLE\soes\Debug\libsoes.a(esc_coe.o)
 .debug_abbrev  0x00001bb8      0x196 C:\Workspaces\SOES-SAMPLE\soes\Debug\libsoes.a(esc_eep.o)
 .debug_abbrev  0x00001d4e      0x2cb C:\Workspaces\SOES-SAMPLE\soes\Debug\libsoes.a(esc_foe.o)

.debug_line     0x00000000     0x3ec8
 *(.debug_line)
 .debug_line    0x00000000       0x87 ./Startup/startup_XMC4800.o
 .debug_line    0x00000087      0x2d6 ./Startup/system_XMC4800.o
 .debug_line    0x0000035d      0x4af ./Libraries/XMCLib/src/xmc4_flash.o
 .debug_line    0x0000080c      0x1d9 ./Libraries/XMCLib/src/xmc4_gpio.o
 .debug_line    0x000009e5      0xdd6 ./Libraries/XMCLib/src/xmc4_scu.o
 .debug_line    0x000017bb      0x323 ./Libraries/XMCLib/src/xmc_ecat.o
 .debug_line    0x00001ade      0x335 ./Libraries/XMCLib/src/xmc_fce.o
 .debug_line    0x00001e13      0x1c7 ./Libraries/XMCLib/src/xmc_gpio.o
 .debug_line    0x00001fda       0xbd ./Libraries/Newlib/syscalls.o
 .debug_line    0x00002097      0x36b ./esc_hw.o
 .debug_line    0x00002402      0x450 ./esc_hw_eep.o
 .debug_line    0x00002852      0x2a8 ./main.o
 .debug_line    0x00002afa      0x2b8 ./xmc4800_slave.o
 .debug_line    0x00002db2      0x12e ./xmc4800_slave_objectlist.o
 .debug_line    0x00002ee0      0x661 C:\Workspaces\SOES-SAMPLE\soes\Debug\libsoes.a(esc.o)
 .debug_line    0x00003541      0x4fc C:\Workspaces\SOES-SAMPLE\soes\Debug\libsoes.a(esc_coe.o)
 .debug_line    0x00003a3d      0x189 C:\Workspaces\SOES-SAMPLE\soes\Debug\libsoes.a(esc_eep.o)
 .debug_line    0x00003bc6      0x302 C:\Workspaces\SOES-SAMPLE\soes\Debug\libsoes.a(esc_foe.o)

.debug_frame    0x00000000     0x2c70
 *(.debug_frame)
 .debug_frame   0x00000000       0xec ./Startup/system_XMC4800.o
 .debug_frame   0x000000ec      0x3dc ./Libraries/XMCLib/src/xmc4_flash.o
 .debug_frame   0x000004c8       0x60 ./Libraries/XMCLib/src/xmc4_gpio.o
 .debug_frame   0x00000528     0x1290 ./Libraries/XMCLib/src/xmc4_scu.o
 .debug_frame   0x000017b8      0x1a8 ./Libraries/XMCLib/src/xmc_ecat.o
 .debug_frame   0x00001960      0x160 ./Libraries/XMCLib/src/xmc_fce.o
 .debug_frame   0x00001ac0       0x60 ./Libraries/XMCLib/src/xmc_gpio.o
 .debug_frame   0x00001b20       0x5c ./Libraries/Newlib/syscalls.o
 .debug_frame   0x00001b7c      0x138 ./esc_hw.o
 .debug_frame   0x00001cb4      0x25c ./esc_hw_eep.o
 .debug_frame   0x00001f10       0xdc ./main.o
 .debug_frame   0x00001fec      0x180 ./xmc4800_slave.o
 .debug_frame   0x0000216c      0x5b4 C:\Workspaces\SOES-SAMPLE\soes\Debug\libsoes.a(esc.o)
 .debug_frame   0x00002720      0x290 C:\Workspaces\SOES-SAMPLE\soes\Debug\libsoes.a(esc_coe.o)
 .debug_frame   0x000029b0       0x38 C:\Workspaces\SOES-SAMPLE\soes\Debug\libsoes.a(esc_eep.o)
 .debug_frame   0x000029e8      0x1d4 C:\Workspaces\SOES-SAMPLE\soes\Debug\libsoes.a(esc_foe.o)
 .debug_frame   0x00002bbc       0x2c c:/davev4-64bit/dave-4.3.2/eclipse/arm-gcc-49/bin/../lib/gcc/arm-none-eabi/4.9.3/../../../../arm-none-eabi/lib/armv7e-m/softfp\libg.a(lib_a-init.o)
 .debug_frame   0x00002be8       0x34 c:/davev4-64bit/dave-4.3.2/eclipse/arm-gcc-49/bin/../lib/gcc/arm-none-eabi/4.9.3/../../../../arm-none-eabi/lib/armv7e-m/softfp\libg.a(lib_a-memset.o)
 .debug_frame   0x00002c1c       0x54 c:/davev4-64bit/dave-4.3.2/eclipse/arm-gcc-49/bin/../lib/gcc/arm-none-eabi/4.9.3/../../../../arm-none-eabi/lib/armv7e-m/softfp\libg.a(lib_a-strncmp.o)

.debug_str      0x00000000     0x601c
 *(.debug_str)
 .debug_str     0x00000000      0x54c ./Startup/system_XMC4800.o
                                0x5b8 (size before relaxing)
 .debug_str     0x0000054c      0x896 ./Libraries/XMCLib/src/xmc4_flash.o
                                0xaf4 (size before relaxing)
 .debug_str     0x00000de2      0x549 ./Libraries/XMCLib/src/xmc4_gpio.o
                                0x75c (size before relaxing)
 .debug_str     0x0000132b     0x240e ./Libraries/XMCLib/src/xmc4_scu.o
                               0x28f2 (size before relaxing)
 .debug_str     0x00003739      0x906 ./Libraries/XMCLib/src/xmc_ecat.o
                               0x1241 (size before relaxing)
 .debug_str     0x0000403f      0x293 ./Libraries/XMCLib/src/xmc_fce.o
                                0xb76 (size before relaxing)
 .debug_str     0x000042d2       0xca ./Libraries/XMCLib/src/xmc_gpio.o
                                0x60a (size before relaxing)
 .debug_str     0x0000439c       0x6f ./Libraries/Newlib/syscalls.o
                                0x210 (size before relaxing)
 .debug_str     0x0000440b      0xd7f ./esc_hw.o
                               0x1cd1 (size before relaxing)
 .debug_str     0x0000518a      0x232 ./esc_hw_eep.o
                                0xd73 (size before relaxing)
 .debug_str     0x000053bc       0xab ./main.o
                                0x9a1 (size before relaxing)
 .debug_str     0x00005467       0xea ./xmc4800_slave.o
                                0x6ab (size before relaxing)
 .debug_str     0x00005551      0x309 ./xmc4800_slave_objectlist.o
                                0x543 (size before relaxing)
 .debug_str     0x0000585a      0x332 C:\Workspaces\SOES-SAMPLE\soes\Debug\libsoes.a(esc.o)
                                0x8cb (size before relaxing)
 .debug_str     0x00005b8c      0x1e9 C:\Workspaces\SOES-SAMPLE\soes\Debug\libsoes.a(esc_coe.o)
                                0x802 (size before relaxing)
 .debug_str     0x00005d75       0x90 C:\Workspaces\SOES-SAMPLE\soes\Debug\libsoes.a(esc_eep.o)
                                0x5cb (size before relaxing)
 .debug_str     0x00005e05      0x217 C:\Workspaces\SOES-SAMPLE\soes\Debug\libsoes.a(esc_foe.o)
                                0x7c5 (size before relaxing)

.debug_loc      0x00000000     0x5840
 *(.debug_loc)
 .debug_loc     0x00000000      0x1a4 ./Startup/system_XMC4800.o
 .debug_loc     0x000001a4      0x830 ./Libraries/XMCLib/src/xmc4_flash.o
 .debug_loc     0x000009d4       0xb8 ./Libraries/XMCLib/src/xmc4_gpio.o
 .debug_loc     0x00000a8c     0x26dc ./Libraries/XMCLib/src/xmc4_scu.o
 .debug_loc     0x00003168      0x340 ./Libraries/XMCLib/src/xmc_ecat.o
 .debug_loc     0x000034a8      0x2dc ./Libraries/XMCLib/src/xmc_fce.o
 .debug_loc     0x00003784       0xb8 ./Libraries/XMCLib/src/xmc_gpio.o
 .debug_loc     0x0000383c       0x94 ./Libraries/Newlib/syscalls.o
 .debug_loc     0x000038d0      0x244 ./esc_hw.o
 .debug_loc     0x00003b14      0x4d4 ./esc_hw_eep.o
 .debug_loc     0x00003fe8      0x198 ./main.o
 .debug_loc     0x00004180      0x298 ./xmc4800_slave.o
 .debug_loc     0x00004418      0xb48 C:\Workspaces\SOES-SAMPLE\soes\Debug\libsoes.a(esc.o)
 .debug_loc     0x00004f60      0x518 C:\Workspaces\SOES-SAMPLE\soes\Debug\libsoes.a(esc_coe.o)
 .debug_loc     0x00005478       0x50 C:\Workspaces\SOES-SAMPLE\soes\Debug\libsoes.a(esc_eep.o)
 .debug_loc     0x000054c8      0x378 C:\Workspaces\SOES-SAMPLE\soes\Debug\libsoes.a(esc_foe.o)

.debug_macinfo
 *(.debug_macinfo)

.debug_ranges   0x00000000      0x970
 *(.debug_ranges)
 .debug_ranges  0x00000000       0x38 ./Startup/system_XMC4800.o
 .debug_ranges  0x00000038       0xd0 ./Libraries/XMCLib/src/xmc4_flash.o
 .debug_ranges  0x00000108       0x18 ./Libraries/XMCLib/src/xmc4_gpio.o
 .debug_ranges  0x00000120      0x3e0 ./Libraries/XMCLib/src/xmc4_scu.o
 .debug_ranges  0x00000500       0x60 ./Libraries/XMCLib/src/xmc_ecat.o
 .debug_ranges  0x00000560       0x50 ./Libraries/XMCLib/src/xmc_fce.o
 .debug_ranges  0x000005b0       0x18 ./Libraries/XMCLib/src/xmc_gpio.o
 .debug_ranges  0x000005c8       0x18 ./Libraries/Newlib/syscalls.o
 .debug_ranges  0x000005e0       0x48 ./esc_hw.o
 .debug_ranges  0x00000628       0x80 ./esc_hw_eep.o
 .debug_ranges  0x000006a8       0x38 ./main.o
 .debug_ranges  0x000006e0       0x60 ./xmc4800_slave.o
 .debug_ranges  0x00000740      0x130 C:\Workspaces\SOES-SAMPLE\soes\Debug\libsoes.a(esc.o)
 .debug_ranges  0x00000870       0x88 C:\Workspaces\SOES-SAMPLE\soes\Debug\libsoes.a(esc_coe.o)
 .debug_ranges  0x000008f8       0x10 C:\Workspaces\SOES-SAMPLE\soes\Debug\libsoes.a(esc_eep.o)
 .debug_ranges  0x00000908       0x68 C:\Workspaces\SOES-SAMPLE\soes\Debug\libsoes.a(esc_foe.o)

.debug_weaknames
 *(.debug_weaknames)

.debug_funcnames
 *(.debug_funcnames)

.debug_typenames
 *(.debug_typenames)

.debug_varnames
 *(.debug_varnames)

.build_attributes
                0x00000000      0x482
 *(.ARM.attributes)
 .ARM.attributes
                0x00000000       0x25 ./Startup/startup_XMC4800.o
 .ARM.attributes
                0x00000025       0x37 ./Startup/system_XMC4800.o
 .ARM.attributes
                0x0000005c       0x37 ./Libraries/XMCLib/src/xmc4_flash.o
 .ARM.attributes
                0x00000093       0x37 ./Libraries/XMCLib/src/xmc4_gpio.o
 .ARM.attributes
                0x000000ca       0x37 ./Libraries/XMCLib/src/xmc4_scu.o
 .ARM.attributes
                0x00000101       0x37 ./Libraries/XMCLib/src/xmc_ecat.o
 .ARM.attributes
                0x00000138       0x37 ./Libraries/XMCLib/src/xmc_fce.o
 .ARM.attributes
                0x0000016f       0x37 ./Libraries/XMCLib/src/xmc_gpio.o
 .ARM.attributes
                0x000001a6       0x37 ./Libraries/Newlib/syscalls.o
 .ARM.attributes
                0x000001dd       0x37 ./esc_hw.o
 .ARM.attributes
                0x00000214       0x37 ./esc_hw_eep.o
 .ARM.attributes
                0x0000024b       0x37 ./main.o
 .ARM.attributes
                0x00000282       0x37 ./xmc4800_slave.o
 .ARM.attributes
                0x000002b9       0x37 ./xmc4800_slave_objectlist.o
 .ARM.attributes
                0x000002f0       0x37 C:\Workspaces\SOES-SAMPLE\soes\Debug\libsoes.a(esc.o)
 .ARM.attributes
                0x00000327       0x37 C:\Workspaces\SOES-SAMPLE\soes\Debug\libsoes.a(esc_coe.o)
 .ARM.attributes
                0x0000035e       0x37 C:\Workspaces\SOES-SAMPLE\soes\Debug\libsoes.a(esc_eep.o)
 .ARM.attributes
                0x00000395       0x37 C:\Workspaces\SOES-SAMPLE\soes\Debug\libsoes.a(esc_foe.o)
 .ARM.attributes
                0x000003cc       0x32 c:/davev4-64bit/dave-4.3.2/eclipse/arm-gcc-49/bin/../lib/gcc/arm-none-eabi/4.9.3/../../../../arm-none-eabi/lib/armv7e-m/softfp\libg.a(lib_a-init.o)
 .ARM.attributes
                0x000003fe       0x20 c:/davev4-64bit/dave-4.3.2/eclipse/arm-gcc-49/bin/../lib/gcc/arm-none-eabi/4.9.3/../../../../arm-none-eabi/lib/armv7e-m/softfp\libg.a(lib_a-memcpy.o)
 .ARM.attributes
                0x0000041e       0x32 c:/davev4-64bit/dave-4.3.2/eclipse/arm-gcc-49/bin/../lib/gcc/arm-none-eabi/4.9.3/../../../../arm-none-eabi/lib/armv7e-m/softfp\libg.a(lib_a-memset.o)
 .ARM.attributes
                0x00000450       0x32 c:/davev4-64bit/dave-4.3.2/eclipse/arm-gcc-49/bin/../lib/gcc/arm-none-eabi/4.9.3/../../../../arm-none-eabi/lib/armv7e-m/softfp\libg.a(lib_a-strncmp.o)
OUTPUT(xmc48_ecatslave.elf elf32-littlearm)
