Archive member included because of file (symbol)

c:/program files/dave-ide-4.4.2-64bit/eclipse/arm-gcc-49/bin/../lib/gcc/arm-none-eabi/4.9.3/../../../../arm-none-eabi/lib/armv7e-m/softfp\libg_nano.a(lib_a-errno.o)
                              ./Libraries/Newlib/syscalls.o (__errno)
c:/program files/dave-ide-4.4.2-64bit/eclipse/arm-gcc-49/bin/../lib/gcc/arm-none-eabi/4.9.3/../../../../arm-none-eabi/lib/armv7e-m/softfp\libg_nano.a(lib_a-impure.o)
                              c:/program files/dave-ide-4.4.2-64bit/eclipse/arm-gcc-49/bin/../lib/gcc/arm-none-eabi/4.9.3/../../../../arm-none-eabi/lib/armv7e-m/softfp\libg_nano.a(lib_a-errno.o) (_impure_ptr)
c:/program files/dave-ide-4.4.2-64bit/eclipse/arm-gcc-49/bin/../lib/gcc/arm-none-eabi/4.9.3/../../../../arm-none-eabi/lib/armv7e-m/softfp\libg_nano.a(lib_a-init.o)
                              ./Startup/startup_XMC4800.o (__libc_init_array)
c:/program files/dave-ide-4.4.2-64bit/eclipse/arm-gcc-49/bin/../lib/gcc/arm-none-eabi/4.9.3/../../../../arm-none-eabi/lib/armv7e-m/softfp\libg_nano.a(lib_a-memcpy.o)
                              ./Libraries/XMCLib/src/xmc_eth_mac.o (memcpy)
c:/program files/dave-ide-4.4.2-64bit/eclipse/arm-gcc-49/bin/../lib/gcc/arm-none-eabi/4.9.3/../../../../arm-none-eabi/lib/armv7e-m/softfp\libg_nano.a(lib_a-memset.o)
                              ./Libraries/XMCLib/src/xmc_usbd.o (memset)

Allocating common symbols
Common symbol       size              file

dma0_event_handlers
                    0x20              ./Libraries/XMCLib/src/xmc_dma.o
pipe                0x1c0             ./Libraries/XMCLib/src/xmc_usbh.o
dma1_event_handlers
                    0x10              ./Libraries/XMCLib/src/xmc_dma.o
event_handler_list  0x80              ./Libraries/XMCLib/src/xmc4_scu.o
is_nack             0xe               ./Libraries/XMCLib/src/xmc_usbh.o
usbd_init           0x4               ./Libraries/XMCLib/src/xmc_usbd.o
xmc_device          0x208             ./Libraries/XMCLib/src/xmc_usbd.o

Discarded input sections

 .text          0x00000000        0x0 ./Startup/startup_XMC4800.o
 .data          0x00000000        0x0 ./Startup/startup_XMC4800.o
 .bss           0x00000000        0x0 ./Startup/startup_XMC4800.o
 .text          0x00000000        0x0 ./Startup/system_XMC4800.o
 .data          0x00000000        0x0 ./Startup/system_XMC4800.o
 .bss           0x00000000        0x0 ./Startup/system_XMC4800.o
 .comment       0x00000000       0x71 ./Startup/system_XMC4800.o
 .text          0x00000000        0x0 ./Libraries/XMCLib/src/xmc4_eru.o
 .data          0x00000000        0x0 ./Libraries/XMCLib/src/xmc4_eru.o
 .bss           0x00000000        0x0 ./Libraries/XMCLib/src/xmc4_eru.o
 .text.XMC_ERU_Enable
                0x00000000       0x2c ./Libraries/XMCLib/src/xmc4_eru.o
 .text.XMC_ERU_Disable
                0x00000000       0x2c ./Libraries/XMCLib/src/xmc4_eru.o
 .debug_info    0x00000000      0x5af ./Libraries/XMCLib/src/xmc4_eru.o
 .debug_abbrev  0x00000000      0x13b ./Libraries/XMCLib/src/xmc4_eru.o
 .debug_loc     0x00000000       0xa0 ./Libraries/XMCLib/src/xmc4_eru.o
 .debug_aranges
                0x00000000       0x28 ./Libraries/XMCLib/src/xmc4_eru.o
 .debug_ranges  0x00000000       0x18 ./Libraries/XMCLib/src/xmc4_eru.o
 .debug_line    0x00000000      0x27e ./Libraries/XMCLib/src/xmc4_eru.o
 .debug_str     0x00000000      0x972 ./Libraries/XMCLib/src/xmc4_eru.o
 .comment       0x00000000       0x71 ./Libraries/XMCLib/src/xmc4_eru.o
 .debug_frame   0x00000000       0x60 ./Libraries/XMCLib/src/xmc4_eru.o
 .ARM.attributes
                0x00000000       0x37 ./Libraries/XMCLib/src/xmc4_eru.o
 .text          0x00000000        0x0 ./Libraries/XMCLib/src/xmc4_flash.o
 .data          0x00000000        0x0 ./Libraries/XMCLib/src/xmc4_flash.o
 .bss           0x00000000        0x0 ./Libraries/XMCLib/src/xmc4_flash.o
 .text.XMC_FLASH_lWriteUCBPageCommand
                0x00000000       0x44 ./Libraries/XMCLib/src/xmc4_flash.o
 .text.XMC_FLASH_lEraseSectorCommand
                0x00000000       0x58 ./Libraries/XMCLib/src/xmc4_flash.o
 .text.XMC_FLASH_lDisableSectorWriteProtectionCommand
                0x00000000       0x64 ./Libraries/XMCLib/src/xmc4_flash.o
 .text.XMC_FLASH_lDisableReadProtectionCommand
                0x00000000       0x60 ./Libraries/XMCLib/src/xmc4_flash.o
 .text.XMC_FLASH_ClearStatus
                0x00000000        0xc ./Libraries/XMCLib/src/xmc4_flash.o
 .text.XMC_FLASH_GetStatus
                0x00000000       0x1c ./Libraries/XMCLib/src/xmc4_flash.o
 .text.XMC_FLASH_EnableEvent
                0x00000000       0x30 ./Libraries/XMCLib/src/xmc4_flash.o
 .text.XMC_FLASH_DisableEvent
                0x00000000       0x30 ./Libraries/XMCLib/src/xmc4_flash.o
 .text.XMC_FLASH_EraseSector
                0x00000000       0x30 ./Libraries/XMCLib/src/xmc4_flash.o
 .text.XMC_FLASH_lRepairPhysicalSectorCommand
                0x00000000       0x58 ./Libraries/XMCLib/src/xmc4_flash.o
[...]
Memory Configuration

Name             Origin             Length             Attributes
FLASH_1_cached   0x08000000         0x00010000         xr
FLASH_1_uncached 0x0c000000         0x00010000         xr
PSRAM_1          0x1ffe8000         0x00018000         !xr
DSRAM_1_system   0x20000000         0x00020000         !xr
DSRAM_2_comm     0x20020000         0x00020000         !xr
SRAM_combined    0x1ffe8000         0x00058000         !xr
*default*        0x00000000         0xffffffff

Linker script and memory map

LOAD ./Startup/startup_XMC4800.o
LOAD ./Startup/system_XMC4800.o
LOAD ./Libraries/XMCLib/src/xmc4_eru.o
LOAD ./Libraries/XMCLib/src/xmc4_flash.o
LOAD ./Libraries/XMCLib/src/xmc4_gpio.o
LOAD ./Libraries/XMCLib/src/xmc4_rtc.o
LOAD ./Libraries/XMCLib/src/xmc4_scu.o
LOAD ./Libraries/XMCLib/src/xmc_can.o
LOAD ./Libraries/XMCLib/src/xmc_ccu4.o
LOAD ./Libraries/XMCLib/src/xmc_ccu8.o
LOAD ./Libraries/XMCLib/src/xmc_common.o
LOAD ./Libraries/XMCLib/src/xmc_dac.o
LOAD ./Libraries/XMCLib/src/xmc_dma.o
LOAD ./Libraries/XMCLib/src/xmc_dsd.o
LOAD ./Libraries/XMCLib/src/xmc_ebu.o
LOAD ./Libraries/XMCLib/src/xmc_ecat.o
LOAD ./Libraries/XMCLib/src/xmc_eru.o
LOAD ./Libraries/XMCLib/src/xmc_eth_mac.o
LOAD ./Libraries/XMCLib/src/xmc_fce.o
LOAD ./Libraries/XMCLib/src/xmc_gpio.o
LOAD ./Libraries/XMCLib/src/xmc_hrpwm.o
LOAD ./Libraries/XMCLib/src/xmc_i2c.o
LOAD ./Libraries/XMCLib/src/xmc_i2s.o
LOAD ./Libraries/XMCLib/src/xmc_ledts.o
LOAD ./Libraries/XMCLib/src/xmc_posif.o
LOAD ./Libraries/XMCLib/src/xmc_rtc.o
LOAD ./Libraries/XMCLib/src/xmc_sdmmc.o
LOAD ./Libraries/XMCLib/src/xmc_spi.o
LOAD ./Libraries/XMCLib/src/xmc_uart.o
LOAD ./Libraries/XMCLib/src/xmc_usbd.o
LOAD ./Libraries/XMCLib/src/xmc_usbh.o
LOAD ./Libraries/XMCLib/src/xmc_usic.o
LOAD ./Libraries/XMCLib/src/xmc_vadc.o
LOAD ./Libraries/XMCLib/src/xmc_wdt.o
LOAD ./Libraries/Newlib/syscalls.o
LOAD ./Dave/Generated/DAVE.o
LOAD ./flashprog.o
LOAD ./main.o
LOAD c:/program files/dave-ide-4.4.2-64bit/eclipse/arm-gcc-49/bin/../lib/gcc/arm-none-eabi/4.9.3/../../../../arm-none-eabi/lib/armv7e-m/softfp\libm.a
START GROUP
LOAD c:/program files/dave-ide-4.4.2-64bit/eclipse/arm-gcc-49/bin/../lib/gcc/arm-none-eabi/4.9.3/armv7e-m/softfp\libgcc.a
LOAD c:/program files/dave-ide-4.4.2-64bit/eclipse/arm-gcc-49/bin/../lib/gcc/arm-none-eabi/4.9.3/../../../../arm-none-eabi/lib/armv7e-m/softfp\libg_nano.a
LOAD c:/program files/dave-ide-4.4.2-64bit/eclipse/arm-gcc-49/bin/../lib/gcc/arm-none-eabi/4.9.3/../../../../arm-none-eabi/lib/armv7e-m/softfp\libc_nano.a
END GROUP
START GROUP
LOAD c:/program files/dave-ide-4.4.2-64bit/eclipse/arm-gcc-49/bin/../lib/gcc/arm-none-eabi/4.9.3/armv7e-m/softfp\libgcc.a
LOAD c:/program files/dave-ide-4.4.2-64bit/eclipse/arm-gcc-49/bin/../lib/gcc/arm-none-eabi/4.9.3/../../../../arm-none-eabi/lib/armv7e-m/softfp\libc_nano.a
LOAD c:/program files/dave-ide-4.4.2-64bit/eclipse/arm-gcc-49/bin/../lib/gcc/arm-none-eabi/4.9.3/../../../../arm-none-eabi/lib/armv7e-m/softfp\libnosys.a
END GROUP
START GROUP
LOAD c:/program files/dave-ide-4.4.2-64bit/eclipse/arm-gcc-49/bin/../lib/gcc/arm-none-eabi/4.9.3/armv7e-m/softfp\libgcc.a
LOAD c:/program files/dave-ide-4.4.2-64bit/eclipse/arm-gcc-49/bin/../lib/gcc/arm-none-eabi/4.9.3/../../../../arm-none-eabi/lib/armv7e-m/softfp\libc_nano.a
LOAD c:/program files/dave-ide-4.4.2-64bit/eclipse/arm-gcc-49/bin/../lib/gcc/arm-none-eabi/4.9.3/../../../../arm-none-eabi/lib/armv7e-m/softfp\libnosys.a
END GROUP
                0x00000800                stack_size = DEFINED (stack_size)?stack_size:0x800
                0x00000040                no_init_size = 0x40

.text           0x08000000      0xfa0 load address 0x0c000000
                0x08000000                sText = .
 *(.reset)
 .reset         0x08000000      0x29c ./Startup/startup_XMC4800.o
                0x08000000                __Vectors
                0x08000200                Reset_Handler
                0x08000298                DSD0_7_IRQHandler
                0x08000298                DebugMon_Handler
                0x08000298                VADC0_C0_0_IRQHandler
                0x08000298                CAN0_4_IRQHandler
                0x08000298                VADC0_G2_0_IRQHandler
                0x08000298                USIC0_5_IRQHandler
                0x08000298                POSIF0_0_IRQHandler
                0x08000298                POSIF1_0_IRQHandler
                0x08000298                HardFault_Handler
                0x08000298                VADC0_G1_1_IRQHandler
                0x08000298                SysTick_Handler
                0x08000298                PendSV_Handler
                0x08000298                NMI_Handler
                0x08000298                USIC1_3_IRQHandler
                0x08000298                CCU40_2_IRQHandler
                0x08000298                SCU_0_IRQHandler
                0x08000298                ERU0_0_IRQHandler
                0x08000298                CCU41_0_IRQHandler
                0x08000298                USIC1_5_IRQHandler
                0x08000298                DSD0_4_IRQHandler
                0x08000298                CCU80_1_IRQHandler
                0x08000298                CCU81_0_IRQHandler
                0x08000298                UsageFault_Handler
                0x08000298                USIC0_0_IRQHandler
                0x08000298                POSIF1_1_IRQHandler
                0x08000298                ERU0_2_IRQHandler
                0x08000298                CCU81_1_IRQHandler
                0x08000298                ERU1_1_IRQHandler
                0x08000298                VADC0_G2_3_IRQHandler
                0x08000298                VADC0_G2_2_IRQHandler
                0x08000298                CCU42_3_IRQHandler
                0x08000298                ERU0_3_IRQHandler
                0x08000298                DSD0_5_IRQHandler
                0x08000298                VADC0_C0_3_IRQHandler
                0x08000298                CAN0_6_IRQHandler
                0x08000298                CCU43_0_IRQHandler
                0x08000298                VADC0_G0_1_IRQHandler
                0x08000298                CCU81_2_IRQHandler
                0x08000298                USIC2_4_IRQHandler
                0x08000298                CCU81_3_IRQHandler
                0x08000298                CCU42_1_IRQHandler
                0x08000298                USIC1_1_IRQHandler
                0x08000298                USIC2_5_IRQHandler
                0x08000298                CCU40_0_IRQHandler
                0x08000298                CAN0_0_IRQHandler
                0x08000298                ERU1_0_IRQHandler
                0x08000298                CCU42_2_IRQHandler
                0x08000298                Default_Handler
                0x08000298                USIC1_4_IRQHandler
                0x08000298                ERU1_3_IRQHandler
                0x08000298                USIC1_0_IRQHandler
                0x08000298                POSIF0_1_IRQHandler
                0x08000298                VADC0_G0_0_IRQHandler
                0x08000298                DSD0_2_IRQHandler
                0x08000298                CCU80_3_IRQHandler
                0x08000298                CCU41_3_IRQHandler
                0x08000298                CCU80_2_IRQHandler
                0x08000298                VADC0_G1_3_IRQHandler
                0x08000298                VADC0_G0_3_IRQHandler
                0x08000298                GPDMA0_0_IRQHandler
                0x08000298                PMU0_0_IRQHandler
                0x08000298                CAN0_7_IRQHandler
                0x08000298                DSD0_1_IRQHandler
                0x08000298                CCU41_2_IRQHandler
                0x08000298                VADC0_C0_1_IRQHandler
                0x08000298                CCU43_2_IRQHandler
                0x08000298                USIC2_2_IRQHandler
                0x08000298                MemManage_Handler
                0x08000298                VADC0_G3_1_IRQHandler
                0x08000298                DAC0_0_IRQHandler
                0x08000298                SVC_Handler
                0x08000298                VADC0_G3_3_IRQHandler
                0x08000298                ERU1_2_IRQHandler
                0x08000298                CCU41_1_IRQHandler
                0x08000298                DSD0_6_IRQHandler
                0x08000298                CCU43_1_IRQHandler
                0x08000298                VADC0_G1_2_IRQHandler
                0x08000298                USIC2_3_IRQHandler
                0x08000298                CAN0_2_IRQHandler
                0x08000298                USIC2_0_IRQHandler
                0x08000298                VADC0_G0_2_IRQHandler
                0x08000298                ECAT0_0_IRQHandler
                0x08000298                VADC0_G2_1_IRQHandler
                0x08000298                CAN0_3_IRQHandler
                0x08000298                ETH0_0_IRQHandler
                0x08000298                USIC0_3_IRQHandler
                0x08000298                DSD0_0_IRQHandler
                0x08000298                VADC0_C0_2_IRQHandler
                0x08000298                CCU42_0_IRQHandler
                0x08000298                FCE0_0_IRQHandler
                0x08000298                VADC0_G1_0_IRQHandler
                0x08000298                USB0_0_IRQHandler
                0x08000298                CAN0_5_IRQHandler
                0x08000298                CCU80_0_IRQHandler
                0x08000298                CCU40_1_IRQHandler
                0x08000298                USIC2_1_IRQHandler
                0x08000298                USIC0_1_IRQHandler
                0x08000298                VADC0_G3_2_IRQHandler
                0x08000298                CCU40_3_IRQHandler
                0x08000298                BusFault_Handler
                0x08000298                LEDTS0_0_IRQHandler
                0x08000298                USIC0_4_IRQHandler
                0x08000298                CCU43_3_IRQHandler
                0x08000298                ERU0_1_IRQHandler
                0x08000298                VADC0_G3_0_IRQHandler
                0x08000298                USIC1_2_IRQHandler
                0x08000298                DSD0_3_IRQHandler
                0x08000298                SDMMC0_0_IRQHandler
                0x08000298                CAN0_1_IRQHandler
                0x08000298                USIC0_2_IRQHandler
                0x08000298                DAC0_1_IRQHandler
                0x08000298                GPDMA1_0_IRQHandler
 *(.text .text.* .gnu.linkonce.t.*)
 .text.delay    0x0800029c       0x28 ./Startup/system_XMC4800.o
 .text.SystemInit
                0x080002c4       0x20 ./Startup/system_XMC4800.o
                0x080002c4                SystemInit
 .text.SystemCoreSetup
                0x080002e4       0x70 ./Startup/system_XMC4800.o
                0x080002e4                SystemCoreSetup
 .text.SystemCoreClockSetup
                0x08000354      0x2e0 ./Startup/system_XMC4800.o
                0x08000354                SystemCoreClockSetup
 .text.SystemCoreClockUpdate
                0x08000634       0xd4 ./Startup/system_XMC4800.o
                0x08000634                SystemCoreClockUpdate
 .text.OSCHP_GetFrequency
                0x08000708       0x14 ./Startup/system_XMC4800.o
                0x08000708                OSCHP_GetFrequency
 .text.XMC_FLASH_lEnterPageModeCommand
                0x0800071c       0x20 ./Libraries/XMCLib/src/xmc4_flash.o
                0x0800071c                XMC_FLASH_lEnterPageModeCommand
 .text.XMC_FLASH_lLoadPageCommand
                0x0800073c       0x30 ./Libraries/XMCLib/src/xmc4_flash.o
                0x0800073c                XMC_FLASH_lLoadPageCommand
 .text.XMC_FLASH_lWritePageCommand
                0x0800076c       0x44 ./Libraries/XMCLib/src/xmc4_flash.o
                0x0800076c                XMC_FLASH_lWritePageCommand
 .text.XMC_FLASH_lClearStatusCommand
                0x080007b0       0x20 ./Libraries/XMCLib/src/xmc4_flash.o
                0x080007b0                XMC_FLASH_lClearStatusCommand
 .text.XMC_FLASH_ProgramPage
                0x080007d0       0x68 ./Libraries/XMCLib/src/xmc4_flash.o
                0x080007d0                XMC_FLASH_ProgramPage
 .text.XMC_FLASH_lErasePhysicalSectorCommand
                0x08000838       0x58 ./Libraries/XMCLib/src/xmc4_flash.o
                0x08000838                XMC_FLASH_lErasePhysicalSectorCommand
 .text.XMC_FLASH_ErasePhysicalSector
                0x08000890       0x30 ./Libraries/XMCLib/src/xmc4_flash.o
                0x08000890                XMC_FLASH_ErasePhysicalSector
 .text.XMC_SCU_SetBootMode
                0x080008c0       0x20 ./Libraries/XMCLib/src/xmc4_scu.o
                0x080008c0                XMC_SCU_SetBootMode
 .text.XMC_SCU_RESET_DeassertPeripheralReset
                0x080008e0       0x38 ./Libraries/XMCLib/src/xmc4_scu.o
                0x080008e0                XMC_SCU_RESET_DeassertPeripheralReset
 .text.XMC_SCU_CLOCK_UngatePeripheralClock
                0x08000918       0x38 ./Libraries/XMCLib/src/xmc4_scu.o
                0x08000918                XMC_SCU_CLOCK_UngatePeripheralClock
 .text.XMC_FCE_Init
                0x08000950       0x2c ./Libraries/XMCLib/src/xmc_fce.o
                0x08000950                XMC_FCE_Init
 .text.XMC_FCE_Enable
                0x0800097c       0x28 ./Libraries/XMCLib/src/xmc_fce.o
                0x0800097c                XMC_FCE_Enable
 .text.XMC_FCE_CalculateCRC32
                0x080009a4       0x64 ./Libraries/XMCLib/src/xmc_fce.o
                0x080009a4                XMC_FCE_CalculateCRC32
 .text._init    0x08000a08        0xc ./Libraries/Newlib/syscalls.o
                0x08000a08                _init
 .text.XMC_FCE_GetCRCResult
                0x08000a14       0x20 ./flashprog.o
 .text.Flash_lGetPhysicalSector
                0x08000a34       0x54 ./flashprog.o
                0x08000a34                Flash_lGetPhysicalSector
 .text.Flash_lGetPhysicalSectorNumber
                0x08000a88       0x40 ./flashprog.o
                0x08000a88                Flash_lGetPhysicalSectorNumber
 .text.Flash_lGetPhysicalSectorAddress
                0x08000ac8       0x24 ./flashprog.o
                0x08000ac8                Flash_lGetPhysicalSectorAddress
 .text.Flash_lCheckPhysicalSectorNumberInRange
                0x08000aec       0x94 ./flashprog.o
                0x08000aec                Flash_lCheckPhysicalSectorNumberInRange
 .text.FLASHPROG_Init
                0x08000b80       0x78 ./flashprog.o
                0x08000b80                FLASHPROG_Init
 .text.FLASHPROG_Data
                0x08000bf8      0x148 ./flashprog.o
                0x08000bf8                FLASHPROG_Data
 .text.FLASHPROG_Close
                0x08000d40       0x58 ./flashprog.o
                0x08000d40                FLASHPROG_Close
 .text.FLASHPROG_Delete_physical_sector
                0x08000d98       0x14 ./flashprog.o
                0x08000d98                FLASHPROG_Delete_physical_sector
 .text.FLASHPROG_Delete_physical_sectors
                0x08000dac       0x44 ./flashprog.o
                0x08000dac                FLASHPROG_Delete_physical_sectors
 .text.FLASHPROG_CRC32_check
                0x08000df0       0x68 ./flashprog.o
                0x08000df0                FLASHPROG_CRC32_check
 .text.XMC_SCU_RESET_ClearDeviceResetReason
                0x08000e58       0x18 ./main.o
 .text.BL_FlashABM0_Restart
                0x08000e70       0x20 ./main.o
                0x08000e70                BL_FlashABM0_Restart
 .text.BL_Normal_Restart
                0x08000e90       0x20 ./main.o
                0x08000e90                BL_Normal_Restart
 .text.main     0x08000eb0       0xa4 ./main.o
                0x08000eb0                main
 .text.__libc_init_array
                0x08000f54       0x4c c:/program files/dave-ide-4.4.2-64bit/eclipse/arm-gcc-49/bin/../lib/gcc/arm-none-eabi/4.9.3/../../../../arm-none-eabi/lib/armv7e-m/softfp\libg_nano.a(lib_a-init.o)
                0x08000f54                __libc_init_array
 *(.init)
 *(.fini)
 *crtbegin.o(.ctors)
 *crtbegin?.o(.ctors)
 *(EXCLUDE_FILE(*crtend.o *crtend?.o) .ctors)
 *(SORT(.ctors.*))
 *(.ctors)
 *crtbegin.o(.dtors)
 *crtbegin?.o(.dtors)
 *(EXCLUDE_FILE(*crtend.o *crtend?.o) .dtors)
 *(SORT(.dtors.*))
 *(.dtors)
 *(.rodata .rodata.*)
 *(.gnu.linkonce.r*)

.glue_7         0x08000fa0        0x0 load address 0x0c000fa0
 .glue_7        0x00000000        0x0 linker stubs

.glue_7t        0x08000fa0        0x0 load address 0x0c000fa0
 .glue_7t       0x00000000        0x0 linker stubs

.vfp11_veneer   0x08000fa0        0x0 load address 0x0c000fa0
 .vfp11_veneer  0x00000000        0x0 linker stubs

.v4_bx          0x08000fa0        0x0 load address 0x0c000fa0
 .v4_bx         0x00000000        0x0 linker stubs

.iplt           0x08000fa0        0x0 load address 0x0c000fa0
 .iplt          0x00000000        0x0 ./Startup/startup_XMC4800.o

.eh_frame_hdr
 *(.eh_frame_hdr)

.eh_frame
 *(.eh_frame)

.ARM.extab
 *(.ARM.extab* .gnu.linkonce.armextab.*)
                0x08000fa0                . = ALIGN (0x4)
                0x08000fa0                __exidx_start = .

.ARM.exidx
 *(.ARM.exidx* .gnu.linkonce.armexidx.*)
                0x08000fa0                __exidx_end = .
                0x08000fa0                . = ALIGN (0x4)

.abm            0x0800ffe0       0x14 load address 0x0c00ffe0
 *(.flash_abm)
 .flash_abm     0x0800ffe0       0x14 ./main.o

.rel.dyn        0x0800fff4        0x0 load address 0x0c00fff4
 .rel.iplt      0x00000000        0x0 ./Startup/startup_XMC4800.o

Stack           0x1ffe8000      0x800
                0x1ffe8000                __stack_start = .
                0x1ffe8800                . = (. + stack_size)
 *fill*         0x1ffe8000      0x800 
                0x1ffe8800                __stack_end = .
                0x1ffe8800                __initial_sp = .

.ram_code       0x1ffe8800        0x0 load address 0x0c000fa0
                0x1ffe8800                . = ALIGN (0x4)
                0x1ffe8800                __ram_code_start = .
 *(.ram_code)
                0x1ffe8800                . = ALIGN (0x4)
                0x1ffe8800                __ram_code_end = .
                0x0c000fa0                __ram_code_load = LOADADDR (.ram_code)
                0x00000000                __ram_code_size = (__ram_code_end - __ram_code_start)

.data           0x1ffe8800       0x38 load address 0x0c000fa0
                0x1ffe8800                . = ALIGN (0x4)
                0x1ffe8800                __data_start = .
 *(vtable)
 *(.data)
 *(.data*)
 .data.physical_sector_addresses
                0x1ffe8800       0x2c ./flashprog.o
                0x1ffe8800                physical_sector_addresses
 .data.FCE_config0
                0x1ffe882c        0xc ./flashprog.o
 *(*.data)
 *(.gnu.linkonce.d*)
                0x1ffe8838                . = ALIGN (0x4)
                0x1ffe8838                PROVIDE (__preinit_array_start, .)
 *(.preinit_array)
                0x1ffe8838                PROVIDE (__preinit_array_end, .)
                0x1ffe8838                . = ALIGN (0x4)
                0x1ffe8838                PROVIDE (__init_array_start, .)
 *(SORT(.init_array.*))
 *(.init_array)
                0x1ffe8838                PROVIDE (__init_array_end, .)
                0x1ffe8838                . = ALIGN (0x4)
                0x1ffe8838                PROVIDE (__fini_array_start, .)
 *(SORT(.fini_array.*))
 *(.fini_array)
                0x1ffe8838                PROVIDE (__fini_array_end, .)
                0x1ffe8838                . = ALIGN (0x4)
                0x1ffe8838                __data_end = .
                0x0c000fa0                __data_load = LOADADDR (.data)
                0x00000038                __data_size = (__data_end - __data_start)

.igot.plt       0x1ffe8838        0x0 load address 0x0c000fd8
 .igot.plt      0x00000000        0x0 ./Startup/startup_XMC4800.o

.bss            0x1ffe8838      0x118 load address 0x0c000fd8
                0x1ffe8838                . = ALIGN (0x4)
                0x1ffe8838                __bss_start = .
 *(.bss)
 *(.bss*)
 .bss.gl_flash_write_address
                0x1ffe8838        0x4 ./flashprog.o
 .bss.gl_flash_write_start_address
                0x1ffe883c        0x4 ./flashprog.o
 .bss.gl_flash_bytes_written
                0x1ffe8840        0x4 ./flashprog.o
 .bss.gl_flash_check_prog
                0x1ffe8844        0x1 ./flashprog.o
 *fill*         0x1ffe8845        0x1 
 .bss.gl_flash_erased
                0x1ffe8846        0x2 ./flashprog.o
 .bss.gl_flash_max_size
                0x1ffe8848        0x4 ./flashprog.o
 .bss.gl_flash_page_prep
                0x1ffe884c      0x100 ./flashprog.o
 .bss.gl_flash_page_prep_index
                0x1ffe894c        0x4 ./flashprog.o
 *(COMMON)
 *(.gnu.linkonce.b*)
                0x1ffe8950                . = ALIGN (0x4)
                0x1ffe8950                __bss_end = .
                0x00000118                __bss_size = (__bss_end - __bss_start)
                0x000176b0                __shift_loc = (__bss_end >= ORIGIN (DSRAM_1_system))?0x0:(ORIGIN (DSRAM_1_system) - __bss_end)

USB_RAM         0x20000000        0x0
                0x20000000                . = ALIGN (0x4)
                0x20000000                USB_RAM_start = .
 *(USB_RAM)
                0x20000000                . = ALIGN (0x4)
                0x20000000                USB_RAM_end = .
                0x00000000                USB_RAM_size = (USB_RAM_end - USB_RAM_start)

ETH_RAM         0x20000000        0x0
                0x20000000                . = ALIGN (0x4)
                0x20000000                ETH_RAM_start = .
 *(ETH_RAM)
                0x20000000                . = ALIGN (0x4)
                0x20000000                ETH_RAM_end = .
                0x20000000                . = ALIGN (0x8)
                0x20000000                Heap_Bank1_Start = .
                0x00000000                ETH_RAM_size = (ETH_RAM_end - ETH_RAM_start)

.no_init        0x2003ffc0       0x14
                0x2003ffc0                Heap_Bank1_End = .
 *(.no_init)
 .no_init       0x2003ffc0       0x14 ./Startup/system_XMC4800.o
                0x2003ffc0                SystemCoreClock
                0x2003ffc4                g_chipid
                0x0003ffc0                Heap_Bank1_Size = (Heap_Bank1_End - Heap_Bank1_Start)
                0x00000001                ASSERT ((Heap_Bank1_Start <= Heap_Bank1_End), region SRAM_combined overflowed no_init section)

/DISCARD/
 *(.comment)

.stab
 *(.stab)

.stabstr
 *(.stabstr)

.debug
 *(.debug)

.line
 *(.line)

.debug_srcinfo
 *(.debug_srcinfo)

.debug_sfnames
 *(.debug_sfnames)

.debug_aranges  0x00000000      0x670
 *(.debug_aranges)
 .debug_aranges
                0x00000000       0x20 ./Startup/startup_XMC4800.o
 .debug_aranges
                0x00000020       0x48 ./Startup/system_XMC4800.o
 .debug_aranges
                0x00000068       0xe0 ./Libraries/XMCLib/src/xmc4_flash.o
 .debug_aranges
                0x00000148      0x3f0 ./Libraries/XMCLib/src/xmc4_scu.o
 .debug_aranges
                0x00000538       0x60 ./Libraries/XMCLib/src/xmc_fce.o
 .debug_aranges
                0x00000598       0x28 ./Libraries/Newlib/syscalls.o
 .debug_aranges
                0x000005c0       0x78 ./flashprog.o
 .debug_aranges
                0x00000638       0x38 ./main.o

.debug_pubnames
 *(.debug_pubnames)

.debug_pubtypes
 *(.debug_pubtypes)

.debug_info     0x00000000     0x4f91
 *(.debug_info .gnu.linkonce.wi.*)
 .debug_info    0x00000000       0x87 ./Startup/startup_XMC4800.o
 .debug_info    0x00000087      0x942 ./Startup/system_XMC4800.o
 .debug_info    0x000009c9      0x849 ./Libraries/XMCLib/src/xmc4_flash.o
 .debug_info    0x00001212     0x23fa ./Libraries/XMCLib/src/xmc4_scu.o
 .debug_info    0x0000360c      0x7a4 ./Libraries/XMCLib/src/xmc_fce.o
 .debug_info    0x00003db0      0x11f ./Libraries/Newlib/syscalls.o
 .debug_info    0x00003ecf      0x696 ./flashprog.o
 .debug_info    0x00004565      0xa2c ./main.o

.debug_abbrev   0x00000000      0xc50
 *(.debug_abbrev)
 .debug_abbrev  0x00000000       0x14 ./Startup/startup_XMC4800.o
 .debug_abbrev  0x00000014      0x1a1 ./Startup/system_XMC4800.o
 .debug_abbrev  0x000001b5      0x1c2 ./Libraries/XMCLib/src/xmc4_flash.o
 .debug_abbrev  0x00000377      0x2a7 ./Libraries/XMCLib/src/xmc4_scu.o
 .debug_abbrev  0x0000061e      0x1a7 ./Libraries/XMCLib/src/xmc_fce.o
 .debug_abbrev  0x000007c5       0xbd ./Libraries/Newlib/syscalls.o
 .debug_abbrev  0x00000882      0x26d ./flashprog.o
 .debug_abbrev  0x00000aef      0x161 ./main.o

.debug_line     0x00000000     0x2174
 *(.debug_line)
 .debug_line    0x00000000       0x87 ./Startup/startup_XMC4800.o
 .debug_line    0x00000087      0x310 ./Startup/system_XMC4800.o
 .debug_line    0x00000397      0x4fb ./Libraries/XMCLib/src/xmc4_flash.o
 .debug_line    0x00000892      0xe22 ./Libraries/XMCLib/src/xmc4_scu.o
 .debug_line    0x000016b4      0x381 ./Libraries/XMCLib/src/xmc_fce.o
 .debug_line    0x00001a35       0xc8 ./Libraries/Newlib/syscalls.o
 .debug_line    0x00001afd      0x3bc ./flashprog.o
 .debug_line    0x00001eb9      0x2bb ./main.o

.debug_frame    0x00000000     0x1bb4
 *(.debug_frame)
 .debug_frame   0x00000000       0xec ./Startup/system_XMC4800.o
 .debug_frame   0x000000ec      0x3dc ./Libraries/XMCLib/src/xmc4_flash.o
 .debug_frame   0x000004c8     0x1290 ./Libraries/XMCLib/src/xmc4_scu.o
 .debug_frame   0x00001758      0x160 ./Libraries/XMCLib/src/xmc_fce.o
 .debug_frame   0x000018b8       0x5c ./Libraries/Newlib/syscalls.o
 .debug_frame   0x00001914      0x1e0 ./flashprog.o
 .debug_frame   0x00001af4       0x94 ./main.o
 .debug_frame   0x00001b88       0x2c c:/program files/dave-ide-4.4.2-64bit/eclipse/arm-gcc-49/bin/../lib/gcc/arm-none-eabi/4.9.3/../../../../arm-none-eabi/lib/armv7e-m/softfp\libg_nano.a(lib_a-init.o)

.debug_str      0x00000000     0x3c23
 *(.debug_str)
 .debug_str     0x00000000      0x55e ./Startup/system_XMC4800.o
                                0x5ca (size before relaxing)
 .debug_str     0x0000055e      0x896 ./Libraries/XMCLib/src/xmc4_flash.o
                                0xb06 (size before relaxing)
 .debug_str     0x00000df4     0x243b ./Libraries/XMCLib/src/xmc4_scu.o
                               0x2904 (size before relaxing)
 .debug_str     0x0000322f      0x2a5 ./Libraries/XMCLib/src/xmc_fce.o
                                0xb88 (size before relaxing)
 .debug_str     0x000034d4       0x75 ./Libraries/Newlib/syscalls.o
                                0x222 (size before relaxing)
 .debug_str     0x00003549      0x2d6 ./flashprog.o
                                0x656 (size before relaxing)
 .debug_str     0x0000381f      0x404 ./main.o
                                0x7c4 (size before relaxing)

.debug_loc      0x00000000     0x38e4
 *(.debug_loc)
 .debug_loc     0x00000000      0x1a4 ./Startup/system_XMC4800.o
 .debug_loc     0x000001a4      0x830 ./Libraries/XMCLib/src/xmc4_flash.o
 .debug_loc     0x000009d4     0x26dc ./Libraries/XMCLib/src/xmc4_scu.o
 .debug_loc     0x000030b0      0x2dc ./Libraries/XMCLib/src/xmc_fce.o
 .debug_loc     0x0000338c       0x94 ./Libraries/Newlib/syscalls.o
 .debug_loc     0x00003420      0x3d8 ./flashprog.o
 .debug_loc     0x000037f8       0xec ./main.o

.debug_macinfo
 *(.debug_macinfo)

.debug_ranges   0x00000000      0x5e0
 *(.debug_ranges)
 .debug_ranges  0x00000000       0x38 ./Startup/system_XMC4800.o
 .debug_ranges  0x00000038       0xd0 ./Libraries/XMCLib/src/xmc4_flash.o
 .debug_ranges  0x00000108      0x3e0 ./Libraries/XMCLib/src/xmc4_scu.o
 .debug_ranges  0x000004e8       0x50 ./Libraries/XMCLib/src/xmc_fce.o
 .debug_ranges  0x00000538       0x18 ./Libraries/Newlib/syscalls.o
 .debug_ranges  0x00000550       0x68 ./flashprog.o
 .debug_ranges  0x000005b8       0x28 ./main.o

.debug_weaknames
 *(.debug_weaknames)

.debug_funcnames
 *(.debug_funcnames)

.debug_typenames
 *(.debug_typenames)

.debug_varnames
 *(.debug_varnames)

.build_attributes
                0x00000000      0x1d8
 *(.ARM.attributes)
 .ARM.attributes
                0x00000000       0x25 ./Startup/startup_XMC4800.o
 .ARM.attributes
                0x00000025       0x37 ./Startup/system_XMC4800.o
 .ARM.attributes
                0x0000005c       0x37 ./Libraries/XMCLib/src/xmc4_flash.o
 .ARM.attributes
                0x00000093       0x37 ./Libraries/XMCLib/src/xmc4_scu.o
 .ARM.attributes
                0x000000ca       0x37 ./Libraries/XMCLib/src/xmc_fce.o
 .ARM.attributes
                0x00000101       0x37 ./Libraries/Newlib/syscalls.o
 .ARM.attributes
                0x00000138       0x37 ./flashprog.o
 .ARM.attributes
                0x0000016f       0x37 ./main.o
 .ARM.attributes
                0x000001a6       0x32 c:/program files/dave-ide-4.4.2-64bit/eclipse/arm-gcc-49/bin/../lib/gcc/arm-none-eabi/4.9.3/../../../../arm-none-eabi/lib/armv7e-m/softfp\libg_nano.a(lib_a-init.o)
OUTPUT(ETHCAT_FWUPDATE_BOOTLOADER_XMC48.elf elf32-littlearm)
